Archive member included to satisfy reference by file (symbol)

/usr/lib/gcc/arm-none-eabi/10.3.1/libgcc.a(_thumb1_case_sqi.o)
                              obj/iso14443b.o (__gnu_thumb1_case_sqi)
/usr/lib/gcc/arm-none-eabi/10.3.1/libgcc.a(_thumb1_case_uqi.o)
                              obj/iso15693.o (__gnu_thumb1_case_uqi)
/usr/lib/gcc/arm-none-eabi/10.3.1/libgcc.a(_thumb1_case_shi.o)
                              obj/iso14443b.o (__gnu_thumb1_case_shi)
/usr/lib/gcc/arm-none-eabi/10.3.1/libgcc.a(_thumb1_case_uhi.o)
                              obj/hitag2.o (__gnu_thumb1_case_uhi)
/usr/lib/gcc/arm-none-eabi/10.3.1/libgcc.a(_thumb1_case_si.o)
                              obj/appmain.o (__gnu_thumb1_case_si)
/usr/lib/gcc/arm-none-eabi/10.3.1/libgcc.a(_udivsi3.o)
                              obj/lfsampling.o (__aeabi_uidiv)
/usr/lib/gcc/arm-none-eabi/10.3.1/libgcc.a(_divsi3.o)
                              obj/lfops.o (__aeabi_idiv)
/usr/lib/gcc/arm-none-eabi/10.3.1/libgcc.a(_dvmd_tls.o)
                              /usr/lib/gcc/arm-none-eabi/10.3.1/libgcc.a(_udivsi3.o) (__aeabi_idiv0)
/usr/lib/gcc/arm-none-eabi/10.3.1/libgcc.a(_lshrdi3.o)
                              obj/hitag2_crypto.o (__aeabi_llsr)
/usr/lib/gcc/arm-none-eabi/10.3.1/libgcc.a(_ashldi3.o)
                              obj/hitag2_crypto.o (__aeabi_llsl)
/usr/lib/gcc/arm-none-eabi/10.3.1/libgcc.a(_ctzsi2.o)
                              obj/lz4.o (__ctzsi2)
/usr/lib/gcc/arm-none-eabi/10.3.1/libgcc.a(_aeabi_ldivmod.o)
                              obj/commonutil.o (__aeabi_ldivmod)
/usr/lib/gcc/arm-none-eabi/10.3.1/libgcc.a(_aeabi_uldivmod.o)
                              obj/printf.o (__aeabi_uldivmod)
/usr/lib/gcc/arm-none-eabi/10.3.1/libgcc.a(_muldi3.o)
                              obj/lfops.o (__aeabi_lmul)
/usr/lib/gcc/arm-none-eabi/10.3.1/libgcc.a(_paritysi2.o)
                              obj/lfdemod.o (__paritysi2)
/usr/lib/gcc/arm-none-eabi/10.3.1/libgcc.a(_bswapsi2.o)
                              obj/generator.o (__bswapsi2)
/usr/lib/gcc/arm-none-eabi/10.3.1/libgcc.a(_bswapdi2.o)
                              obj/generator.o (__bswapdi2)
/usr/lib/gcc/arm-none-eabi/10.3.1/libgcc.a(_udivmoddi4.o)
                              /usr/lib/gcc/arm-none-eabi/10.3.1/libgcc.a(_aeabi_ldivmod.o) (__udivmoddi4)
/usr/lib/gcc/arm-none-eabi/10.3.1/libgcc.a(_clzdi2.o)
                              /usr/lib/gcc/arm-none-eabi/10.3.1/libgcc.a(_udivmoddi4.o) (__clzdi2)
/usr/lib/gcc/arm-none-eabi/10.3.1/libgcc.a(_clzsi2.o)
                              /usr/lib/gcc/arm-none-eabi/10.3.1/libgcc.a(_clzdi2.o) (__clzsi2)

Discarded input sections

 .text          0x0000000000000000        0x0 obj/version_pm3.o
 .data          0x0000000000000000        0x0 obj/version_pm3.o
 .bss           0x0000000000000000        0x0 obj/version_pm3.o
 .text          0x0000000000000000        0x0 obj/fpga_version_info.o
 .data          0x0000000000000000        0x0 obj/fpga_version_info.o
 .bss           0x0000000000000000        0x0 obj/fpga_version_info.o
 .text          0x0000000000000000        0x0 obj/start.o
 .data          0x0000000000000000        0x0 obj/start.o
 .bss           0x0000000000000000        0x0 obj/start.o
 .text          0x0000000000000000        0x0 obj/iso15693.o
 .data          0x0000000000000000        0x0 obj/iso15693.o
 .bss           0x0000000000000000        0x0 obj/iso15693.o
 .text          0x0000000000000000        0x0 obj/iso15693tools.o
 .data          0x0000000000000000        0x0 obj/iso15693tools.o
 .bss           0x0000000000000000        0x0 obj/iso15693tools.o
 .text          0x0000000000000000        0x0 obj/thinfilm.o
 .data          0x0000000000000000        0x0 obj/thinfilm.o
 .bss           0x0000000000000000        0x0 obj/thinfilm.o
 .text          0x0000000000000000        0x0 obj/lfops.o
 .data          0x0000000000000000        0x0 obj/lfops.o
 .bss           0x0000000000000000        0x0 obj/lfops.o
 .text.getT55xxConfig
                0x0000000000000000        0x8 obj/lfops.o
 .text          0x0000000000000000        0x0 obj/lfsampling.o
 .data          0x0000000000000000        0x0 obj/lfsampling.o
 .bss           0x0000000000000000        0x0 obj/lfsampling.o
 .rodata.doT55x7Acquisition.str1.1
                0x0000000000000000       0x20 obj/lfsampling.o
 .text.doT55x7Acquisition
                0x0000000000000000      0x144 obj/lfsampling.o
 .text          0x0000000000000000        0x0 obj/pcf7931.o
 .data          0x0000000000000000        0x0 obj/pcf7931.o
 .bss           0x0000000000000000        0x0 obj/pcf7931.o
 .text          0x0000000000000000        0x0 obj/lfdemod.o
 .data          0x0000000000000000        0x0 obj/lfdemod.o
 .bss           0x0000000000000000        0x0 obj/lfdemod.o
 .text.findST   0x0000000000000000       0xbe obj/lfdemod.o
 .text.getSignalProperties
                0x0000000000000000        0x8 obj/lfdemod.o
 .text.parityTest
[...]
Memory Configuration

Name             Origin             Length             Attributes
bootphase1       0x0000000000100000 0x0000000000000200
bootphase2       0x0000000000100200 0x0000000000001e00
osimage          0x0000000000102000 0x000000000007e000
ram              0x0000000000200000 0x000000000000ffe0
stack            0x000000000020deb8 0x0000000000002128
commonarea       0x000000000020ffe0 0x0000000000000020
*default*        0x0000000000000000 0xffffffffffffffff

Linker script and memory map

                0x0000000000002128                stacksize = DEFINED (stacksize)?stacksize:0x2128
                0x0000000000000020                commonareasize = 0x20
                0x00000000001001fc                _bootphase1_version_pointer = ((ORIGIN (bootphase1) + LENGTH (bootphase1)) - 0x4)
                0x0000000000102000                _osimage_entry = ORIGIN (osimage)
                0x0000000000100000                _bootrom_start = ORIGIN (bootphase1)
                0x0000000000102000                _bootrom_end = (ORIGIN (bootphase2) + LENGTH (bootphase2))
                0x0000000000100000                _flash_start = ORIGIN (bootphase1)
                0x0000000000180000                _flash_end = (ORIGIN (osimage) + LENGTH (osimage))
                0x000000000020deb8                _stack_start = ORIGIN (stack)
                0x000000000020ffd8                _stack_end = ((ORIGIN (ram) + LENGTH (ram)) - 0x8)

.start          0x0000000000102000      0x120
 *(.startos)
 .startos       0x0000000000102000      0x120 obj/start.o
                0x0000000000102000                Vector

.text           0x0000000000102120    0x313b0
 *(.text)
 .text          0x0000000000102120       0x14 /usr/lib/gcc/arm-none-eabi/10.3.1/libgcc.a(_thumb1_case_sqi.o)
                0x0000000000102120                __gnu_thumb1_case_sqi
 .text          0x0000000000102134       0x14 /usr/lib/gcc/arm-none-eabi/10.3.1/libgcc.a(_thumb1_case_uqi.o)
                0x0000000000102134                __gnu_thumb1_case_uqi
 .text          0x0000000000102148       0x14 /usr/lib/gcc/arm-none-eabi/10.3.1/libgcc.a(_thumb1_case_shi.o)
                0x0000000000102148                __gnu_thumb1_case_shi
 .text          0x000000000010215c       0x14 /usr/lib/gcc/arm-none-eabi/10.3.1/libgcc.a(_thumb1_case_uhi.o)
                0x000000000010215c                __gnu_thumb1_case_uhi
 .text          0x0000000000102170       0x18 /usr/lib/gcc/arm-none-eabi/10.3.1/libgcc.a(_thumb1_case_si.o)
                0x0000000000102170                __gnu_thumb1_case_si
 .text          0x0000000000102188      0x114 /usr/lib/gcc/arm-none-eabi/10.3.1/libgcc.a(_udivsi3.o)
                0x0000000000102188                __udivsi3
                0x0000000000102188                __aeabi_uidiv
                0x000000000010227c                __aeabi_uidivmod
 .text          0x000000000010229c      0x148 /usr/lib/gcc/arm-none-eabi/10.3.1/libgcc.a(_divsi3.o)
                0x000000000010229c                __aeabi_idiv
                0x000000000010229c                __divsi3
                0x00000000001023c4                __aeabi_idivmod
 .text          0x00000000001023e4        0x4 /usr/lib/gcc/arm-none-eabi/10.3.1/libgcc.a(_dvmd_tls.o)
                0x00000000001023e4                __aeabi_ldiv0
                0x00000000001023e4                __aeabi_idiv0
 .text          0x00000000001023e8       0x1c /usr/lib/gcc/arm-none-eabi/10.3.1/libgcc.a(_lshrdi3.o)
                0x00000000001023e8                __aeabi_llsr
                0x00000000001023e8                __lshrdi3
 .text          0x0000000000102404       0x1c /usr/lib/gcc/arm-none-eabi/10.3.1/libgcc.a(_ashldi3.o)
                0x0000000000102404                __ashldi3
                0x0000000000102404                __aeabi_llsl
 .text          0x0000000000102420       0x3c /usr/lib/gcc/arm-none-eabi/10.3.1/libgcc.a(_aeabi_uldivmod.o)
                0x0000000000102420                __aeabi_uldivmod
 .text          0x000000000010245c       0x1c /usr/lib/gcc/arm-none-eabi/10.3.1/libgcc.a(_muldi3.o)
                0x000000000010245c                __aeabi_lmul
                0x000000000010245c                __muldi3
 .text          0x0000000000102478       0x24 /usr/lib/gcc/arm-none-eabi/10.3.1/libgcc.a(_paritysi2.o)
                0x0000000000102478                __paritysi2
 .text          0x000000000010249c      0x128 /usr/lib/gcc/arm-none-eabi/10.3.1/libgcc.a(_udivmoddi4.o)
                0x000000000010249c                __udivmoddi4
 .text          0x00000000001025c4       0x28 /usr/lib/gcc/arm-none-eabi/10.3.1/libgcc.a(_clzdi2.o)
                0x00000000001025c4                __clzdi2
 .text          0x00000000001025ec       0x48 /usr/lib/gcc/arm-none-eabi/10.3.1/libgcc.a(_clzsi2.o)
                0x00000000001025ec                __clzsi2
 *(.text.*)
 .text.BuildIdentifyRequest
                0x0000000000102634       0x24 obj/iso15693.o
 .text.init_password_15693_Slix
                0x0000000000102658       0x32 obj/iso15693.o
 *fill*         0x000000000010268a        0x2 
 .text.CodeIso15693AsReader
                0x000000000010268c       0xa4 obj/iso15693.o
                0x000000000010268c                CodeIso15693AsReader
 .text.CodeIso15693AsTag
                0x0000000000102730       0x64 obj/iso15693.o
                0x0000000000102730                CodeIso15693AsTag
 .text.TransmitTo15693Tag
                0x0000000000102794       0xe0 obj/iso15693.o
                0x0000000000102794                TransmitTo15693Tag
 .text.TransmitTo15693Reader
                0x0000000000102874      0x11c obj/iso15693.o
                0x0000000000102874                TransmitTo15693Reader
 .text.GetIso15693AnswerFromTag
                0x0000000000102990      0x2f8 obj/iso15693.o
                0x0000000000102990                GetIso15693AnswerFromTag
 .text.GetIso15693CommandFromReader
                0x0000000000102c88      0x1f0 obj/iso15693.o
                0x0000000000102c88                GetIso15693CommandFromReader
 .text.AcquireRawAdcSamplesIso15693
                0x0000000000102e78       0xdc obj/iso15693.o
                0x0000000000102e78                AcquireRawAdcSamplesIso15693
 .text.SniffIso15693
                0x0000000000102f54      0x4dc obj/iso15693.o
                0x0000000000102f54                SniffIso15693
 .text.Iso15693InitReader
                0x0000000000103430       0x54 obj/iso15693.o
                0x0000000000103430                Iso15693InitReader
 .text.SendDataTag
                0x0000000000103484      0x110 obj/iso15693.o
                0x0000000000103484                SendDataTag
 .text.get_rnd_15693_Slix.constprop.0
                0x0000000000103594       0x74 obj/iso15693.o
 .text.set_pass_15693_Slix.constprop.0
                0x0000000000103608       0xc0 obj/iso15693.o
 .text.get_uid_slix.constprop.0
                0x00000000001036c8       0x9c obj/iso15693.o
 .text.pass_protect_EASAFI_15693_Slix.constprop.0
                0x0000000000103764       0xa0 obj/iso15693.o
 .text.SendDataTagEOF
                0x0000000000103804       0x8a obj/iso15693.o
                0x0000000000103804                SendDataTagEOF
 *fill*         0x000000000010388e        0x2 
 .text.ReaderIso15693
                0x0000000000103890      0x2d4 obj/iso15693.o
                0x0000000000103890                ReaderIso15693
 .text.Iso15693InitTag
                0x0000000000103b64       0x42 obj/iso15693.o
                0x0000000000103b64                Iso15693InitTag
 .text.EmlClearIso15693
                0x0000000000103ba6       0x20 obj/iso15693.o
                0x0000000000103ba6                EmlClearIso15693
 .text.EmlSetMemIso15693
                0x0000000000103bc6       0x1c obj/iso15693.o
                0x0000000000103bc6                EmlSetMemIso15693
 .text.EmlGetMemIso15693
                0x0000000000103be2       0x1c obj/iso15693.o
                0x0000000000103be2                EmlGetMemIso15693
 *fill*         0x0000000000103bfe        0x2 
 .text.SimTagIso15693
                0x0000000000103c00      0x518 obj/iso15693.o
                0x0000000000103c00                SimTagIso15693
 .text.BruteforceIso15693Afi
                0x0000000000104118      0x1a8 obj/iso15693.o
                0x0000000000104118                BruteforceIso15693Afi
 .text.DirectTag15693Command
                0x00000000001042c0      0x12c obj/iso15693.o
                0x00000000001042c0                DirectTag15693Command
 .text.SetTag15693Uid
                0x00000000001043ec      0x104 obj/iso15693.o
                0x00000000001043ec                SetTag15693Uid
 .text.WritePasswordSlixIso15693
                0x00000000001044f0      0x100 obj/iso15693.o
                0x00000000001044f0                WritePasswordSlixIso15693
 .text.DisablePrivacySlixIso15693
                0x00000000001045f0       0xc8 obj/iso15693.o
                0x00000000001045f0                DisablePrivacySlixIso15693
 .text.EnablePrivacySlixIso15693
                0x00000000001046b8       0xbc obj/iso15693.o
                0x00000000001046b8                EnablePrivacySlixIso15693
 .text.DisableEAS_AFISlixIso15693
                0x0000000000104774       0xd8 obj/iso15693.o
                0x0000000000104774                DisableEAS_AFISlixIso15693
 .text.EnableEAS_AFISlixIso15693
                0x000000000010484c       0xd8 obj/iso15693.o
                0x000000000010484c                EnableEAS_AFISlixIso15693
 .text.PassProtextEASSlixIso15693
                0x0000000000104924       0x44 obj/iso15693.o
                0x0000000000104924                PassProtextEASSlixIso15693
 .text.PassProtectAFISlixIso15693
                0x0000000000104968       0x44 obj/iso15693.o
                0x0000000000104968                PassProtectAFISlixIso15693
 .text.WriteAFIIso15693
                0x00000000001049ac       0xf0 obj/iso15693.o
                0x00000000001049ac                WriteAFIIso15693
 .text.iso15693_sprintUID
                0x0000000000104a9c       0x48 obj/iso15693tools.o
                0x0000000000104a9c                iso15693_sprintUID
 .text.ReadThinFilm
                0x0000000000104ae4       0x58 obj/thinfilm.o
                0x0000000000104ae4                ReadThinFilm
 .text.SimulateThinFilm
                0x0000000000104b3c      0x214 obj/thinfilm.o
                0x0000000000104b3c                SimulateThinFilm
 .text.Prepare_Cmd
                0x0000000000104d50       0x24 obj/lfops.o
 .text.Prepare_Addr
                0x0000000000104d74       0x30 obj/lfops.o
 .text.Prepare_Data
                0x0000000000104da4       0x6c obj/lfops.o
 .text.T55xx_SetBits
                0x0000000000104e10       0x7c obj/lfops.o
 .text.WriteTIbyte
                0x0000000000104e8c       0x60 obj/lfops.o
 .text.fcAll    0x0000000000104eec       0xb4 obj/lfops.o
 .text.biphaseSimBit
                0x0000000000104fa0       0x62 obj/lfops.o
 .text.leadingZeroAskSimBits.constprop.0
                0x0000000000105002       0x24 obj/lfops.o
 *fill*         0x0000000000105026        0x2 
 .text.printT55xxConfig
                0x0000000000105028      0x1d8 obj/lfops.o
                0x0000000000105028                printT55xxConfig
 .text.setT55xxConfig
                0x0000000000105200       0xe8 obj/lfops.o
                0x0000000000105200                setT55xxConfig
 .text.loadT55xxConfig
                0x00000000001052e8       0x9c obj/lfops.o
                0x00000000001052e8                loadT55xxConfig
 .text.AcquireTiType
                0x0000000000105384      0x104 obj/lfops.o
                0x0000000000105384                AcquireTiType
 .text.ReadTItag
                0x0000000000105488      0x1a0 obj/lfops.o
                0x0000000000105488                ReadTItag
 .text.WriteTItag
                0x0000000000105628      0x160 obj/lfops.o
                0x0000000000105628                WriteTItag
 .text.SimulateTagLowFrequencyEx
                0x0000000000105788      0x15c obj/lfops.o
                0x0000000000105788                SimulateTagLowFrequencyEx
 .text.SimulateTagLowFrequency
                0x00000000001058e4       0x10 obj/lfops.o
                0x00000000001058e4                SimulateTagLowFrequency
 .text.SimulateTagLowFrequencyBidir
                0x00000000001058f4        0x2 obj/lfops.o
                0x00000000001058f4                SimulateTagLowFrequencyBidir
 *fill*         0x00000000001058f6        0x2 
 .text.CmdFSKsimTAGEx
                0x00000000001058f8       0xc8 obj/lfops.o
                0x00000000001058f8                CmdFSKsimTAGEx
 .text.CmdHIDsimTAGEx
                0x00000000001059c0       0xc8 obj/lfops.o
                0x00000000001059c0                CmdHIDsimTAGEx
 .text.CmdHIDsimTAG
                0x0000000000105a88       0x28 obj/lfops.o
                0x0000000000105a88                CmdHIDsimTAG
 .text.CmdFSKsimTAG
                0x0000000000105ab0       0x34 obj/lfops.o
                0x0000000000105ab0                CmdFSKsimTAG
 .text.CmdASKsimTAG
                0x0000000000105ae4      0x220 obj/lfops.o
                0x0000000000105ae4                CmdASKsimTAG
 .text.CmdPSKsimTAG
                0x0000000000105d04      0x13c obj/lfops.o
                0x0000000000105d04                CmdPSKsimTAG
 .text.CmdNRZsimTAG
                0x0000000000105e40      0x100 obj/lfops.o
                0x0000000000105e40                CmdNRZsimTAG
 .text.lf_hid_watch
                0x0000000000105f40      0x1a8 obj/lfops.o
                0x0000000000105f40                lf_hid_watch
 .text.lf_awid_watch
                0x00000000001060e8      0x1c0 obj/lfops.o
                0x00000000001060e8                lf_awid_watch
 .text.lf_em410x_watch
                0x00000000001062a8      0x1a4 obj/lfops.o
                0x00000000001062a8                lf_em410x_watch
 .text.lf_io_watch
                0x000000000010644c      0x130 obj/lfops.o
                0x000000000010644c                lf_io_watch
 .text.turn_read_lf_on
                0x000000000010657c       0x16 obj/lfops.o
                0x000000000010657c                turn_read_lf_on
 *fill*         0x0000000000106592        0x2 
 .text.ModThenAcquireRawAdcSamples125k
                0x0000000000106594      0x1c8 obj/lfops.o
                0x0000000000106594                ModThenAcquireRawAdcSamples125k
 .text.T55xxWriteBit
                0x000000000010675c       0x54 obj/lfops.o
 .text.T55xx_SendCMD
                0x00000000001067b0      0x1f0 obj/lfops.o
 .text.turn_read_lf_off
                0x00000000001069a0       0x18 obj/lfops.o
                0x00000000001069a0                turn_read_lf_off
 .text.SendForward
                0x00000000001069b8       0x78 obj/lfops.o
 .text.EM4xLoginEx
                0x0000000000106a30       0x38 obj/lfops.o
 .text.T55xxResetRead
                0x0000000000106a68       0x7c obj/lfops.o
                0x0000000000106a68                T55xxResetRead
 .text.T55xxDangerousRawTest
                0x0000000000106ae4      0x190 obj/lfops.o
                0x0000000000106ae4                T55xxDangerousRawTest
 .text.T55xxWriteBlock
                0x0000000000106c74       0x98 obj/lfops.o
                0x0000000000106c74                T55xxWriteBlock
 .text.WriteT55xx.constprop.0
                0x0000000000106d0c       0x3c obj/lfops.o
 .text.T55xxReadBlock
                0x0000000000106d48       0xec obj/lfops.o
                0x0000000000106d48                T55xxReadBlock
 .text.T55xx_ChkPwds
                0x0000000000106e34      0x268 obj/lfops.o
                0x0000000000106e34                T55xx_ChkPwds
 .text.T55xxWakeUp
                0x000000000010709c       0x44 obj/lfops.o
                0x000000000010709c                T55xxWakeUp
 .text.EM4xBruteforce
                0x00000000001070e0      0x150 obj/lfops.o
                0x00000000001070e0                EM4xBruteforce
 .text.EM4xLogin
                0x0000000000107230       0x7c obj/lfops.o
                0x0000000000107230                EM4xLogin
 .text.EM4xReadWord
                0x00000000001072ac       0xac obj/lfops.o
                0x00000000001072ac                EM4xReadWord
 .text.EM4xWriteWord
                0x0000000000107358       0xd8 obj/lfops.o
                0x0000000000107358                EM4xWriteWord
 .text.WriteEM4x05.constprop.0
                0x0000000000107430       0xa8 obj/lfops.o
 .text.copy_em410x_to_t55xx
                0x00000000001074d8      0x258 obj/lfops.o
                0x00000000001074d8                copy_em410x_to_t55xx
 .text.CopyVikingtoT55xx
                0x0000000000107730       0x80 obj/lfops.o
                0x0000000000107730                CopyVikingtoT55xx
 .text.CopyHIDtoT55x7
                0x00000000001077b0      0x160 obj/lfops.o
                0x00000000001077b0                CopyHIDtoT55x7
 .text.EM4xProtectWord
                0x0000000000107910       0xc0 obj/lfops.o
                0x0000000000107910                EM4xProtectWord
 .text.Cotag    0x00000000001079d0       0xfc obj/lfops.o
                0x00000000001079d0                Cotag
 .text.pushBit.constprop.0
                0x0000000000107acc       0x3c obj/lfsampling.o
 .text.printLFConfig
                0x0000000000107b08       0xd0 obj/lfsampling.o
                0x0000000000107b08                printLFConfig
 .text.printSamples
                0x0000000000107bd8       0x34 obj/lfsampling.o
                0x0000000000107bd8                printSamples
 .text.setSamplingConfig
                0x0000000000107c0c       0xb4 obj/lfsampling.o
                0x0000000000107c0c                setSamplingConfig
 .text.setDefaultSamplingConfig
                0x0000000000107cc0       0x14 obj/lfsampling.o
                0x0000000000107cc0                setDefaultSamplingConfig
 .text.getSamplingConfig
                0x0000000000107cd4        0x8 obj/lfsampling.o
                0x0000000000107cd4                getSamplingConfig
 .text.initSampleBufferEx
                0x0000000000107cdc       0x80 obj/lfsampling.o
                0x0000000000107cdc                initSampleBufferEx
 .text.initSampleBuffer
                0x0000000000107d5c        0xe obj/lfsampling.o
                0x0000000000107d5c                initSampleBuffer
 *fill*         0x0000000000107d6a        0x2 
 .text.getSampleCounter
                0x0000000000107d6c        0xc obj/lfsampling.o
                0x0000000000107d6c                getSampleCounter
 .text.logSample
                0x0000000000107d78       0xc0 obj/lfsampling.o
                0x0000000000107d78                logSample
 .text.logSampleSimple
                0x0000000000107e38       0x20 obj/lfsampling.o
                0x0000000000107e38                logSampleSimple
 .text.LFSetupFPGAForADC
                0x0000000000107e58       0x54 obj/lfsampling.o
                0x0000000000107e58                LFSetupFPGAForADC
 .text.DoAcquisition
                0x0000000000107eac      0x184 obj/lfsampling.o
                0x0000000000107eac                DoAcquisition
 .text.DoAcquisition_default
                0x0000000000108030       0x20 obj/lfsampling.o
                0x0000000000108030                DoAcquisition_default
 .text.DoAcquisition_config
                0x0000000000108050       0x5c obj/lfsampling.o
                0x0000000000108050                DoAcquisition_config
 .text.DoPartialAcquisition
                0x00000000001080ac       0x3c obj/lfsampling.o
                0x00000000001080ac                DoPartialAcquisition
 .text.SampleLF
                0x00000000001080e8       0x50 obj/lfsampling.o
                0x00000000001080e8                SampleLF
 .text.SniffLF  0x0000000000108138       0x50 obj/lfsampling.o
                0x0000000000108138                SniffLF
 .text.doCotagAcquisition
                0x0000000000108188       0xe8 obj/lfsampling.o
                0x0000000000108188                doCotagAcquisition
 .text.doCotagAcquisitionManchester
                0x0000000000108270       0xe0 obj/lfsampling.o
                0x0000000000108270                doCotagAcquisitionManchester
 .text.DemodPCF7931
                0x0000000000108350      0x1f4 obj/pcf7931.o
                0x0000000000108350                DemodPCF7931
 .text.IsBlock0PCF7931
                0x0000000000108544       0x44 obj/pcf7931.o
                0x0000000000108544                IsBlock0PCF7931
 .text.IsBlock1PCF7931
                0x0000000000108588       0x40 obj/pcf7931.o
                0x0000000000108588                IsBlock1PCF7931
 .text.ReadPCF7931
                0x00000000001085c8      0x410 obj/pcf7931.o
                0x00000000001085c8                ReadPCF7931
 .text.SendCmdPCF7931
                0x00000000001089d8       0xfc obj/pcf7931.o
                0x00000000001089d8                SendCmdPCF7931
 .text.AddBitPCF7931
                0x0000000000108ad4       0x88 obj/pcf7931.o
                0x0000000000108ad4                AddBitPCF7931
 .text.AddBytePCF7931
                0x0000000000108b5c       0x44 obj/pcf7931.o
                0x0000000000108b5c                AddBytePCF7931
 .text.AddPatternPCF7931
                0x0000000000108ba0       0x40 obj/pcf7931.o
                0x0000000000108ba0                AddPatternPCF7931
 .text.RealWritePCF7931
                0x0000000000108be0      0x1f4 obj/pcf7931.o
 .text.WritePCF7931
                0x0000000000108dd4       0xe4 obj/pcf7931.o
                0x0000000000108dd4                WritePCF7931
 .text.getClosestClock
                0x0000000000108eb8       0x4c obj/lfdemod.o
 .text.findModStart
                0x0000000000108f04       0x94 obj/lfdemod.o
 .text.computeSignalProperties
                0x0000000000108f98       0xdc obj/lfdemod.o
                0x0000000000108f98                computeSignalProperties
 .text.removeSignalOffset
                0x0000000000109074       0x5c obj/lfdemod.o
                0x0000000000109074                removeSignalOffset
 .text.getHiLo  0x00000000001090d0       0x58 obj/lfdemod.o
                0x00000000001090d0                getHiLo
 .text.removeParity
                0x0000000000109128       0x9a obj/lfdemod.o
                0x0000000000109128                removeParity
 .text.bytebits_to_byte
                0x00000000001091c2       0x16 obj/lfdemod.o
                0x00000000001091c2                bytebits_to_byte
 .text.preambleSearchEx
                0x00000000001091d8       0x8c obj/lfdemod.o
                0x00000000001091d8                preambleSearchEx
 .text.preambleSearch
                0x0000000000109264       0x14 obj/lfdemod.o
                0x0000000000109264                preambleSearch
 .text.getNextLow
                0x0000000000109278       0x1a obj/lfdemod.o
                0x0000000000109278                getNextLow
 .text.getNextHigh
                0x0000000000109292       0x1a obj/lfdemod.o
                0x0000000000109292                getNextHigh
 .text.askAmp   0x00000000001092ac       0x32 obj/lfdemod.o
                0x00000000001092ac                askAmp
 .text.manchesterEncode2Bytes
                0x00000000001092de       0x24 obj/lfdemod.o
                0x00000000001092de                manchesterEncode2Bytes
 .text.manchesterEncodeUint32
                0x0000000000109302       0x46 obj/lfdemod.o
                0x0000000000109302                manchesterEncodeUint32
 .text.DetectCleanAskWave
                0x0000000000109348       0x60 obj/lfdemod.o
                0x0000000000109348                DetectCleanAskWave
 .text.DetectStrongAskClock
                0x00000000001093a8      0x108 obj/lfdemod.o
                0x00000000001093a8                DetectStrongAskClock
 .text.DetectASKClock
                0x00000000001094b0      0x310 obj/lfdemod.o
                0x00000000001094b0                DetectASKClock
 .text.manrawdecode
                0x00000000001097c0       0xd8 obj/lfdemod.o
                0x00000000001097c0                manrawdecode
 .text.askdemod_ext
                0x0000000000109898      0x420 obj/lfdemod.o
                0x0000000000109898                askdemod_ext
 .text.askdemod
                0x0000000000109cb8       0x28 obj/lfdemod.o
                0x0000000000109cb8                askdemod
 .text.fskdemod
                0x0000000000109ce0      0x2b0 obj/lfdemod.o
                0x0000000000109ce0                fskdemod
 .text.detectAWID
                0x0000000000109f90       0x80 obj/lfdemod.o
                0x0000000000109f90                detectAWID
 .text.Em410xDecode
                0x000000000010a010      0x1f0 obj/lfdemod.o
                0x000000000010a010                Em410xDecode
 .text.HIDdemodFSK
                0x000000000010a200       0xe0 obj/lfdemod.o
                0x000000000010a200                HIDdemodFSK
 .text.detectIOProx
                0x000000000010a2e0       0xb4 obj/lfdemod.o
                0x000000000010a2e0                detectIOProx
 .text.lf_count_edge_periods_ex
                0x000000000010a394      0x100 obj/lfadc.o
 .text.lf_sample_mean
                0x000000000010a494       0x5c obj/lfadc.o
                0x000000000010a494                lf_sample_mean
 .text.lf_count_edge_periods
                0x000000000010a4f0       0x10 obj/lfadc.o
                0x000000000010a4f0                lf_count_edge_periods
 .text.lf_get_tag_modulation
                0x000000000010a500       0x10 obj/lfadc.o
                0x000000000010a500                lf_get_tag_modulation
 .text.lf_get_reader_modulation
                0x000000000010a510        0xc obj/lfadc.o
                0x000000000010a510                lf_get_reader_modulation
 .text.lf_wait_periods
                0x000000000010a51c       0x10 obj/lfadc.o
                0x000000000010a51c                lf_wait_periods
 .text.lf_init  0x000000000010a52c       0xd0 obj/lfadc.o
                0x000000000010a52c                lf_init
 .text.lf_finalize
                0x000000000010a5fc       0x44 obj/lfadc.o
                0x000000000010a5fc                lf_finalize
 .text.lf_modulation
                0x000000000010a640       0x20 obj/lfadc.o
                0x000000000010a640                lf_modulation
 .text.lf_manchester_send_bit
                0x000000000010a660       0x26 obj/lfadc.o
 *fill*         0x000000000010a686        0x2 
 .text.lf_manchester_send_bytes
                0x000000000010a688       0x74 obj/lfadc.o
                0x000000000010a688                lf_manchester_send_bytes
 .text.LZ4_wildCopy8
                0x000000000010a6fc       0x20 obj/lz4.o
 .text.LZ4_decompress_generic
                0x000000000010a71c      0x460 obj/lz4.o
                0x000000000010a71c                LZ4_decompress_generic
 .text.LZ4_decompress_safe
                0x000000000010ab7c       0x20 obj/lz4.o
                0x000000000010ab7c                LZ4_decompress_safe
 .text.LZ4_decompress_safe_withPrefix64k
                0x000000000010ab9c       0x28 obj/lz4.o
                0x000000000010ab9c                LZ4_decompress_safe_withPrefix64k
 .text.LZ4_decompress_safe_forceExtDict
                0x000000000010abc4       0x26 obj/lz4.o
                0x000000000010abc4                LZ4_decompress_safe_forceExtDict
 .text.LZ4_setStreamDecode
                0x000000000010abea       0x10 obj/lz4.o
                0x000000000010abea                LZ4_setStreamDecode
 *fill*         0x000000000010abfa        0x2 
 .text.LZ4_decompress_safe_continue
                0x000000000010abfc       0x90 obj/lz4.o
                0x000000000010abfc                LZ4_decompress_safe_continue
 .text.init_reader
                0x000000000010ac8c       0x7c obj/legicrf.o
 .text.tx_frame
                0x000000000010ad08       0xe4 obj/legicrf.o
 .text.init_card.constprop.0
                0x000000000010adec       0x5c obj/legicrf.o
 .text.rx_bit   0x000000000010ae48       0x80 obj/legicrf.o
 .text.rx_frame
                0x000000000010aec8       0x84 obj/legicrf.o
 .text.setup_phase
                0x000000000010af4c       0x70 obj/legicrf.o
 .text.read_byte
                0x000000000010afbc       0xa8 obj/legicrf.o
 .text.LegicRfInfo
                0x000000000010b064       0x88 obj/legicrf.o
                0x000000000010b064                LegicRfInfo
 .text.LegicRfReader
                0x000000000010b0ec       0xa0 obj/legicrf.o
                0x000000000010b0ec                LegicRfReader
 .text.LegicRfWriter
                0x000000000010b18c      0x1bc obj/legicrf.o
                0x000000000010b18c                LegicRfWriter
 .text.wait_for
                0x000000000010b348       0x44 obj/legicrfsim.o
 .text.tx_bit   0x000000000010b38c       0x58 obj/legicrfsim.o
 .text.tx_frame
                0x000000000010b3e4       0x8c obj/legicrfsim.o
 .text.rx_frame
                0x000000000010b470      0x10c obj/legicrfsim.o
 .text.LegicRfSimulate
                0x000000000010b57c      0x37c obj/legicrfsim.o
                0x000000000010b57c                LegicRfSimulate
 .text.legic_prng_forward.part.0
                0x000000000010b8f8       0x50 obj/legic_prng.o
 .text.legic_prng_init
                0x000000000010b948       0x1c obj/legic_prng.o
                0x000000000010b948                legic_prng_init
 .text.legic_prng_forward
                0x000000000010b964       0x10 obj/legic_prng.o
                0x000000000010b964                legic_prng_forward
 .text.legic_prng_get_bit
                0x000000000010b974       0x34 obj/legic_prng.o
                0x000000000010b974                legic_prng_get_bit
 .text.FlashmemSetSpiBaudrate
                0x000000000010b9a8       0x28 obj/flashmem.o
                0x000000000010b9a8                FlashmemSetSpiBaudrate
 .text.FlashStop
                0x000000000010b9d0       0x3c obj/flashmem.o
                0x000000000010b9d0                FlashStop
 .text.FlashSetup
                0x000000000010ba0c       0xa4 obj/flashmem.o
                0x000000000010ba0c                FlashSetup
 .text.FlashSendByte
                0x000000000010bab0       0x18 obj/flashmem.o
                0x000000000010bab0                FlashSendByte
 .text.Flash_TransferAdresse
                0x000000000010bac8       0x24 obj/flashmem.o
                0x000000000010bac8                Flash_TransferAdresse
 .text.Flash_ReadDataCont.part.0
                0x000000000010baec       0x64 obj/flashmem.o
 .text.Flash_ReadDataCont
                0x000000000010bb50       0x14 obj/flashmem.o
                0x000000000010bb50                Flash_ReadDataCont
 .text.Flash_ReadStat1
                0x000000000010bb64       0x1c obj/flashmem.o
                0x000000000010bb64                Flash_ReadStat1
 .text.Flash_CheckBusy
                0x000000000010bb80       0x4c obj/flashmem.o
                0x000000000010bb80                Flash_CheckBusy
 .text.FlashInit
                0x000000000010bbcc       0x30 obj/flashmem.o
                0x000000000010bbcc                FlashInit
 .text.Flashmem_print_info
                0x000000000010bbfc       0xc8 obj/flashmem.o
                0x000000000010bbfc                Flashmem_print_info
 .text.Flash_ReadID_90
                0x000000000010bcc4       0x4c obj/flashmem.o
                0x000000000010bcc4                Flash_ReadID_90
 .text.Flash_ReadData
                0x000000000010bd10       0x84 obj/flashmem.o
                0x000000000010bd10                Flash_ReadData
 .text.Flash_UniqueID
                0x000000000010bd94       0x7c obj/flashmem.o
                0x000000000010bd94                Flash_UniqueID
 .text.Flashmem_print_status
                0x000000000010be10      0x114 obj/flashmem.o
                0x000000000010be10                Flashmem_print_status
 .text.FlashSendLastByte
                0x000000000010bf24       0x12 obj/flashmem.o
                0x000000000010bf24                FlashSendLastByte
 *fill*         0x000000000010bf36        0x2 
 .text.Flash_WriteDataCont
                0x000000000010bf38       0x7c obj/flashmem.o
                0x000000000010bf38                Flash_WriteDataCont
 .text.Flash_WriteEnable
                0x000000000010bfb4       0x24 obj/flashmem.o
                0x000000000010bfb4                Flash_WriteEnable
 .text.Flash_Write
                0x000000000010bfd8       0x68 obj/flashmem.o
                0x000000000010bfd8                Flash_Write
 .text.Flash_Erase4k
                0x000000000010c040       0x32 obj/flashmem.o
                0x000000000010c040                Flash_Erase4k
 .text.Flash_Erase64k
                0x000000000010c072       0x2c obj/flashmem.o
                0x000000000010c072                Flash_Erase64k
 *fill*         0x000000000010c09e        0x2 
 .text.Flash_WipeMemoryPage
                0x000000000010c0a0       0x48 obj/flashmem.o
                0x000000000010c0a0                Flash_WipeMemoryPage
 .text.Flash_WipeMemory
                0x000000000010c0e8       0x78 obj/flashmem.o
                0x000000000010c0e8                Flash_WipeMemory
 .text.I2CSpinDelayClk
                0x000000000010c160       0x40 obj/i2c.o
 .text.WaitSCL_H
                0x000000000010c1a0       0x2c obj/i2c.o
 .text.I2C_Start
                0x000000000010c1cc       0x60 obj/i2c.o
 .text.I2C_SendByte
                0x000000000010c22c       0x60 obj/i2c.o
 .text.I2C_WaitAck
                0x000000000010c28c       0x60 obj/i2c.o
 .text.I2C_Stop
                0x000000000010c2ec       0x5c obj/i2c.o
 .text.I2C_Ack  0x000000000010c348       0x4c obj/i2c.o
 .text.I2C_ReadByte
                0x000000000010c394       0x90 obj/i2c.o
 .text.I2C_NoAck
                0x000000000010c424       0x4c obj/i2c.o
 .text.I2C_WaitForSim
                0x000000000010c470       0x54 obj/i2c.o
 .text.I2C_recovery
                0x000000000010c4c4       0xb0 obj/i2c.o
                0x000000000010c4c4                I2C_recovery
 .text.I2C_init
                0x000000000010c574       0x50 obj/i2c.o
                0x000000000010c574                I2C_init
 .text.I2C_SetResetStatus
                0x000000000010c5c4       0x4c obj/i2c.o
                0x000000000010c5c4                I2C_SetResetStatus
 .text.I2C_Reset_EnterMainProgram
                0x000000000010c610       0x42 obj/i2c.o
                0x000000000010c610                I2C_Reset_EnterMainProgram
 .text.I2C_Reset_EnterBootloader
                0x000000000010c652       0x32 obj/i2c.o
                0x000000000010c652                I2C_Reset_EnterBootloader
 .text.I2C_WriteCmd
                0x000000000010c684       0x5c obj/i2c.o
                0x000000000010c684                I2C_WriteCmd
 .text.I2C_WriteByte
                0x000000000010c6e0       0x6c obj/i2c.o
                0x000000000010c6e0                I2C_WriteByte
 .text.I2C_BufferWrite
                0x000000000010c74c       0x7c obj/i2c.o
                0x000000000010c74c                I2C_BufferWrite
 .text.I2C_BufferRead
                0x000000000010c7c8       0xfc obj/i2c.o
                0x000000000010c7c8                I2C_BufferRead
 .text.I2C_ReadFW
                0x000000000010c8c4       0xb4 obj/i2c.o
                0x000000000010c8c4                I2C_ReadFW
 .text.I2C_WriteFW
                0x000000000010c978       0x90 obj/i2c.o
                0x000000000010c978                I2C_WriteFW
 .text.I2C_get_version
                0x000000000010ca08       0x3c obj/i2c.o
                0x000000000010ca08                I2C_get_version
 .text.I2C_print_status
                0x000000000010ca44       0x50 obj/i2c.o
                0x000000000010ca44                I2C_print_status
 .text.sc_rx_bytes
                0x000000000010ca94       0x44 obj/i2c.o
                0x000000000010ca94                sc_rx_bytes
 .text.GetATR.part.0
                0x000000000010cad8       0xe8 obj/i2c.o
 .text.SmartCardAtr
                0x000000000010cbc0       0x50 obj/i2c.o
                0x000000000010cbc0                SmartCardAtr
 .text.SmartCardRaw
                0x000000000010cc10      0x120 obj/i2c.o
                0x000000000010cc10                SmartCardRaw
 .text.SmartCardUpgrade
                0x000000000010cd30      0x104 obj/i2c.o
                0x000000000010cd30                SmartCardUpgrade
 .text.SmartCardSetBaud
                0x000000000010ce34        0x2 obj/i2c.o
                0x000000000010ce34                SmartCardSetBaud
 *fill*         0x000000000010ce36        0x2 
 .text.SmartCardSetClock
                0x000000000010ce38       0x48 obj/i2c.o
                0x000000000010ce38                SmartCardSetClock
 .text._f20     0x000000000010ce80      0x124 obj/hitag2_crypto.o
                0x000000000010ce80                _f20
 .text._hitag2_init
                0x000000000010cfa4       0x6a obj/hitag2_crypto.o
                0x000000000010cfa4                _hitag2_init
 .text._hitag2_round
                0x000000000010d00e       0x9a obj/hitag2_crypto.o
                0x000000000010d00e                _hitag2_round
 .text._hitag2_byte
                0x000000000010d0a8       0x26 obj/hitag2_crypto.o
                0x000000000010d0a8                _hitag2_byte
 .text.hitag2_cipher_transcrypt
                0x000000000010d0ce       0x4e obj/hitag2_crypto.o
                0x000000000010d0ce                hitag2_cipher_transcrypt
 .text.hitag_crc
                0x000000000010d11c       0x44 obj/hitag2.o
 .text.hitag2_write_page
                0x000000000010d160       0xf8 obj/hitag2.o
 .text.hitag2_password
                0x000000000010d258      0x110 obj/hitag2.o
 .text.hitag2_crypto
                0x000000000010d368      0x8a0 obj/hitag2.o
 .text.hitag_reader_send_frame
                0x000000000010dc08       0x98 obj/hitag2.o
 .text.SniffHitag2
                0x000000000010dca0      0x340 obj/hitag2.o
                0x000000000010dca0                SniffHitag2
 .text.SimulateHitag2
                0x000000000010dfe0      0x30c obj/hitag2.o
                0x000000000010dfe0                SimulateHitag2
 .text.ReaderHitag
                0x000000000010e2ec      0xd9c obj/hitag2.o
                0x000000000010e2ec                ReaderHitag
 .text.WriterHitag
                0x000000000010f088      0x410 obj/hitag2.o
                0x000000000010f088                WriterHitag
 .text.hitag_send_bit
                0x000000000010f498      0x1bc obj/hitagS.o
 .text.hitagS_set_frame_modulation
                0x000000000010f654       0x44 obj/hitagS.o
 .text.concatbits
                0x000000000010f698       0x5c obj/hitagS.o
 .text.sendReceiveHitagS.constprop.0
                0x000000000010f6f4      0x2cc obj/hitagS.o
 .text.selectHitagS.constprop.0
                0x000000000010f9c0      0xddc obj/hitagS.o
 .text.calc_crc.constprop.0
                0x000000000011079c       0x26 obj/hitagS.o
 *fill*         0x00000000001107c2        0x2 
 .text.SimulateHitagSTag
                0x00000000001107c4     0x1240 obj/hitagS.o
                0x00000000001107c4                SimulateHitagSTag
 .text.ReadHitagS
                0x0000000000111a04      0x1d8 obj/hitagS.o
                0x0000000000111a04                ReadHitagS
 .text.WritePageHitagS
                0x0000000000111bdc      0x1a0 obj/hitagS.o
                0x0000000000111bdc                WritePageHitagS
 .text.Hitag_check_challenges
                0x0000000000111d7c      0x120 obj/hitagS.o
                0x0000000000111d7c                Hitag_check_challenges
 .text.em4x50_sim_send_bit
                0x0000000000111e9c       0x78 obj/em4x50.o
 .text.wait_cycles
                0x0000000000111f14       0x3c obj/em4x50.o
 .text.em4x50_sim_send_ack
                0x0000000000111f50       0x60 obj/em4x50.o
 .text.em4x50_sim_send_nak
                0x0000000000111fb0       0x68 obj/em4x50.o
 .text.invalid_bit
                0x0000000000112018       0x3c obj/em4x50.o
 .text.get_pulse_length
                0x0000000000112054       0x90 obj/em4x50.o
 .text.find_single_listen_window
                0x00000000001120e4       0x38 obj/em4x50.o
 .text.get_word_from_bitstream
                0x000000000011211c      0x1f8 obj/em4x50.o
 .text.em4x50_reader_send_bit
                0x0000000000112314       0x6c obj/em4x50.o
 .text.find_double_listen_window
                0x0000000000112380       0x84 obj/em4x50.o
 .text.em4x50_reader_send_byte_with_parity
                0x0000000000112404       0x28 obj/em4x50.o
 .text.em4x50_reader_send_word
                0x000000000011242c       0x52 obj/em4x50.o
 *fill*         0x000000000011247e        0x2 
 .text.check_ack
                0x0000000000112480       0x6c obj/em4x50.o
 .text.em4x50_sim_read_bit
                0x00000000001124ec       0x78 obj/em4x50.o
 .text.get_signalproperties
                0x0000000000112564       0xd0 obj/em4x50.o
 .text.em4x50_sim_read_byte
                0x0000000000112634       0x48 obj/em4x50.o
 .text.login    0x000000000011267c       0x50 obj/em4x50.o
 .text.em4x50_sim_read_word.constprop.0
                0x00000000001126cc       0x78 obj/em4x50.o
 .text.em4x50_sim_send_listen_window.isra.0
                0x0000000000112744       0x98 obj/em4x50.o
 .text.em4x50_sim_send_word
                0x00000000001127dc       0x86 obj/em4x50.o
 *fill*         0x0000000000112862        0x2 
 .text.em4x50_setup_read
                0x0000000000112864       0x58 obj/em4x50.o
                0x0000000000112864                em4x50_setup_read
 .text.em4x50_setup_sim
                0x00000000001128bc       0x48 obj/em4x50.o
                0x00000000001128bc                em4x50_setup_sim
 .text.em4x50_login
                0x0000000000112904       0x7c obj/em4x50.o
                0x0000000000112904                em4x50_login
 .text.em4x50_brute
                0x0000000000112980      0x15c obj/em4x50.o
                0x0000000000112980                em4x50_brute
 .text.em4x50_chk
                0x0000000000112adc      0x108 obj/em4x50.o
                0x0000000000112adc                em4x50_chk
 .text.standard_read
                0x0000000000112be4       0x50 obj/em4x50.o
                0x0000000000112be4                standard_read
 .text.selective_read
                0x0000000000112c34       0x58 obj/em4x50.o
 .text.em4x50_read
                0x0000000000112c8c       0xc8 obj/em4x50.o
                0x0000000000112c8c                em4x50_read
 .text.em4x50_info
                0x0000000000112d54       0xb0 obj/em4x50.o
                0x0000000000112d54                em4x50_info
 .text.em4x50_reader
                0x0000000000112e04       0x8c obj/em4x50.o
                0x0000000000112e04                em4x50_reader
 .text.em4x50_write
                0x0000000000112e90      0x1d8 obj/em4x50.o
                0x0000000000112e90                em4x50_write
 .text.em4x50_writepwd
                0x0000000000113068      0x150 obj/em4x50.o
                0x0000000000113068                em4x50_writepwd
 .text.em4x50_handle_commands
                0x00000000001131b8      0x39c obj/em4x50.o
                0x00000000001131b8                em4x50_handle_commands
 .text.em4x50_sim
                0x0000000000113554       0xc0 obj/em4x50.o
                0x0000000000113554                em4x50_sim
 .text.init_tag
                0x0000000000113614       0x18 obj/em4x70.o
 .text.em4x70_setup_read
                0x000000000011362c       0x58 obj/em4x70.o
 .text.get_signalproperties
                0x0000000000113684       0x2c obj/em4x70.o
 .text.get_rising_pulse_length
                0x00000000001136b0       0x6c obj/em4x70.o
 .text.get_falling_pulse_length
                0x000000000011371c       0x6c obj/em4x70.o
 .text.em4x70_send_bit
                0x0000000000113788       0x68 obj/em4x70.o
 .text.find_listen_window
                0x00000000001137f0       0x70 obj/em4x70.o
 .text.find_em4x70_tag
                0x0000000000113860        0xe obj/em4x70.o
 *fill*         0x000000000011386e        0x2 
 .text.em4x70_send_nibble
                0x0000000000113870       0x40 obj/em4x70.o
 .text.em4x70_send_byte
                0x00000000001138b0       0x1c obj/em4x70.o
 .text.set_byte
                0x00000000001138cc       0x1e obj/em4x70.o
 *fill*         0x00000000001138ea        0x2 
 .text.check_ack
                0x00000000001138ec       0x28 obj/em4x70.o
 .text.write    0x0000000000113914       0x9c obj/em4x70.o
 .text.bits2bytes
                0x00000000001139b0       0x54 obj/em4x70.o
 .text.em4x70_receive
                0x0000000000113a04       0xcc obj/em4x70.o
 .text.send_command_and_read
                0x0000000000113ad0       0x6c obj/em4x70.o
 .text.em4x70_read_id
                0x0000000000113b3c       0x18 obj/em4x70.o
 .text.em4x70_read_um1
                0x0000000000113b54       0x18 obj/em4x70.o
 .text.em4x70_read_um2
                0x0000000000113b6c       0x18 obj/em4x70.o
 .text.send_pin
                0x0000000000113b84       0xa4 obj/em4x70.o
 .text.authenticate
                0x0000000000113c28       0x9c obj/em4x70.o
 .text.em4x70_info
                0x0000000000113cc4       0x6c obj/em4x70.o
                0x0000000000113cc4                em4x70_info
 .text.em4x70_write
                0x0000000000113d30       0x74 obj/em4x70.o
                0x0000000000113d30                em4x70_write
 .text.em4x70_unlock
                0x0000000000113da4       0x70 obj/em4x70.o
                0x0000000000113da4                em4x70_unlock
 .text.em4x70_auth
                0x0000000000113e14       0x74 obj/em4x70.o
                0x0000000000113e14                em4x70_auth
 .text.em4x70_brute
                0x0000000000113e88      0x1f8 obj/em4x70.o
                0x0000000000113e88                em4x70_brute
 .text.em4x70_write_pin
                0x0000000000114080       0x8c obj/em4x70.o
                0x0000000000114080                em4x70_write_pin
 .text.em4x70_write_key
                0x000000000011410c       0x84 obj/em4x70.o
                0x000000000011410c                em4x70_write_key
 .text.rdv40_spiffs_llerase
                0x0000000000114190       0x98 obj/spiffs.o
 .text.rdv40_spiffs_llwrite
                0x0000000000114228       0x28 obj/spiffs.o
 .text.rdv40_spiffs_llread
                0x0000000000114250       0x1a obj/spiffs.o
 *fill*         0x000000000011426a        0x2 
 .text.remove_from_spiffs
                0x000000000011426c       0x2c obj/spiffs.o
 .text.rdv40_spiffs_mount
                0x0000000000114298       0x78 obj/spiffs.o
                0x0000000000114298                rdv40_spiffs_mount
 .text.rdv40_spiffs_unmount
                0x0000000000114310       0x48 obj/spiffs.o
                0x0000000000114310                rdv40_spiffs_unmount
 .text.write_to_spiffs
                0x0000000000114358       0x4c obj/spiffs.o
                0x0000000000114358                write_to_spiffs
 .text.append_to_spiffs
                0x00000000001143a4       0x4c obj/spiffs.o
                0x00000000001143a4                append_to_spiffs
 .text.read_from_spiffs
                0x00000000001143f0       0x4c obj/spiffs.o
                0x00000000001143f0                read_from_spiffs
 .text.size_in_spiffs
                0x000000000011443c       0x38 obj/spiffs.o
                0x000000000011443c                size_in_spiffs
 .text.exists_in_spiffs
                0x0000000000114474       0x1c obj/spiffs.o
                0x0000000000114474                exists_in_spiffs
 .text.rdv40_spiffs_lazy_mount
                0x0000000000114490       0x20 obj/spiffs.o
                0x0000000000114490                rdv40_spiffs_lazy_mount
 .text.rdv40_spiffs_lazy_unmount
                0x00000000001144b0       0x20 obj/spiffs.o
                0x00000000001144b0                rdv40_spiffs_lazy_unmount
 .text.rdv40_spiffs_check
                0x00000000001144d0       0x38 obj/spiffs.o
                0x00000000001144d0                rdv40_spiffs_check
 .text.rdv40_spiffs_lazy_mount_rollback
                0x0000000000114508       0x24 obj/spiffs.o
                0x0000000000114508                rdv40_spiffs_lazy_mount_rollback
 .text.rdv40_spiffs_write
                0x000000000011452c       0xa8 obj/spiffs.o
                0x000000000011452c                rdv40_spiffs_write
 .text.rdv40_spiffs_append
                0x00000000001145d4       0x78 obj/spiffs.o
                0x00000000001145d4                rdv40_spiffs_append
 .text.rdv40_spiffs_read
                0x000000000011464c       0x36 obj/spiffs.o
                0x000000000011464c                rdv40_spiffs_read
 *fill*         0x0000000000114682        0x2 
 .text.rdv40_spiffs_rename
                0x0000000000114684       0x50 obj/spiffs.o
                0x0000000000114684                rdv40_spiffs_rename
 .text.rdv40_spiffs_remove
                0x00000000001146d4       0x2e obj/spiffs.o
                0x00000000001146d4                rdv40_spiffs_remove
 .text.rdv40_spiffs_copy
                0x0000000000114702       0x54 obj/spiffs.o
                0x0000000000114702                rdv40_spiffs_copy
 .text.rdv40_spiffs_is_symlink
                0x0000000000114756       0x3c obj/spiffs.o
                0x0000000000114756                rdv40_spiffs_is_symlink
 *fill*         0x0000000000114792        0x2 
 .text.rdv40_spiffs_read_as_symlink
                0x0000000000114794       0x80 obj/spiffs.o
                0x0000000000114794                rdv40_spiffs_read_as_symlink
 .text.rdv40_spiffs_make_symlink
                0x0000000000114814       0x48 obj/spiffs.o
                0x0000000000114814                rdv40_spiffs_make_symlink
 .text.rdv40_spiffs_read_as_filetype
                0x000000000011485c       0xc4 obj/spiffs.o
                0x000000000011485c                rdv40_spiffs_read_as_filetype
 .text.rdv40_spiffs_safe_print_fsinfo
                0x0000000000114920       0xe0 obj/spiffs.o
                0x0000000000114920                rdv40_spiffs_safe_print_fsinfo
 .text.rdv40_spiffs_safe_print_tree
                0x0000000000114a00       0x90 obj/spiffs.o
                0x0000000000114a00                rdv40_spiffs_safe_print_tree
 .text.rdv40_spiffs_safe_wipe
                0x0000000000114a90       0x88 obj/spiffs.o
                0x0000000000114a90                rdv40_spiffs_safe_wipe
 .text.test_spiffs
                0x0000000000114b18       0xb8 obj/spiffs.o
                0x0000000000114b18                test_spiffs
 .text.spiffs_cache_page_free
                0x0000000000114bd0       0x5a obj/spiffs_cache.o
 .text.spiffs_cache_page_remove_oldest.constprop.0
                0x0000000000114c2a       0x5e obj/spiffs_cache.o
 .text.spiffs_cache_page_allocate.isra.0
                0x0000000000114c88       0x3c obj/spiffs_cache.o
 .text.spiffs_cache_page_get.isra.0
                0x0000000000114cc4       0x4e obj/spiffs_cache.o
 .text.spiffs_cache_drop_page
                0x0000000000114d12       0x1e obj/spiffs_cache.o
                0x0000000000114d12                spiffs_cache_drop_page
 .text.spiffs_phys_rd
                0x0000000000114d30       0xd4 obj/spiffs_cache.o
                0x0000000000114d30                spiffs_phys_rd
 .text.spiffs_phys_wr
                0x0000000000114e04       0x74 obj/spiffs_cache.o
                0x0000000000114e04                spiffs_phys_wr
 .text.spiffs_cache_page_get_by_fd
                0x0000000000114e78       0x4e obj/spiffs_cache.o
                0x0000000000114e78                spiffs_cache_page_get_by_fd
 .text.spiffs_cache_page_allocate_by_fd
                0x0000000000114ec6       0x24 obj/spiffs_cache.o
                0x0000000000114ec6                spiffs_cache_page_allocate_by_fd
 .text.spiffs_cache_fd_release
                0x0000000000114eea       0x3c obj/spiffs_cache.o
                0x0000000000114eea                spiffs_cache_fd_release
 .text.spiffs_cache_init
                0x0000000000114f26       0x8e obj/spiffs_cache.o
                0x0000000000114f26                spiffs_cache_init
 .text.spiffs_object_get_data_page_index_reference
                0x0000000000114fb4       0x80 obj/spiffs_check.o
 .text.spiffs_delete_obj_lazy
                0x0000000000115034       0x4c obj/spiffs_check.o
 .text.spiffs_rewrite_index
                0x0000000000115080      0x160 obj/spiffs_check.o
 .text.spiffs_rewrite_page
                0x00000000001151e0       0x44 obj/spiffs_check.o
 .text.spiffs_lookup_check_v
                0x0000000000115224      0x5d8 obj/spiffs_check.o
 .text.spiffs_object_index_consistency_check_v
                0x00000000001157fc      0x18c obj/spiffs_check.o
 .text.spiffs_lookup_consistency_check
                0x0000000000115988       0x80 obj/spiffs_check.o
                0x0000000000115988                spiffs_lookup_consistency_check
 .text.spiffs_page_consistency_check
                0x0000000000115a08      0x614 obj/spiffs_check.o
                0x0000000000115a08                spiffs_page_consistency_check
 .text.spiffs_object_index_consistency_check
                0x000000000011601c       0x90 obj/spiffs_check.o
                0x000000000011601c                spiffs_object_index_consistency_check
 .text.spiffs_gc_erase_block
                0x00000000001160ac       0x34 obj/spiffs_gc.o
 .text.spiffs_gc_quick
                0x00000000001160e0       0xac obj/spiffs_gc.o
                0x00000000001160e0                spiffs_gc_quick
 .text.spiffs_gc_erase_page_stats
                0x000000000011618c       0x58 obj/spiffs_gc.o
                0x000000000011618c                spiffs_gc_erase_page_stats
 .text.spiffs_gc_find_candidate
                0x00000000001161e4      0x1a4 obj/spiffs_gc.o
                0x00000000001161e4                spiffs_gc_find_candidate
 .text.spiffs_gc_clean
                0x0000000000116388      0x44c obj/spiffs_gc.o
                0x0000000000116388                spiffs_gc_clean
 .text.spiffs_gc_check
                0x00000000001167d4       0xe4 obj/spiffs_gc.o
                0x00000000001167d4                spiffs_gc_check
 .text.spiffs_obj_lu_find_id_and_span_v
                0x00000000001168b8       0x74 obj/spiffs_nucleus.o
 .text.spiffs_object_find_object_index_header_by_name_v
                0x000000000011692c       0x68 obj/spiffs_nucleus.o
 .text.spiffs_obj_lu_find_free_obj_id_bitmap_v
                0x0000000000116994       0x9c obj/spiffs_nucleus.o
 .text.spiffs_obj_lu_scan_v
                0x0000000000116a30       0x30 obj/spiffs_nucleus.o
 .text.spiffs_obj_lu_find_free_obj_id_compact_v
                0x0000000000116a60       0x98 obj/spiffs_nucleus.o
 .text.spiffs_hash.constprop.0
                0x0000000000116af8       0x28 obj/spiffs_nucleus.o
 .text.spiffs_update_ix_map.constprop.0.isra.0
                0x0000000000116b20       0xcc obj/spiffs_nucleus.o
 .text.spiffs_phys_cpy
                0x0000000000116bec       0x60 obj/spiffs_nucleus.o
                0x0000000000116bec                spiffs_phys_cpy
 .text.spiffs_obj_lu_find_entry_visitor
                0x0000000000116c4c      0x198 obj/spiffs_nucleus.o
                0x0000000000116c4c                spiffs_obj_lu_find_entry_visitor
 .text.spiffs_erase_block
                0x0000000000116de4       0x54 obj/spiffs_nucleus.o
                0x0000000000116de4                spiffs_erase_block
 .text.spiffs_obj_lu_scan
                0x0000000000116e38       0xb8 obj/spiffs_nucleus.o
                0x0000000000116e38                spiffs_obj_lu_scan
 .text.spiffs_obj_lu_find_id
                0x0000000000116ef0       0x34 obj/spiffs_nucleus.o
                0x0000000000116ef0                spiffs_obj_lu_find_id
 .text.spiffs_obj_lu_find_free
                0x0000000000116f24       0x78 obj/spiffs_nucleus.o
                0x0000000000116f24                spiffs_obj_lu_find_free
 .text.spiffs_obj_lu_find_id_and_span
                0x0000000000116f9c       0x74 obj/spiffs_nucleus.o
                0x0000000000116f9c                spiffs_obj_lu_find_id_and_span
 .text.spiffs_obj_lu_find_id_and_span_by_phdr
                0x0000000000117010       0x74 obj/spiffs_nucleus.o
                0x0000000000117010                spiffs_obj_lu_find_id_and_span_by_phdr
 .text.spiffs_page_allocate_data
                0x0000000000117084      0x106 obj/spiffs_nucleus.o
                0x0000000000117084                spiffs_page_allocate_data
 .text.spiffs_page_delete
                0x000000000011718a       0x5e obj/spiffs_nucleus.o
                0x000000000011718a                spiffs_page_delete
 .text.spiffs_page_move
                0x00000000001171e8       0xfc obj/spiffs_nucleus.o
                0x00000000001171e8                spiffs_page_move
 .text.spiffs_cb_object_event
                0x00000000001172e4      0x160 obj/spiffs_nucleus.o
                0x00000000001172e4                spiffs_cb_object_event
 .text.spiffs_object_create
                0x0000000000117444       0xfc obj/spiffs_nucleus.o
                0x0000000000117444                spiffs_object_create
 .text.spiffs_object_update_index_hdr
                0x0000000000117540      0x100 obj/spiffs_nucleus.o
                0x0000000000117540                spiffs_object_update_index_hdr
 .text.spiffs_object_open_by_page
                0x0000000000117640       0xb0 obj/spiffs_nucleus.o
                0x0000000000117640                spiffs_object_open_by_page
 .text.spiffs_object_append
                0x00000000001176f0      0x5c0 obj/spiffs_nucleus.o
                0x00000000001176f0                spiffs_object_append
 .text.spiffs_object_modify
                0x0000000000117cb0      0x4fc obj/spiffs_nucleus.o
                0x0000000000117cb0                spiffs_object_modify
 .text.spiffs_object_find_object_index_header_by_name
                0x00000000001181ac       0x60 obj/spiffs_nucleus.o
                0x00000000001181ac                spiffs_object_find_object_index_header_by_name
 .text.spiffs_object_truncate
                0x000000000011820c      0x4f8 obj/spiffs_nucleus.o
                0x000000000011820c                spiffs_object_truncate
 .text.spiffs_object_read
                0x0000000000118704      0x20c obj/spiffs_nucleus.o
                0x0000000000118704                spiffs_object_read
 .text.spiffs_obj_lu_find_free_obj_id
                0x0000000000118910      0x170 obj/spiffs_nucleus.o
                0x0000000000118910                spiffs_obj_lu_find_free_obj_id
 .text.spiffs_fd_find_new
                0x0000000000118a80       0xe4 obj/spiffs_nucleus.o
                0x0000000000118a80                spiffs_fd_find_new
 .text.spiffs_fd_return
                0x0000000000118b64       0x38 obj/spiffs_nucleus.o
                0x0000000000118b64                spiffs_fd_return
 .text.spiffs_fd_get
                0x0000000000118b9c       0x44 obj/spiffs_nucleus.o
                0x0000000000118b9c                spiffs_fd_get
 .text.spiffs_fd_temporal_cache_rehash
                0x0000000000118be0       0x3a obj/spiffs_nucleus.o
                0x0000000000118be0                spiffs_fd_temporal_cache_rehash
 .text.spiffs_stat_pix
                0x0000000000118c1a       0x84 obj/spiffs_hydrogen.o
 *fill*         0x0000000000118c9e        0x2 
 .text.spiffs_read_dir_v
                0x0000000000118ca0       0x84 obj/spiffs_hydrogen.o
 .text.spiffs_hydro_write.constprop.0
                0x0000000000118d24       0x56 obj/spiffs_hydrogen.o
 .text.spiffs_fflush_cache
                0x0000000000118d7a       0x62 obj/spiffs_hydrogen.o
 .text.SPIFFS_mount
                0x0000000000118ddc       0xc4 obj/spiffs_hydrogen.o
                0x0000000000118ddc                SPIFFS_mount
 .text.SPIFFS_unmount
                0x0000000000118ea0       0x50 obj/spiffs_hydrogen.o
                0x0000000000118ea0                SPIFFS_unmount
 .text.SPIFFS_errno
                0x0000000000118ef0        0x4 obj/spiffs_hydrogen.o
                0x0000000000118ef0                SPIFFS_errno
 .text.SPIFFS_clearerr
                0x0000000000118ef4        0x6 obj/spiffs_hydrogen.o
                0x0000000000118ef4                SPIFFS_clearerr
 *fill*         0x0000000000118efa        0x2 
 .text.SPIFFS_open
                0x0000000000118efc      0x124 obj/spiffs_hydrogen.o
                0x0000000000118efc                SPIFFS_open
 .text.SPIFFS_read
                0x0000000000119020       0xc8 obj/spiffs_hydrogen.o
                0x0000000000119020                SPIFFS_read
 .text.SPIFFS_write
                0x00000000001190e8      0x194 obj/spiffs_hydrogen.o
                0x00000000001190e8                SPIFFS_write
 .text.SPIFFS_remove
                0x000000000011927c       0xc0 obj/spiffs_hydrogen.o
                0x000000000011927c                SPIFFS_remove
 .text.SPIFFS_stat
                0x000000000011933c       0x68 obj/spiffs_hydrogen.o
                0x000000000011933c                SPIFFS_stat
 .text.SPIFFS_close
                0x00000000001193a4       0x48 obj/spiffs_hydrogen.o
                0x00000000001193a4                SPIFFS_close
 .text.SPIFFS_rename
                0x00000000001193ec       0xfc obj/spiffs_hydrogen.o
                0x00000000001193ec                SPIFFS_rename
 .text.SPIFFS_opendir
                0x00000000001194e8       0x38 obj/spiffs_hydrogen.o
                0x00000000001194e8                SPIFFS_opendir
 .text.SPIFFS_readdir
                0x0000000000119520       0x6c obj/spiffs_hydrogen.o
                0x0000000000119520                SPIFFS_readdir
 .text.SPIFFS_closedir
                0x000000000011958c       0x2c obj/spiffs_hydrogen.o
                0x000000000011958c                SPIFFS_closedir
 .text.SPIFFS_check
                0x00000000001195b8       0x4c obj/spiffs_hydrogen.o
                0x00000000001195b8                SPIFFS_check
 .text.SPIFFS_info
                0x0000000000119604       0x54 obj/spiffs_hydrogen.o
                0x0000000000119604                SPIFFS_info
 .text.SPIFFS_gc_quick
                0x0000000000119658       0x3c obj/spiffs_hydrogen.o
                0x0000000000119658                SPIFFS_gc_quick
 .text.SPIFFS_gc
                0x0000000000119694       0x3c obj/spiffs_hydrogen.o
                0x0000000000119694                SPIFFS_gc
 .text.EncodeAddBit
                0x00000000001196d0       0x5c obj/hfops.o
 .text.EncodeFinish
                0x000000000011972c       0x38 obj/hfops.o
 .text.HfReadADC
                0x0000000000119764       0xf4 obj/hfops.o
                0x0000000000119764                HfReadADC
 .text.HfSimulateTkm
                0x0000000000119858      0x29c obj/hfops.o
                0x0000000000119858                HfSimulateTkm
 .text.CodeIso14443aAsTagPar
                0x0000000000119af4      0x10c obj/iso14443a.o
 .text.dist_nt  0x0000000000119c00       0x54 obj/iso14443a.o
 .text.printHf14aConfig
                0x0000000000119c54      0x134 obj/iso14443a.o
                0x0000000000119c54                printHf14aConfig
 .text.setHf14aConfig
                0x0000000000119d88       0x58 obj/iso14443a.o
                0x0000000000119d88                setHf14aConfig
 .text.getHf14aConfig
                0x0000000000119de0        0x8 obj/iso14443a.o
                0x0000000000119de0                getHf14aConfig
 .text.iso14a_set_timeout
                0x0000000000119de8        0xc obj/iso14443a.o
                0x0000000000119de8                iso14a_set_timeout
 .text.iso14a_get_timeout
                0x0000000000119df4        0xc obj/iso14443a.o
                0x0000000000119df4                iso14a_get_timeout
 .text.GetParity
                0x0000000000119e00       0x54 obj/iso14443a.o
                0x0000000000119e00                GetParity
 .text.GetUart14a
                0x0000000000119e54        0x8 obj/iso14443a.o
                0x0000000000119e54                GetUart14a
 .text.Uart14aReset
                0x0000000000119e5c       0x20 obj/iso14443a.o
                0x0000000000119e5c                Uart14aReset
 .text.Demod14aReset
                0x0000000000119e7c       0x24 obj/iso14443a.o
                0x0000000000119e7c                Demod14aReset
 .text.GetIso14443aAnswerFromTag.part.0
                0x0000000000119ea0       0xcc obj/iso14443a.o
 .text.GetIso14443aCommandFromReader
                0x0000000000119f6c       0xa4 obj/iso14443a.o
                0x0000000000119f6c                GetIso14443aCommandFromReader
 .text.prepare_tag_modulation
                0x000000000011a010       0xcc obj/iso14443a.o
                0x000000000011a010                prepare_tag_modulation
 .text.prepare_allocated_tag_modulation
                0x000000000011a0dc       0x3e obj/iso14443a.o
                0x000000000011a0dc                prepare_allocated_tag_modulation
 *fill*         0x000000000011a11a        0x2 
 .text.SimulateIso14443aInit
                0x000000000011a11c      0x474 obj/iso14443a.o
                0x000000000011a11c                SimulateIso14443aInit
 .text.EmGetCmd
                0x000000000011a590      0x128 obj/iso14443a.o
                0x000000000011a590                EmGetCmd
 .text.EmSendCmd14443aRaw
                0x000000000011a6b8      0x130 obj/iso14443a.o
                0x000000000011a6b8                EmSendCmd14443aRaw
 .text.EmLogTrace
                0x000000000011a7e8       0x68 obj/iso14443a.o
                0x000000000011a7e8                EmLogTrace
 .text.EmSend4bit
                0x000000000011a850      0x124 obj/iso14443a.o
                0x000000000011a850                EmSend4bit
 .text.EmSendCmdParEx
                0x000000000011a974       0x7c obj/iso14443a.o
                0x000000000011a974                EmSendCmdParEx
 .text.EmSendCmdPar
                0x000000000011a9f0        0xe obj/iso14443a.o
                0x000000000011a9f0                EmSendCmdPar
 .text.EmSendCmdEx
                0x000000000011a9fe       0x34 obj/iso14443a.o
                0x000000000011a9fe                EmSendCmdEx
 .text.EmSendCmd
                0x000000000011aa32        0xe obj/iso14443a.o
                0x000000000011aa32                EmSendCmd
 .text.EmSendPrecompiledCmd
                0x000000000011aa40       0xec obj/iso14443a.o
                0x000000000011aa40                EmSendPrecompiledCmd
 .text.GetIso14443aAnswerFromTag_Thinfilm
                0x000000000011ab2c      0x290 obj/iso14443a.o
                0x000000000011ab2c                GetIso14443aAnswerFromTag_Thinfilm
 .text.ReaderTransmitBitsPar
                0x000000000011adbc      0x310 obj/iso14443a.o
                0x000000000011adbc                ReaderTransmitBitsPar
 .text.ReaderTransmitPar
                0x000000000011b0cc       0x10 obj/iso14443a.o
                0x000000000011b0cc                ReaderTransmitPar
 .text.ReaderTransmit
                0x000000000011b0dc       0x36 obj/iso14443a.o
                0x000000000011b0dc                ReaderTransmit
 *fill*         0x000000000011b112        0x2 
 .text.ReaderReceive
                0x000000000011b114       0x54 obj/iso14443a.o
                0x000000000011b114                ReaderReceive
 .text.GetATQA  0x000000000011b168       0xf4 obj/iso14443a.o
 .text.iso14443a_select_cardEx
                0x000000000011b25c      0x608 obj/iso14443a.o
                0x000000000011b25c                iso14443a_select_cardEx
 .text.iso14443a_select_card
                0x000000000011b864       0x20 obj/iso14443a.o
                0x000000000011b864                iso14443a_select_card
 .text.iso14443a_fast_select_card
                0x000000000011b884       0xe4 obj/iso14443a.o
                0x000000000011b884                iso14443a_fast_select_card
 .text.iso14443a_setup
                0x000000000011b968       0x74 obj/iso14443a.o
                0x000000000011b968                iso14443a_setup
 .text.SimulateIso14443aTag
                0x000000000011b9dc      0x9c4 obj/iso14443a.o
                0x000000000011b9dc                SimulateIso14443aTag
 .text.iso14443a_antifuzz
                0x000000000011c3a0      0x180 obj/iso14443a.o
                0x000000000011c3a0                iso14443a_antifuzz
 .text.iso14_apdu
                0x000000000011c520      0x164 obj/iso14443a.o
                0x000000000011c520                iso14_apdu
 .text.ReaderIso14443a
                0x000000000011c684      0x2dc obj/iso14443a.o
                0x000000000011c684                ReaderIso14443a
 .text.ReaderMifare
                0x000000000011c960      0x500 obj/iso14443a.o
                0x000000000011c960                ReaderMifare
 .text.DetectNACKbug
                0x000000000011ce60      0x3e8 obj/iso14443a.o
                0x000000000011ce60                DetectNACKbug
 .text.mf_crypto1_decryptEx
                0x000000000011d248       0xa8 obj/mifareutil.o
                0x000000000011d248                mf_crypto1_decryptEx
 .text.mf_crypto1_encryptEx
                0x000000000011d2f0       0x7c obj/mifareutil.o
                0x000000000011d2f0                mf_crypto1_encryptEx
 .text.mf_crypto1_encrypt
                0x000000000011d36c       0x14 obj/mifareutil.o
                0x000000000011d36c                mf_crypto1_encrypt
 .text.mf_crypto1_encrypt4bit
                0x000000000011d380       0x74 obj/mifareutil.o
                0x000000000011d380                mf_crypto1_encrypt4bit
 .text.mifare_sendcmd
                0x000000000011d3f4       0x80 obj/mifareutil.o
                0x000000000011d3f4                mifare_sendcmd
 .text.mifare_sendcmd_short
                0x000000000011d474      0x160 obj/mifareutil.o
                0x000000000011d474                mifare_sendcmd_short
 .text.mifare_ultra_readblockEx
                0x000000000011d5d4       0xcc obj/mifareutil.o
 .text.mifare_classic_authex_2
                0x000000000011d6a0      0x244 obj/mifareutil.o
                0x000000000011d6a0                mifare_classic_authex_2
 .text.mifare_classic_authex
                0x000000000011d8e4       0x28 obj/mifareutil.o
                0x000000000011d8e4                mifare_classic_authex
 .text.mifare_classic_auth
                0x000000000011d90c       0x22 obj/mifareutil.o
                0x000000000011d90c                mifare_classic_auth
 *fill*         0x000000000011d92e        0x2 
 .text.mifare_classic_readblock_ex
                0x000000000011d930       0xdc obj/mifareutil.o
                0x000000000011d930                mifare_classic_readblock_ex
 .text.mifare_classic_readblock
                0x000000000011da0c       0x10 obj/mifareutil.o
                0x000000000011da0c                mifare_classic_readblock
 .text.mifare_ul_ev1_auth
                0x000000000011da1c       0xa4 obj/mifareutil.o
                0x000000000011da1c                mifare_ul_ev1_auth
 .text.mifare_ultra_auth
                0x000000000011dac0      0x2b8 obj/mifareutil.o
                0x000000000011dac0                mifare_ultra_auth
 .text.mifare_ultra_readblock
                0x000000000011dd78       0x28 obj/mifareutil.o
                0x000000000011dd78                mifare_ultra_readblock
 .text.mifare_classic_writeblock_ex
                0x000000000011dda0      0x1c0 obj/mifareutil.o
                0x000000000011dda0                mifare_classic_writeblock_ex
 .text.mifare_classic_writeblock
                0x000000000011df60       0x10 obj/mifareutil.o
                0x000000000011df60                mifare_classic_writeblock
 .text.mifare_classic_write_cfg_block_gdm
                0x000000000011df70      0x180 obj/mifareutil.o
                0x000000000011df70                mifare_classic_write_cfg_block_gdm
 .text.mifare_classic_value
                0x000000000011e0f0      0x1a4 obj/mifareutil.o
                0x000000000011e0f0                mifare_classic_value
 .text.mifare_ultra_writeblock_compat
                0x000000000011e294       0xb8 obj/mifareutil.o
                0x000000000011e294                mifare_ultra_writeblock_compat
 .text.mifare_ultra_writeblock
                0x000000000011e34c       0x84 obj/mifareutil.o
                0x000000000011e34c                mifare_ultra_writeblock
 .text.mifare_classic_halt_ex
                0x000000000011e3d0       0x48 obj/mifareutil.o
                0x000000000011e3d0                mifare_classic_halt_ex
 .text.mifare_classic_halt
                0x000000000011e418        0xc obj/mifareutil.o
                0x000000000011e418                mifare_classic_halt
 .text.mifare_ultra_halt
                0x000000000011e424       0x44 obj/mifareutil.o
                0x000000000011e424                mifare_ultra_halt
 .text.NumBlocksPerSector
                0x000000000011e468        0xc obj/mifareutil.o
                0x000000000011e468                NumBlocksPerSector
 .text.FirstBlockOfSector
                0x000000000011e474       0x10 obj/mifareutil.o
                0x000000000011e474                FirstBlockOfSector
 .text.emlSetMem_xt
                0x000000000011e484       0x22 obj/mifareutil.o
                0x000000000011e484                emlSetMem_xt
 .text.emlSetMem
                0x000000000011e4a6        0xe obj/mifareutil.o
                0x000000000011e4a6                emlSetMem
 .text.emlGetMem
                0x000000000011e4b4       0x1e obj/mifareutil.o
                0x000000000011e4b4                emlGetMem
 .text.emlGetMemBt
                0x000000000011e4d2       0x1c obj/mifareutil.o
                0x000000000011e4d2                emlGetMemBt
 .text.emlCheckValBl
                0x000000000011e4ee       0x86 obj/mifareutil.o
                0x000000000011e4ee                emlCheckValBl
 .text.emlGetValBl
                0x000000000011e574       0x38 obj/mifareutil.o
                0x000000000011e574                emlGetValBl
 .text.emlSetValBl
                0x000000000011e5ac       0x4c obj/mifareutil.o
                0x000000000011e5ac                emlSetValBl
 .text.emlGetKey
                0x000000000011e5f8       0x4a obj/mifareutil.o
                0x000000000011e5f8                emlGetKey
 *fill*         0x000000000011e642        0x2 
 .text.emlClearMem
                0x000000000011e644       0x64 obj/mifareutil.o
                0x000000000011e644                emlClearMem
 .text.SectorTrailer
                0x000000000011e6a8       0x30 obj/mifareutil.o
                0x000000000011e6a8                SectorTrailer
 .text.IsSectorTrailer
                0x000000000011e6d8       0x14 obj/mifareutil.o
                0x000000000011e6d8                IsSectorTrailer
 .text.chkKey   0x000000000011e6ec       0x48 obj/mifarecmd.o
 .text.chkKey_scanB.constprop.0
                0x000000000011e734       0x84 obj/mifarecmd.o
 .text.chkKey_loopBonly.constprop.0
                0x000000000011e7b8      0x144 obj/mifarecmd.o
 .text.chkKey_scanA.constprop.0
                0x000000000011e8fc       0x80 obj/mifarecmd.o
 .text.MifareReadBlock
                0x000000000011e97c      0x144 obj/mifarecmd.o
                0x000000000011e97c                MifareReadBlock
 .text.MifareUC_Auth
                0x000000000011eac0       0xc4 obj/mifarecmd.o
                0x000000000011eac0                MifareUC_Auth
 .text.MifareUReadBlock
                0x000000000011eb84      0x124 obj/mifarecmd.o
                0x000000000011eb84                MifareUReadBlock
 .text.MifareReadConfigBlockGDM
                0x000000000011eca8       0xdc obj/mifarecmd.o
                0x000000000011eca8                MifareReadConfigBlockGDM
 .text.MifareReadSector
                0x000000000011ed84      0x190 obj/mifarecmd.o
                0x000000000011ed84                MifareReadSector
 .text.MifareUReadCard
                0x000000000011ef14      0x18c obj/mifarecmd.o
                0x000000000011ef14                MifareUReadCard
 .text.MifareWriteBlock
                0x000000000011f0a0      0x160 obj/mifarecmd.o
                0x000000000011f0a0                MifareWriteBlock
 .text.MifareWriteBlockGDM
                0x000000000011f200       0xe8 obj/mifarecmd.o
                0x000000000011f200                MifareWriteBlockGDM
 .text.MifareWriteConfigBlockGDM
                0x000000000011f2e8       0xd0 obj/mifarecmd.o
                0x000000000011f2e8                MifareWriteConfigBlockGDM
 .text.MifareValue
                0x000000000011f3b8      0x1fc obj/mifarecmd.o
                0x000000000011f3b8                MifareValue
 .text.MifareUWriteBlock
                0x000000000011f5b4      0x130 obj/mifarecmd.o
                0x000000000011f5b4                MifareUWriteBlock
 .text.MifareUWriteBlockCompat
                0x000000000011f6e4      0x13c obj/mifarecmd.o
                0x000000000011f6e4                MifareUWriteBlockCompat
 .text.MifareUSetPwd
                0x000000000011f820      0x194 obj/mifarecmd.o
                0x000000000011f820                MifareUSetPwd
 .text.MifareAcquireNonces
                0x000000000011f9b4      0x21c obj/mifarecmd.o
                0x000000000011f9b4                MifareAcquireNonces
 .text.MifareAcquireEncryptedNonces
                0x000000000011fbd0      0x350 obj/mifarecmd.o
                0x000000000011fbd0                MifareAcquireEncryptedNonces
 .text.MifareNested
                0x000000000011ff20      0x628 obj/mifarecmd.o
                0x000000000011ff20                MifareNested
 .text.MifareStaticNested
                0x0000000000120548      0x278 obj/mifarecmd.o
                0x0000000000120548                MifareStaticNested
 .text.MifareChkKeys
                0x00000000001207c0      0x1a8 obj/mifarecmd.o
                0x00000000001207c0                MifareChkKeys
 .text.MifareChkKeys_file
                0x0000000000120968       0x52 obj/mifarecmd.o
                0x0000000000120968                MifareChkKeys_file
 *fill*         0x00000000001209ba        0x2 
 .text.MifarePersonalizeUID
                0x00000000001209bc      0x11c obj/mifarecmd.o
                0x00000000001209bc                MifarePersonalizeUID
 .text.MifareEMemClr
                0x0000000000120ad8       0x12 obj/mifarecmd.o
                0x0000000000120ad8                MifareEMemClr
 .text.MifareEMemSet
                0x0000000000120aea       0x28 obj/mifarecmd.o
                0x0000000000120aea                MifareEMemSet
 *fill*         0x0000000000120b12        0x2 
 .text.MifareEMemGet
                0x0000000000120b14       0x64 obj/mifarecmd.o
                0x0000000000120b14                MifareEMemGet
 .text.MifareECardLoad
                0x0000000000120b78      0x1f8 obj/mifarecmd.o
                0x0000000000120b78                MifareECardLoad
 .text.MifareChkKeys_fast
                0x0000000000120d70      0x67c obj/mifarecmd.o
                0x0000000000120d70                MifareChkKeys_fast
 .text.MifareECardLoadExt
                0x00000000001213ec       0x24 obj/mifarecmd.o
                0x00000000001213ec                MifareECardLoadExt
 .text.OnSuccessMagic
                0x0000000000121410       0x1a obj/mifarecmd.o
                0x0000000000121410                OnSuccessMagic
 *fill*         0x000000000012142a        0x2 
 .text.MifareCIdent
                0x000000000012142c      0x370 obj/mifarecmd.o
                0x000000000012142c                MifareCIdent
 .text.MifareHasStaticNonce
                0x000000000012179c      0x130 obj/mifarecmd.o
                0x000000000012179c                MifareHasStaticNonce
 .text.OnErrorMagic
                0x00000000001218cc       0x2e obj/mifarecmd.o
                0x00000000001218cc                OnErrorMagic
 *fill*         0x00000000001218fa        0x2 
 .text.MifareCSetBlock
                0x00000000001218fc      0x29c obj/mifarecmd.o
                0x00000000001218fc                MifareCSetBlock
 .text.MifareCGetBlock
                0x0000000000121b98      0x1a4 obj/mifarecmd.o
                0x0000000000121b98                MifareCGetBlock
 .text.DoGen3Cmd
                0x0000000000121d3c       0xa0 obj/mifarecmd.o
                0x0000000000121d3c                DoGen3Cmd
 .text.MifareGen3UID
                0x0000000000121ddc       0xcc obj/mifarecmd.o
                0x0000000000121ddc                MifareGen3UID
 .text.MifareGen3Blk
                0x0000000000121ea8      0x148 obj/mifarecmd.o
                0x0000000000121ea8                MifareGen3Blk
 .text.MifareGen3Freez
                0x0000000000121ff0       0x68 obj/mifarecmd.o
                0x0000000000121ff0                MifareGen3Freez
 .text.MifareG4ReadBlk
                0x0000000000122058      0x154 obj/mifarecmd.o
                0x0000000000122058                MifareG4ReadBlk
 .text.MifareG4WriteBlk
                0x00000000001221ac      0x180 obj/mifarecmd.o
                0x00000000001221ac                MifareG4WriteBlk
 .text.MifareSetMod
                0x000000000012232c      0x16c obj/mifarecmd.o
                0x000000000012232c                MifareSetMod
 .text.MifareU_Otp_Tearoff
                0x0000000000122498       0xf0 obj/mifarecmd.o
                0x0000000000122498                MifareU_Otp_Tearoff
 .text.MifareU_Counter_Tearoff
                0x0000000000122588       0xd4 obj/mifarecmd.o
                0x0000000000122588                MifareU_Counter_Tearoff
 .text.EPA_APDU
                0x000000000012265c       0x38 obj/epa.o
 .text.EPA_Finish
                0x0000000000122694       0x20 obj/epa.o
                0x0000000000122694                EPA_Finish
 .text.EPA_PACE_Collect_Nonce_Abort
                0x00000000001226b4       0x34 obj/epa.o
 .text.EPA_Parse_CardAccess
                0x00000000001226e8       0xbc obj/epa.o
                0x00000000001226e8                EPA_Parse_CardAccess
 .text.EPA_Read_CardAccess
                0x00000000001227a4       0x98 obj/epa.o
                0x00000000001227a4                EPA_Read_CardAccess
 .text.EPA_PACE_Get_Nonce
                0x000000000012283c       0x74 obj/epa.o
                0x000000000012283c                EPA_PACE_Get_Nonce
 .text.EPA_PACE_MSE_Set_AT
                0x00000000001228b0       0x78 obj/epa.o
                0x00000000001228b0                EPA_PACE_MSE_Set_AT
 .text.EPA_Setup
                0x0000000000122928       0xac obj/epa.o
                0x0000000000122928                EPA_Setup
 .text.EPA_PACE_Collect_Nonce
                0x00000000001229d4       0xbc obj/epa.o
                0x00000000001229d4                EPA_PACE_Collect_Nonce
 .text.EPA_PACE_Replay
                0x0000000000122a90      0x164 obj/epa.o
                0x0000000000122a90                EPA_PACE_Replay
 .text.EPA_PACE_Simulate
                0x0000000000122bf4       0x84 obj/epa.o
                0x0000000000122bf4                EPA_PACE_Simulate
 .text.IsAccessAllowed
                0x0000000000122c78      0x2a8 obj/mifaresim.o
 .text.Mifare1ksim
                0x0000000000122f20     0x1ab8 obj/mifaresim.o
                0x0000000000122f20                Mifare1ksim
 .text.Uart14bReset
                0x00000000001249d8       0x1c obj/iso14443b.o
 .text.Demod14bReset
                0x00000000001249f4       0x1c obj/iso14443b.o
 .text.iso14b_set_timeout
                0x0000000000124a10       0x34 obj/iso14443b.o
 .text.CodeIso14443bAsTag
                0x0000000000124a44      0x118 obj/iso14443b.o
 .text.TransmitFor14443b_AsTag
                0x0000000000124b5c       0x4c obj/iso14443b.o
 .text.CodeAndTransmit14443bAsReader
                0x0000000000124ba8      0x254 obj/iso14443b.o
 .text.Get14443bAnswerFromTag
                0x0000000000124dfc      0x1a4 obj/iso14443b.o
 .text.iso14443b_select_srx_card
                0x0000000000124fa0      0x180 obj/iso14443b.o
 .text.SimulateIso14443bTag
                0x0000000000125120      0x300 obj/iso14443b.o
                0x0000000000125120                SimulateIso14443bTag
 .text.iso14443b_apdu
                0x0000000000125420      0x190 obj/iso14443b.o
                0x0000000000125420                iso14443b_apdu
 .text.iso14443b_select_xrx_card
                0x00000000001255b0      0x2ac obj/iso14443b.o
                0x00000000001255b0                iso14443b_select_xrx_card
 .text.iso14443b_select_card
                0x000000000012585c      0x1b0 obj/iso14443b.o
                0x000000000012585c                iso14443b_select_card
 .text.iso14443b_setup
                0x0000000000125a0c       0x84 obj/iso14443b.o
                0x0000000000125a0c                iso14443b_setup
 .text.ReadSTBlock
                0x0000000000125a90      0x12c obj/iso14443b.o
                0x0000000000125a90                ReadSTBlock
 .text.SniffIso14443b
                0x0000000000125bbc      0x340 obj/iso14443b.o
                0x0000000000125bbc                SniffIso14443b
 .text.SendRawCommand14443B_Ex
                0x0000000000125efc      0x440 obj/iso14443b.o
                0x0000000000125efc                SendRawCommand14443B_Ex
 .text.filter   0x000000000012633c       0x6c obj/crypto1.o
                0x000000000012633c                filter
 .text.crypto1_init
                0x00000000001263a8       0x50 obj/crypto1.o
                0x00000000001263a8                crypto1_init
 .text.crypto1_deinit
                0x00000000001263f8        0x8 obj/crypto1.o
                0x00000000001263f8                crypto1_deinit
 .text.crypto1_bit
                0x0000000000126400       0x4c obj/crypto1.o
                0x0000000000126400                crypto1_bit
 .text.crypto1_byte
                0x000000000012644c       0xb4 obj/crypto1.o
                0x000000000012644c                crypto1_byte
 .text.crypto1_word
                0x0000000000126500      0x286 obj/crypto1.o
                0x0000000000126500                crypto1_word
 *fill*         0x0000000000126786        0x2 
 .text.prng_successor
                0x0000000000126788       0x4c obj/crypto1.o
                0x0000000000126788                prng_successor
 .text.mbedtls_des_setkey
                0x00000000001267d4      0x300 obj/des.o
                0x00000000001267d4                mbedtls_des_setkey
 .text.des3_set2key
                0x0000000000126ad4       0x86 obj/des.o
 .text.des3_set3key
                0x0000000000126b5a       0x6e obj/des.o
 .text.mbedtls_des_setkey_enc
                0x0000000000126bc8        0xe obj/des.o
                0x0000000000126bc8                mbedtls_des_setkey_enc
 .text.mbedtls_des_setkey_dec
                0x0000000000126bd6       0x30 obj/des.o
                0x0000000000126bd6                mbedtls_des_setkey_dec
 .text.mbedtls_des3_set2key_enc
                0x0000000000126c06       0x1e obj/des.o
                0x0000000000126c06                mbedtls_des3_set2key_enc
 .text.mbedtls_des3_set2key_dec
                0x0000000000126c24       0x20 obj/des.o
                0x0000000000126c24                mbedtls_des3_set2key_dec
 .text.mbedtls_des3_set3key_enc
                0x0000000000126c44       0x1e obj/des.o
                0x0000000000126c44                mbedtls_des3_set3key_enc
 .text.mbedtls_des3_set3key_dec
                0x0000000000126c62       0x20 obj/des.o
                0x0000000000126c62                mbedtls_des3_set3key_dec
 *fill*         0x0000000000126c82        0x2 
 .text.mbedtls_des_crypt_ecb
                0x0000000000126c84      0x214 obj/des.o
                0x0000000000126c84                mbedtls_des_crypt_ecb
 .text.mbedtls_des3_crypt_ecb
                0x0000000000126e98      0x414 obj/des.o
                0x0000000000126e98                mbedtls_des3_crypt_ecb
 .text.des_decrypt
                0x00000000001272ac       0x24 obj/desfire_crypto.o
                0x00000000001272ac                des_decrypt
 .text.tdes_nxp_receive
                0x00000000001272d0       0x74 obj/desfire_crypto.o
                0x00000000001272d0                tdes_nxp_receive
 .text.tdes_nxp_send
                0x0000000000127344       0x70 obj/desfire_crypto.o
                0x0000000000127344                tdes_nxp_send
 .text.Desfire_des_key_new_with_version
                0x00000000001273b4       0x28 obj/desfire_crypto.o
                0x00000000001273b4                Desfire_des_key_new_with_version
 .text.Desfire_des_key_new
                0x00000000001273dc       0x30 obj/desfire_crypto.o
                0x00000000001273dc                Desfire_des_key_new
 .text.Desfire_3des_key_new_with_version
                0x000000000012740c       0x1c obj/desfire_crypto.o
                0x000000000012740c                Desfire_3des_key_new_with_version
 .text.Desfire_3k3des_key_new_with_version
                0x0000000000127428       0x1c obj/desfire_crypto.o
                0x0000000000127428                Desfire_3k3des_key_new_with_version
 .text.Desfire_3k3des_key_new
                0x0000000000127444       0x34 obj/desfire_crypto.o
                0x0000000000127444                Desfire_3k3des_key_new
 .text.Desfire_aes_key_new_with_version
                0x0000000000127478       0x22 obj/desfire_crypto.o
                0x0000000000127478                Desfire_aes_key_new_with_version
 .text.Desfire_aes_key_new
                0x000000000012749a       0x10 obj/desfire_crypto.o
                0x000000000012749a                Desfire_aes_key_new
 .text.Desfire_session_key_new
                0x00000000001274aa       0xe2 obj/desfire_crypto.o
                0x00000000001274aa                Desfire_session_key_new
 .text.CreateAPDU
                0x000000000012758c       0x88 obj/mifaredesfire.o
                0x000000000012758c                CreateAPDU
 .text.DesfireAPDU
                0x0000000000127614       0xb4 obj/mifaredesfire.o
                0x0000000000127614                DesfireAPDU
 .text.OnSuccess
                0x00000000001276c8       0x40 obj/mifaredesfire.o
                0x00000000001276c8                OnSuccess
 .text.MifareDesfireGetInformation
                0x0000000000127708      0x1e4 obj/mifaredesfire.o
                0x0000000000127708                MifareDesfireGetInformation
 .text.OnError  0x00000000001278ec       0x2e obj/mifaredesfire.o
                0x00000000001278ec                OnError
 *fill*         0x000000000012791a        0x2 
 .text.InitDesfireCard
                0x000000000012791c       0x58 obj/mifaredesfire.o
                0x000000000012791c                InitDesfireCard
 .text.MifareSendCommand
                0x0000000000127974       0xd4 obj/mifaredesfire.o
                0x0000000000127974                MifareSendCommand
 .text.OnErrorNG
                0x0000000000127a48       0x14 obj/mifaredesfire.o
                0x0000000000127a48                OnErrorNG
 .text.MifareDES_Auth1
                0x0000000000127a5c      0x620 obj/mifaredesfire.o
                0x0000000000127a5c                MifareDES_Auth1
 .text.mbedtls_aes_init
                0x000000000012807c       0x12 obj/aes.o
                0x000000000012807c                mbedtls_aes_init
 .text.mbedtls_aes_free
                0x000000000012808e       0x14 obj/aes.o
                0x000000000012808e                mbedtls_aes_free
 *fill*         0x00000000001280a2        0x2 
 .text.mbedtls_aes_setkey_enc
                0x00000000001280a4      0x1b0 obj/aes.o
                0x00000000001280a4                mbedtls_aes_setkey_enc
 .text.mbedtls_aes_setkey_dec
                0x0000000000128254      0x108 obj/aes.o
                0x0000000000128254                mbedtls_aes_setkey_dec
 .text.mbedtls_internal_aes_encrypt
                0x000000000012835c      0x3bc obj/aes.o
                0x000000000012835c                mbedtls_internal_aes_encrypt
 .text.mbedtls_internal_aes_decrypt
                0x0000000000128718      0x3b8 obj/aes.o
                0x0000000000128718                mbedtls_internal_aes_decrypt
 .text.mbedtls_aes_crypt_ecb
                0x0000000000128ad0       0x1c obj/aes.o
                0x0000000000128ad0                mbedtls_aes_crypt_ecb
 .text.mbedtls_aes_crypt_cbc
                0x0000000000128aec       0xac obj/aes.o
                0x0000000000128aec                mbedtls_aes_crypt_cbc
 .text.mbedtls_platform_zeroize
                0x0000000000128b98       0x14 obj/platform_util.o
                0x0000000000128b98                mbedtls_platform_zeroize
 .text.rotateCSN
                0x0000000000128bac       0x24 obj/iclass.o
 .text.CodeIClassTagSOF
                0x0000000000128bd0       0x22 obj/iclass.o
 .text.iclass_send_as_reader
                0x0000000000128bf2       0x56 obj/iclass.o
 .text.iclass_send_cmd_with_retries
                0x0000000000128c48       0x7e obj/iclass.o
 *fill*         0x0000000000128cc6        0x2 
 .text.select_iclass_tag_ex.constprop.0
                0x0000000000128cc8      0x280 obj/iclass.o
 .text.SniffIClass
                0x0000000000128f48        0xe obj/iclass.o
                0x0000000000128f48                SniffIClass
 *fill*         0x0000000000128f56        0x2 
 .text.do_iclass_simulation
                0x0000000000128f58      0x908 obj/iclass.o
                0x0000000000128f58                do_iclass_simulation
 .text.do_iclass_simulation_nonsec
                0x0000000000129860      0x450 obj/iclass.o
                0x0000000000129860                do_iclass_simulation_nonsec
 .text.iclass_simulate
                0x0000000000129cb0      0x1c4 obj/iclass.o
                0x0000000000129cb0                iclass_simulate
 .text.SimulateIClass
                0x0000000000129e74       0x1e obj/iclass.o
                0x0000000000129e74                SimulateIClass
 .text.select_iclass_tag
                0x0000000000129e92       0x1c obj/iclass.o
                0x0000000000129e92                select_iclass_tag
 .text.ReaderIClass
                0x0000000000129eae       0x88 obj/iclass.o