Archive member included to satisfy reference by file (symbol)

/opt/local/lib/gcc/arm-none-eabi/12.2.0/libgcc.a(_thumb1_case_sqi.o)
                              obj/iso14443b.o (__gnu_thumb1_case_sqi)
/opt/local/lib/gcc/arm-none-eabi/12.2.0/libgcc.a(_thumb1_case_uqi.o)
                              obj/iso15693.o (__gnu_thumb1_case_uqi)
/opt/local/lib/gcc/arm-none-eabi/12.2.0/libgcc.a(_thumb1_case_shi.o)
                              obj/iso14443b.o (__gnu_thumb1_case_shi)
/opt/local/lib/gcc/arm-none-eabi/12.2.0/libgcc.a(_thumb1_case_uhi.o)
                              obj/hitag2.o (__gnu_thumb1_case_uhi)
/opt/local/lib/gcc/arm-none-eabi/12.2.0/libgcc.a(_thumb1_case_si.o)
                              obj/appmain.o (__gnu_thumb1_case_si)
/opt/local/lib/gcc/arm-none-eabi/12.2.0/libgcc.a(_udivsi3.o)
                              obj/lfsampling.o (__aeabi_uidiv)
/opt/local/lib/gcc/arm-none-eabi/12.2.0/libgcc.a(_divsi3.o)
                              obj/lfops.o (__aeabi_idiv)
/opt/local/lib/gcc/arm-none-eabi/12.2.0/libgcc.a(_dvmd_tls.o)
                              /opt/local/lib/gcc/arm-none-eabi/12.2.0/libgcc.a(_udivsi3.o) (__aeabi_idiv0)
/opt/local/lib/gcc/arm-none-eabi/12.2.0/libgcc.a(_lshrdi3.o)
                              obj/hitag2_crypto.o (__aeabi_llsr)
/opt/local/lib/gcc/arm-none-eabi/12.2.0/libgcc.a(_ashldi3.o)
                              obj/hitag2_crypto.o (__aeabi_llsl)
/opt/local/lib/gcc/arm-none-eabi/12.2.0/libgcc.a(_ctzsi2.o)
                              obj/lz4.o (__ctzsi2)
/opt/local/lib/gcc/arm-none-eabi/12.2.0/libgcc.a(_aeabi_ldivmod.o)
                              obj/commonutil.o (__aeabi_ldivmod)
/opt/local/lib/gcc/arm-none-eabi/12.2.0/libgcc.a(_aeabi_uldivmod.o)
                              obj/printf.o (__aeabi_uldivmod)
/opt/local/lib/gcc/arm-none-eabi/12.2.0/libgcc.a(_muldi3.o)
                              obj/lfops.o (__aeabi_lmul)
/opt/local/lib/gcc/arm-none-eabi/12.2.0/libgcc.a(_paritysi2.o)
                              obj/lfdemod.o (__paritysi2)
/opt/local/lib/gcc/arm-none-eabi/12.2.0/libgcc.a(_bswapsi2.o)
                              obj/generator.o (__bswapsi2)
/opt/local/lib/gcc/arm-none-eabi/12.2.0/libgcc.a(_bswapdi2.o)
                              obj/generator.o (__bswapdi2)
/opt/local/lib/gcc/arm-none-eabi/12.2.0/libgcc.a(_udivmoddi4.o)
                              /opt/local/lib/gcc/arm-none-eabi/12.2.0/libgcc.a(_aeabi_ldivmod.o) (__udivmoddi4)
/opt/local/lib/gcc/arm-none-eabi/12.2.0/libgcc.a(_clzdi2.o)
                              /opt/local/lib/gcc/arm-none-eabi/12.2.0/libgcc.a(_udivmoddi4.o) (__clzdi2)
/opt/local/lib/gcc/arm-none-eabi/12.2.0/libgcc.a(_clzsi2.o)
                              /opt/local/lib/gcc/arm-none-eabi/12.2.0/libgcc.a(_clzdi2.o) (__clzsi2)

Discarded input sections

 .text          0x00000000        0x0 obj/version_pm3.o
 .data          0x00000000        0x0 obj/version_pm3.o
 .bss           0x00000000        0x0 obj/version_pm3.o
 .text          0x00000000        0x0 obj/fpga_version_info.o
 .data          0x00000000        0x0 obj/fpga_version_info.o
 .bss           0x00000000        0x0 obj/fpga_version_info.o
 .text          0x00000000        0x0 obj/start.o
 .data          0x00000000        0x0 obj/start.o
 .bss           0x00000000        0x0 obj/start.o
 .text          0x00000000        0x0 obj/iso15693.o
 .data          0x00000000        0x0 obj/iso15693.o
 .bss           0x00000000        0x0 obj/iso15693.o
 .text          0x00000000        0x0 obj/iso15693tools.o
 .data          0x00000000        0x0 obj/iso15693tools.o
 .bss           0x00000000        0x0 obj/iso15693tools.o
 .text          0x00000000        0x0 obj/thinfilm.o
 .data          0x00000000        0x0 obj/thinfilm.o
 .bss           0x00000000        0x0 obj/thinfilm.o
 .text          0x00000000        0x0 obj/lfops.o
 .data          0x00000000        0x0 obj/lfops.o
 .bss           0x00000000        0x0 obj/lfops.o
 .text.getT55xxConfig
                0x00000000        0x8 obj/lfops.o
 .text          0x00000000        0x0 obj/lfsampling.o
 .data          0x00000000        0x0 obj/lfsampling.o
 .bss           0x00000000        0x0 obj/lfsampling.o
 .rodata.doT55x7Acquisition.str1.1
                0x00000000       0x20 obj/lfsampling.o
 .text.doT55x7Acquisition
                0x00000000      0x158 obj/lfsampling.o
 .text          0x00000000        0x0 obj/pcf7931.o
 .data          0x00000000        0x0 obj/pcf7931.o
 .bss           0x00000000        0x0 obj/pcf7931.o
 .text          0x00000000        0x0 obj/lfdemod.o
 .data          0x00000000        0x0 obj/lfdemod.o
 .bss           0x00000000        0x0 obj/lfdemod.o
 .text.findST.constprop.0
                0x00000000       0xca obj/lfdemod.o
 .text.getSignalProperties
                0x00000000        0x8 obj/lfdemod.o
 .text.parityTest
                0x00000000       0x1c obj/lfdemod.o
 .text.addParity
                0x00000000       0x9a obj/lfdemod.o
 .text.bits_to_array
[...]
Memory Configuration

Name             Origin             Length             Attributes
bootphase1       0x00100000         0x00000200
bootphase2       0x00100200         0x00001e00
osimage          0x00102000         0x0007e000
ram              0x00200000         0x0000ffe0
stack            0x0020deb8         0x00002128
commonarea       0x0020ffe0         0x00000020
*default*        0x00000000         0xffffffff

Linker script and memory map

                0x00002128                        stacksize = DEFINED (stacksize)?stacksize:0x2128
                0x00000020                        commonareasize = 0x20
                0x001001fc                        _bootphase1_version_pointer = ((ORIGIN (bootphase1) + LENGTH (bootphase1)) - 0x4)
                0x00102000                        _osimage_entry = ORIGIN (osimage)
                0x00100000                        _bootrom_start = ORIGIN (bootphase1)
                0x00102000                        _bootrom_end = (ORIGIN (bootphase2) + LENGTH (bootphase2))
                0x00100000                        _flash_start = ORIGIN (bootphase1)
                0x00180000                        _flash_end = (ORIGIN (osimage) + LENGTH (osimage))
                0x0020deb8                        _stack_start = ORIGIN (stack)
                0x0020ffd8                        _stack_end = ((ORIGIN (ram) + LENGTH (ram)) - 0x8)

.start          0x00102000      0x120
 *(.startos)
 .startos       0x00102000      0x120 obj/start.o
                0x00102000                Vector

.text           0x00102120    0x31520
 *(.text)
 .text          0x00102120       0x14 /opt/local/lib/gcc/arm-none-eabi/12.2.0/libgcc.a(_thumb1_case_sqi.o)
                0x00102120                __gnu_thumb1_case_sqi
 .text          0x00102134       0x14 /opt/local/lib/gcc/arm-none-eabi/12.2.0/libgcc.a(_thumb1_case_uqi.o)
                0x00102134                __gnu_thumb1_case_uqi
 .text          0x00102148       0x14 /opt/local/lib/gcc/arm-none-eabi/12.2.0/libgcc.a(_thumb1_case_shi.o)
                0x00102148                __gnu_thumb1_case_shi
 .text          0x0010215c       0x14 /opt/local/lib/gcc/arm-none-eabi/12.2.0/libgcc.a(_thumb1_case_uhi.o)
                0x0010215c                __gnu_thumb1_case_uhi
 .text          0x00102170       0x18 /opt/local/lib/gcc/arm-none-eabi/12.2.0/libgcc.a(_thumb1_case_si.o)
                0x00102170                __gnu_thumb1_case_si
 .text          0x00102188      0x114 /opt/local/lib/gcc/arm-none-eabi/12.2.0/libgcc.a(_udivsi3.o)
                0x00102188                __udivsi3
                0x00102188                __aeabi_uidiv
                0x0010227c                __aeabi_uidivmod
 .text          0x0010229c      0x148 /opt/local/lib/gcc/arm-none-eabi/12.2.0/libgcc.a(_divsi3.o)
                0x0010229c                __aeabi_idiv
                0x0010229c                __divsi3
                0x001023c4                __aeabi_idivmod
 .text          0x001023e4        0x4 /opt/local/lib/gcc/arm-none-eabi/12.2.0/libgcc.a(_dvmd_tls.o)
                0x001023e4                __aeabi_ldiv0
                0x001023e4                __aeabi_idiv0
 .text          0x001023e8       0x1c /opt/local/lib/gcc/arm-none-eabi/12.2.0/libgcc.a(_lshrdi3.o)
                0x001023e8                __aeabi_llsr
                0x001023e8                __lshrdi3
 .text          0x00102404       0x1c /opt/local/lib/gcc/arm-none-eabi/12.2.0/libgcc.a(_ashldi3.o)
                0x00102404                __ashldi3
                0x00102404                __aeabi_llsl
 .text          0x00102420       0x3c /opt/local/lib/gcc/arm-none-eabi/12.2.0/libgcc.a(_aeabi_uldivmod.o)
                0x00102420                __aeabi_uldivmod
 .text          0x0010245c       0x18 /opt/local/lib/gcc/arm-none-eabi/12.2.0/libgcc.a(_muldi3.o)
                0x0010245c                __aeabi_lmul
                0x0010245c                __muldi3
 .text          0x00102474       0x24 /opt/local/lib/gcc/arm-none-eabi/12.2.0/libgcc.a(_paritysi2.o)
                0x00102474                __paritysi2
 .text          0x00102498      0x128 /opt/local/lib/gcc/arm-none-eabi/12.2.0/libgcc.a(_udivmoddi4.o)
                0x00102498                __udivmoddi4
 .text          0x001025c0       0x28 /opt/local/lib/gcc/arm-none-eabi/12.2.0/libgcc.a(_clzdi2.o)
                0x001025c0                __clzdi2
 .text          0x001025e8       0x48 /opt/local/lib/gcc/arm-none-eabi/12.2.0/libgcc.a(_clzsi2.o)
                0x001025e8                __clzsi2
 *(.text.*)
 .text.BuildIdentifyRequest
                0x00102630       0x24 obj/iso15693.o
 .text.init_password_15693_Slix
                0x00102654       0x32 obj/iso15693.o
 *fill*         0x00102686        0x2 
 .text.CodeIso15693AsReader
                0x00102688       0xb4 obj/iso15693.o
                0x00102688                CodeIso15693AsReader
 .text.CodeIso15693AsTag
                0x0010273c       0x64 obj/iso15693.o
                0x0010273c                CodeIso15693AsTag
 .text.TransmitTo15693Tag
                0x001027a0       0xdc obj/iso15693.o
                0x001027a0                TransmitTo15693Tag
 .text.TransmitTo15693Reader
                0x0010287c      0x118 obj/iso15693.o
                0x0010287c                TransmitTo15693Reader
 .text.GetIso15693AnswerFromTag
                0x00102994      0x370 obj/iso15693.o
                0x00102994                GetIso15693AnswerFromTag
 .text.GetIso15693CommandFromReader
                0x00102d04      0x1e8 obj/iso15693.o
                0x00102d04                GetIso15693CommandFromReader
 .text.AcquireRawAdcSamplesIso15693
                0x00102eec       0xdc obj/iso15693.o
                0x00102eec                AcquireRawAdcSamplesIso15693
 .text.SniffIso15693
                0x00102fc8      0x4a8 obj/iso15693.o
                0x00102fc8                SniffIso15693
 .text.Iso15693InitReader
                0x00103470       0x54 obj/iso15693.o
                0x00103470                Iso15693InitReader
 .text.SendDataTag
                0x001034c4      0x110 obj/iso15693.o
                0x001034c4                SendDataTag
 .text.get_rnd_15693_Slix.constprop.0
                0x001035d4       0x74 obj/iso15693.o
 .text.set_pass_15693_Slix.constprop.0
                0x00103648       0xa8 obj/iso15693.o
 .text.get_uid_slix.constprop.0
                0x001036f0       0x9a obj/iso15693.o
 *fill*         0x0010378a        0x2 
 .text.pass_protect_EASAFI_15693_Slix.constprop.0
                0x0010378c       0xa0 obj/iso15693.o
 .text.SendDataTagEOF
                0x0010382c       0x84 obj/iso15693.o
                0x0010382c                SendDataTagEOF
 .text.ReaderIso15693
                0x001038b0      0x2d0 obj/iso15693.o
                0x001038b0                ReaderIso15693
 .text.Iso15693InitTag
                0x00103b80       0x42 obj/iso15693.o
                0x00103b80                Iso15693InitTag
 .text.EmlClearIso15693
                0x00103bc2       0x20 obj/iso15693.o
                0x00103bc2                EmlClearIso15693
 .text.EmlSetMemIso15693
                0x00103be2       0x1c obj/iso15693.o
                0x00103be2                EmlSetMemIso15693
 .text.EmlGetMemIso15693
                0x00103bfe       0x1c obj/iso15693.o
                0x00103bfe                EmlGetMemIso15693
 *fill*         0x00103c1a        0x2 
 .text.SimTagIso15693
                0x00103c1c      0x4fc obj/iso15693.o
                0x00103c1c                SimTagIso15693
 .text.BruteforceIso15693Afi
                0x00104118      0x19c obj/iso15693.o
                0x00104118                BruteforceIso15693Afi
 .text.DirectTag15693Command
                0x001042b4      0x124 obj/iso15693.o
                0x001042b4                DirectTag15693Command
 .text.SetTag15693Uid
                0x001043d8      0x100 obj/iso15693.o
                0x001043d8                SetTag15693Uid
 .text.WritePasswordSlixIso15693
                0x001044d8       0xec obj/iso15693.o
                0x001044d8                WritePasswordSlixIso15693
 .text.DisablePrivacySlixIso15693
                0x001045c4       0xb8 obj/iso15693.o
                0x001045c4                DisablePrivacySlixIso15693
 .text.EnablePrivacySlixIso15693
                0x0010467c       0xbc obj/iso15693.o
                0x0010467c                EnablePrivacySlixIso15693
 .text.DisableEAS_AFISlixIso15693
                0x00104738       0xd0 obj/iso15693.o
                0x00104738                DisableEAS_AFISlixIso15693
 .text.EnableEAS_AFISlixIso15693
                0x00104808       0xd0 obj/iso15693.o
                0x00104808                EnableEAS_AFISlixIso15693
 .text.PassProtextEASSlixIso15693
                0x001048d8       0x44 obj/iso15693.o
                0x001048d8                PassProtextEASSlixIso15693
 .text.PassProtectAFISlixIso15693
                0x0010491c       0x44 obj/iso15693.o
                0x0010491c                PassProtectAFISlixIso15693
 .text.WriteAFIIso15693
                0x00104960       0xe8 obj/iso15693.o
                0x00104960                WriteAFIIso15693
 .text.iso15693_sprintUID
                0x00104a48       0x48 obj/iso15693tools.o
                0x00104a48                iso15693_sprintUID
 .text.ReadThinFilm
                0x00104a90       0x5a obj/thinfilm.o
                0x00104a90                ReadThinFilm
 *fill*         0x00104aea        0x2 
 .text.SimulateThinFilm
                0x00104aec      0x208 obj/thinfilm.o
                0x00104aec                SimulateThinFilm
 .text.Prepare_Cmd
                0x00104cf4       0x24 obj/lfops.o
 .text.Prepare_Addr
                0x00104d18       0x30 obj/lfops.o
 .text.Prepare_Data
                0x00104d48       0x74 obj/lfops.o
 .text.T55xx_SetBits
                0x00104dbc       0x7c obj/lfops.o
 .text.WriteTIbyte
                0x00104e38       0x60 obj/lfops.o
 .text.fcAll    0x00104e98       0xb0 obj/lfops.o
 .text.biphaseSimBit
                0x00104f48       0x60 obj/lfops.o
 .text.leadingZeroAskSimBits.constprop.0
                0x00104fa8       0x24 obj/lfops.o
 .text.printT55xxConfig
                0x00104fcc      0x1d8 obj/lfops.o
                0x00104fcc                printT55xxConfig
 .text.setT55xxConfig
                0x001051a4       0xf0 obj/lfops.o
                0x001051a4                setT55xxConfig
 .text.loadT55xxConfig
                0x00105294       0x98 obj/lfops.o
                0x00105294                loadT55xxConfig
 .text.AcquireTiType
                0x0010532c      0x100 obj/lfops.o
                0x0010532c                AcquireTiType
 .text.ReadTItag
                0x0010542c      0x1a4 obj/lfops.o
                0x0010542c                ReadTItag
 .text.WriteTItag
                0x001055d0      0x160 obj/lfops.o
                0x001055d0                WriteTItag
 .text.SimulateTagLowFrequencyEx
                0x00105730      0x15c obj/lfops.o
                0x00105730                SimulateTagLowFrequencyEx
 .text.SimulateTagLowFrequency
                0x0010588c       0x10 obj/lfops.o
                0x0010588c                SimulateTagLowFrequency
 .text.SimulateTagLowFrequencyBidir
                0x0010589c        0x2 obj/lfops.o
                0x0010589c                SimulateTagLowFrequencyBidir
 *fill*         0x0010589e        0x2 
 .text.CmdFSKsimTAGEx
                0x001058a0       0xcc obj/lfops.o
                0x001058a0                CmdFSKsimTAGEx
 .text.CmdHIDsimTAGEx
                0x0010596c       0xc8 obj/lfops.o
                0x0010596c                CmdHIDsimTAGEx
 .text.CmdHIDsimTAG
                0x00105a34       0x28 obj/lfops.o
                0x00105a34                CmdHIDsimTAG
 .text.CmdFSKsimTAG
                0x00105a5c       0x34 obj/lfops.o
                0x00105a5c                CmdFSKsimTAG
 .text.CmdASKsimTAG
                0x00105a90      0x248 obj/lfops.o
                0x00105a90                CmdASKsimTAG
 .text.CmdPSKsimTAG
                0x00105cd8      0x13c obj/lfops.o
                0x00105cd8                CmdPSKsimTAG
 .text.CmdNRZsimTAG
                0x00105e14      0x104 obj/lfops.o
                0x00105e14                CmdNRZsimTAG
 .text.lf_hid_watch
                0x00105f18      0x1a0 obj/lfops.o
                0x00105f18                lf_hid_watch
 .text.lf_awid_watch
                0x001060b8      0x1cc obj/lfops.o
                0x001060b8                lf_awid_watch
 .text.lf_em410x_watch
                0x00106284      0x1ac obj/lfops.o
                0x00106284                lf_em410x_watch
 .text.lf_io_watch
                0x00106430      0x12c obj/lfops.o
                0x00106430                lf_io_watch
 .text.turn_read_lf_on
                0x0010655c       0x16 obj/lfops.o
                0x0010655c                turn_read_lf_on
 *fill*         0x00106572        0x2 
 .text.ModThenAcquireRawAdcSamples125k
                0x00106574      0x1d8 obj/lfops.o
                0x00106574                ModThenAcquireRawAdcSamples125k
 .text.T55xxWriteBit
                0x0010674c       0x54 obj/lfops.o
 .text.T55xx_SendCMD
                0x001067a0      0x1ec obj/lfops.o
 .text.turn_read_lf_off
                0x0010698c       0x18 obj/lfops.o
                0x0010698c                turn_read_lf_off
 .text.SendForward
                0x001069a4       0x78 obj/lfops.o
 .text.EM4xLoginEx
                0x00106a1c       0x38 obj/lfops.o
 .text.T55xxResetRead
                0x00106a54       0x7c obj/lfops.o
                0x00106a54                T55xxResetRead
 .text.T55xxDangerousRawTest
                0x00106ad0      0x198 obj/lfops.o
                0x00106ad0                T55xxDangerousRawTest
 .text.T55xxWriteBlock
                0x00106c68       0x9c obj/lfops.o
                0x00106c68                T55xxWriteBlock
 .text.WriteT55xx.constprop.0
                0x00106d04       0x3c obj/lfops.o
 .text.T55xxReadBlock
                0x00106d40       0xe4 obj/lfops.o
                0x00106d40                T55xxReadBlock
 .text.T55xx_ChkPwds
                0x00106e24      0x254 obj/lfops.o
                0x00106e24                T55xx_ChkPwds
 .text.T55xxWakeUp
                0x00107078       0x44 obj/lfops.o
                0x00107078                T55xxWakeUp
 .text.EM4xBruteforce
                0x001070bc      0x150 obj/lfops.o
                0x001070bc                EM4xBruteforce
 .text.EM4xLogin
                0x0010720c       0x7c obj/lfops.o
                0x0010720c                EM4xLogin
 .text.EM4xReadWord
                0x00107288       0xac obj/lfops.o
                0x00107288                EM4xReadWord
 .text.EM4xWriteWord
                0x00107334       0xd4 obj/lfops.o
                0x00107334                EM4xWriteWord
 .text.WriteEM4x05.constprop.0
                0x00107408       0xa4 obj/lfops.o
 .text.copy_em410x_to_t55xx
                0x001074ac      0x254 obj/lfops.o
                0x001074ac                copy_em410x_to_t55xx
 .text.CopyVikingtoT55xx
                0x00107700       0x80 obj/lfops.o
                0x00107700                CopyVikingtoT55xx
 .text.CopyHIDtoT55x7
                0x00107780      0x184 obj/lfops.o
                0x00107780                CopyHIDtoT55x7
 .text.EM4xProtectWord
                0x00107904       0xc0 obj/lfops.o
                0x00107904                EM4xProtectWord
 .text.Cotag    0x001079c4       0xfc obj/lfops.o
                0x001079c4                Cotag
 .text.pushBit.constprop.0
                0x00107ac0       0x3c obj/lfsampling.o
 .text.printLFConfig
                0x00107afc       0xd0 obj/lfsampling.o
                0x00107afc                printLFConfig
 .text.printSamples
                0x00107bcc       0x34 obj/lfsampling.o
                0x00107bcc                printSamples
 .text.setSamplingConfig
                0x00107c00       0xc4 obj/lfsampling.o
                0x00107c00                setSamplingConfig
 .text.setDefaultSamplingConfig
                0x00107cc4       0x14 obj/lfsampling.o
                0x00107cc4                setDefaultSamplingConfig
 .text.getSamplingConfig
                0x00107cd8        0x8 obj/lfsampling.o
                0x00107cd8                getSamplingConfig
 .text.initSampleBufferEx
                0x00107ce0       0x80 obj/lfsampling.o
                0x00107ce0                initSampleBufferEx
 .text.initSampleBuffer
                0x00107d60        0xe obj/lfsampling.o
                0x00107d60                initSampleBuffer
 *fill*         0x00107d6e        0x2 
 .text.getSampleCounter
                0x00107d70        0xc obj/lfsampling.o
                0x00107d70                getSampleCounter
 .text.logSample
                0x00107d7c       0xcc obj/lfsampling.o
                0x00107d7c                logSample
 .text.logSampleSimple
                0x00107e48       0x20 obj/lfsampling.o
                0x00107e48                logSampleSimple
 .text.LFSetupFPGAForADC
                0x00107e68       0x54 obj/lfsampling.o
                0x00107e68                LFSetupFPGAForADC
 .text.DoAcquisition
                0x00107ebc      0x18c obj/lfsampling.o
                0x00107ebc                DoAcquisition
 .text.DoAcquisition_default
                0x00108048       0x20 obj/lfsampling.o
                0x00108048                DoAcquisition_default
 .text.DoAcquisition_config
                0x00108068       0x5c obj/lfsampling.o
                0x00108068                DoAcquisition_config
 .text.DoPartialAcquisition
                0x001080c4       0x3c obj/lfsampling.o
                0x001080c4                DoPartialAcquisition
 .text.SampleLF
                0x00108100       0x50 obj/lfsampling.o
                0x00108100                SampleLF
 .text.SniffLF  0x00108150       0x50 obj/lfsampling.o
                0x00108150                SniffLF
 .text.doCotagAcquisition
                0x001081a0       0xf0 obj/lfsampling.o
                0x001081a0                doCotagAcquisition
 .text.doCotagAcquisitionManchester
                0x00108290       0xe0 obj/lfsampling.o
                0x00108290                doCotagAcquisitionManchester
 .text.DemodPCF7931
                0x00108370      0x1ec obj/pcf7931.o
                0x00108370                DemodPCF7931
 .text.IsBlock0PCF7931
                0x0010855c       0x44 obj/pcf7931.o
                0x0010855c                IsBlock0PCF7931
 .text.IsBlock1PCF7931
                0x001085a0       0x40 obj/pcf7931.o
                0x001085a0                IsBlock1PCF7931
 .text.ReadPCF7931
                0x001085e0      0x45c obj/pcf7931.o
                0x001085e0                ReadPCF7931
 .text.SendCmdPCF7931
                0x00108a3c       0xfc obj/pcf7931.o
                0x00108a3c                SendCmdPCF7931
 .text.AddBitPCF7931
                0x00108b38       0x62 obj/pcf7931.o
                0x00108b38                AddBitPCF7931
 .text.AddBytePCF7931
                0x00108b9a       0x44 obj/pcf7931.o
                0x00108b9a                AddBytePCF7931
 *fill*         0x00108bde        0x2 
 .text.AddPatternPCF7931
                0x00108be0       0x40 obj/pcf7931.o
                0x00108be0                AddPatternPCF7931
 .text.RealWritePCF7931
                0x00108c20      0x1e8 obj/pcf7931.o
 .text.WritePCF7931
                0x00108e08       0xd8 obj/pcf7931.o
                0x00108e08                WritePCF7931
 .text.getClosestClock
                0x00108ee0       0x4c obj/lfdemod.o
 .text.findModStart
                0x00108f2c       0x98 obj/lfdemod.o
 .text.computeSignalProperties
                0x00108fc4       0xe0 obj/lfdemod.o
                0x00108fc4                computeSignalProperties
 .text.removeSignalOffset
                0x001090a4       0x70 obj/lfdemod.o
                0x001090a4                removeSignalOffset
 .text.getHiLo  0x00109114       0x58 obj/lfdemod.o
                0x00109114                getHiLo
 .text.removeParity
                0x0010916c       0x96 obj/lfdemod.o
                0x0010916c                removeParity
 .text.bytebits_to_byte
                0x00109202       0x16 obj/lfdemod.o
                0x00109202                bytebits_to_byte
 .text.preambleSearchEx
                0x00109218       0x88 obj/lfdemod.o
                0x00109218                preambleSearchEx
 .text.preambleSearch
                0x001092a0       0x14 obj/lfdemod.o
                0x001092a0                preambleSearch
 .text.getNextLow
                0x001092b4       0x1a obj/lfdemod.o
                0x001092b4                getNextLow
 .text.getNextHigh
                0x001092ce       0x1a obj/lfdemod.o
                0x001092ce                getNextHigh
 .text.askAmp   0x001092e8       0x34 obj/lfdemod.o
                0x001092e8                askAmp
 .text.manchesterEncode2Bytes
                0x0010931c       0x24 obj/lfdemod.o
                0x0010931c                manchesterEncode2Bytes
 .text.manchesterEncodeUint32
                0x00109340       0x46 obj/lfdemod.o
                0x00109340                manchesterEncodeUint32
 *fill*         0x00109386        0x2 
 .text.DetectCleanAskWave
                0x00109388       0x60 obj/lfdemod.o
                0x00109388                DetectCleanAskWave
 .text.DetectStrongAskClock
                0x001093e8      0x104 obj/lfdemod.o
                0x001093e8                DetectStrongAskClock
 .text.DetectASKClock
                0x001094ec      0x328 obj/lfdemod.o
                0x001094ec                DetectASKClock
 .text.manrawdecode
                0x00109814       0xd0 obj/lfdemod.o
                0x00109814                manrawdecode
 .text.askdemod_ext
                0x001098e4      0x3ec obj/lfdemod.o
                0x001098e4                askdemod_ext
 .text.askdemod
                0x00109cd0       0x28 obj/lfdemod.o
                0x00109cd0                askdemod
 .text.fskdemod
                0x00109cf8      0x2d0 obj/lfdemod.o
                0x00109cf8                fskdemod
 .text.detectAWID
                0x00109fc8       0x80 obj/lfdemod.o
                0x00109fc8                detectAWID
 .text.Em410xDecode
                0x0010a048      0x1e0 obj/lfdemod.o
                0x0010a048                Em410xDecode
 .text.HIDdemodFSK
                0x0010a228       0xd8 obj/lfdemod.o
                0x0010a228                HIDdemodFSK
 .text.detectIOProx
                0x0010a300       0xb4 obj/lfdemod.o
                0x0010a300                detectIOProx
 .text.lf_count_edge_periods_ex
                0x0010a3b4       0xf8 obj/lfadc.o
 .text.lf_sample_mean
                0x0010a4ac       0x5c obj/lfadc.o
                0x0010a4ac                lf_sample_mean
 .text.lf_count_edge_periods
                0x0010a508       0x10 obj/lfadc.o
                0x0010a508                lf_count_edge_periods
 .text.lf_get_tag_modulation
                0x0010a518       0x10 obj/lfadc.o
                0x0010a518                lf_get_tag_modulation
 .text.lf_get_reader_modulation
                0x0010a528        0xc obj/lfadc.o
                0x0010a528                lf_get_reader_modulation
 .text.lf_wait_periods
                0x0010a534       0x10 obj/lfadc.o
                0x0010a534                lf_wait_periods
 .text.lf_init  0x0010a544       0xd0 obj/lfadc.o
                0x0010a544                lf_init
 .text.lf_finalize
                0x0010a614       0x44 obj/lfadc.o
                0x0010a614                lf_finalize
 .text.lf_modulation
                0x0010a658       0x20 obj/lfadc.o
                0x0010a658                lf_modulation
 .text.lf_manchester_send_bit
                0x0010a678       0x26 obj/lfadc.o
 *fill*         0x0010a69e        0x2 
 .text.lf_manchester_send_bytes
                0x0010a6a0       0x74 obj/lfadc.o
                0x0010a6a0                lf_manchester_send_bytes
 .text.LZ4_wildCopy8
                0x0010a714       0x20 obj/lz4.o
 .text.LZ4_decompress_generic
                0x0010a734      0x450 obj/lz4.o
                0x0010a734                LZ4_decompress_generic
 .text.LZ4_decompress_safe
                0x0010ab84       0x20 obj/lz4.o
                0x0010ab84                LZ4_decompress_safe
 .text.LZ4_decompress_safe_withPrefix64k
                0x0010aba4       0x28 obj/lz4.o
                0x0010aba4                LZ4_decompress_safe_withPrefix64k
 .text.LZ4_decompress_safe_forceExtDict
                0x0010abcc       0x26 obj/lz4.o
                0x0010abcc                LZ4_decompress_safe_forceExtDict
 .text.LZ4_setStreamDecode
                0x0010abf2       0x10 obj/lz4.o
                0x0010abf2                LZ4_setStreamDecode
 *fill*         0x0010ac02        0x2 
 .text.LZ4_decompress_safe_continue
                0x0010ac04       0x90 obj/lz4.o
                0x0010ac04                LZ4_decompress_safe_continue
 .text.init_reader
                0x0010ac94       0x7c obj/legicrf.o
 .text.tx_frame
                0x0010ad10       0xe4 obj/legicrf.o
 .text.init_card.constprop.0
                0x0010adf4       0x5c obj/legicrf.o
 .text.rx_bit   0x0010ae50       0x80 obj/legicrf.o
 .text.rx_frame
                0x0010aed0       0x84 obj/legicrf.o
 .text.setup_phase
                0x0010af54       0x70 obj/legicrf.o
 .text.read_byte
                0x0010afc4       0xac obj/legicrf.o
 .text.LegicRfInfo
                0x0010b070       0x88 obj/legicrf.o
                0x0010b070                LegicRfInfo
 .text.LegicRfReader
                0x0010b0f8       0xa0 obj/legicrf.o
                0x0010b0f8                LegicRfReader
 .text.LegicRfWriter
                0x0010b198      0x1b8 obj/legicrf.o
                0x0010b198                LegicRfWriter
 .text.wait_for
                0x0010b350       0x44 obj/legicrfsim.o
 .text.tx_bit   0x0010b394       0x58 obj/legicrfsim.o
 .text.tx_frame
                0x0010b3ec       0x8c obj/legicrfsim.o
 .text.rx_frame
                0x0010b478      0x114 obj/legicrfsim.o
 .text.LegicRfSimulate
                0x0010b58c      0x380 obj/legicrfsim.o
                0x0010b58c                LegicRfSimulate
 .text.legic_prng_forward.part.0
                0x0010b90c       0x50 obj/legic_prng.o
 .text.legic_prng_init
                0x0010b95c       0x1c obj/legic_prng.o
                0x0010b95c                legic_prng_init
 .text.legic_prng_forward
                0x0010b978       0x10 obj/legic_prng.o
                0x0010b978                legic_prng_forward
 .text.legic_prng_get_bit
                0x0010b988       0x34 obj/legic_prng.o
                0x0010b988                legic_prng_get_bit
 .text.FlashmemSetSpiBaudrate
                0x0010b9bc       0x28 obj/flashmem.o
                0x0010b9bc                FlashmemSetSpiBaudrate
 .text.FlashStop
                0x0010b9e4       0x3c obj/flashmem.o
                0x0010b9e4                FlashStop
 .text.FlashSetup
                0x0010ba20       0xa0 obj/flashmem.o
                0x0010ba20                FlashSetup
 .text.FlashSendByte
                0x0010bac0       0x18 obj/flashmem.o
                0x0010bac0                FlashSendByte
 .text.Flash_TransferAdresse
                0x0010bad8       0x24 obj/flashmem.o
                0x0010bad8                Flash_TransferAdresse
 .text.Flash_ReadDataCont.part.0
                0x0010bafc       0x70 obj/flashmem.o
 .text.Flash_ReadDataCont
                0x0010bb6c       0x14 obj/flashmem.o
                0x0010bb6c                Flash_ReadDataCont
 .text.Flash_ReadStat1
                0x0010bb80       0x1c obj/flashmem.o
                0x0010bb80                Flash_ReadStat1
 .text.Flash_CheckBusy
                0x0010bb9c       0x4c obj/flashmem.o
                0x0010bb9c                Flash_CheckBusy
 .text.FlashInit
                0x0010bbe8       0x30 obj/flashmem.o
                0x0010bbe8                FlashInit
 .text.Flashmem_print_info
                0x0010bc18       0xc8 obj/flashmem.o
                0x0010bc18                Flashmem_print_info
 .text.Flash_ReadID_90
                0x0010bce0       0x4c obj/flashmem.o
                0x0010bce0                Flash_ReadID_90
 .text.Flash_ReadData
                0x0010bd2c       0x88 obj/flashmem.o
                0x0010bd2c                Flash_ReadData
 .text.Flash_UniqueID
                0x0010bdb4       0x7c obj/flashmem.o
                0x0010bdb4                Flash_UniqueID
 .text.Flashmem_print_status
                0x0010be30      0x120 obj/flashmem.o
                0x0010be30                Flashmem_print_status
 .text.FlashSendLastByte
                0x0010bf50       0x12 obj/flashmem.o
                0x0010bf50                FlashSendLastByte
 *fill*         0x0010bf62        0x2 
 .text.Flash_WriteDataCont
                0x0010bf64       0x78 obj/flashmem.o
                0x0010bf64                Flash_WriteDataCont
 .text.Flash_WriteEnable
                0x0010bfdc       0x24 obj/flashmem.o
                0x0010bfdc                Flash_WriteEnable
 .text.Flash_Write
                0x0010c000       0x68 obj/flashmem.o
                0x0010c000                Flash_Write
 .text.Flash_Erase4k
                0x0010c068       0x32 obj/flashmem.o
                0x0010c068                Flash_Erase4k
 .text.Flash_Erase64k
                0x0010c09a       0x2c obj/flashmem.o
                0x0010c09a                Flash_Erase64k
 *fill*         0x0010c0c6        0x2 
 .text.Flash_WipeMemoryPage
                0x0010c0c8       0x48 obj/flashmem.o
                0x0010c0c8                Flash_WipeMemoryPage
 .text.Flash_WipeMemory
                0x0010c110       0x78 obj/flashmem.o
                0x0010c110                Flash_WipeMemory
 .text.I2CSpinDelayClk
                0x0010c188       0x40 obj/i2c.o
 .text.WaitSCL_H
                0x0010c1c8       0x2c obj/i2c.o
 .text.I2C_Start
                0x0010c1f4       0x60 obj/i2c.o
 .text.I2C_SendByte
                0x0010c254       0x64 obj/i2c.o
 .text.I2C_WaitAck
                0x0010c2b8       0x60 obj/i2c.o
 .text.I2C_Stop
                0x0010c318       0x5c obj/i2c.o
 .text.I2C_Ack  0x0010c374       0x4c obj/i2c.o
 .text.I2C_ReadByte
                0x0010c3c0       0x8c obj/i2c.o
 .text.I2C_NoAck
                0x0010c44c       0x4c obj/i2c.o
 .text.I2C_WaitForSim
                0x0010c498       0x50 obj/i2c.o
 .text.I2C_recovery
                0x0010c4e8       0xa8 obj/i2c.o
                0x0010c4e8                I2C_recovery
 .text.I2C_init
                0x0010c590       0x50 obj/i2c.o
                0x0010c590                I2C_init
 .text.I2C_SetResetStatus
                0x0010c5e0       0x4c obj/i2c.o
                0x0010c5e0                I2C_SetResetStatus
 .text.I2C_Reset_EnterMainProgram
                0x0010c62c       0x42 obj/i2c.o
                0x0010c62c                I2C_Reset_EnterMainProgram
 .text.I2C_Reset_EnterBootloader
                0x0010c66e       0x32 obj/i2c.o
                0x0010c66e                I2C_Reset_EnterBootloader
 .text.I2C_WriteCmd
                0x0010c6a0       0x58 obj/i2c.o
                0x0010c6a0                I2C_WriteCmd
 .text.I2C_WriteByte
                0x0010c6f8       0x68 obj/i2c.o
                0x0010c6f8                I2C_WriteByte
 .text.I2C_BufferWrite
                0x0010c760       0x78 obj/i2c.o
                0x0010c760                I2C_BufferWrite
 .text.I2C_BufferRead
                0x0010c7d8       0xfc obj/i2c.o
                0x0010c7d8                I2C_BufferRead
 .text.I2C_ReadFW
                0x0010c8d4       0xb4 obj/i2c.o
                0x0010c8d4                I2C_ReadFW
 .text.I2C_WriteFW
                0x0010c988       0x8c obj/i2c.o
                0x0010c988                I2C_WriteFW
 .text.I2C_get_version
                0x0010ca14       0x3c obj/i2c.o
                0x0010ca14                I2C_get_version
 .text.I2C_print_status
                0x0010ca50       0x4c obj/i2c.o
                0x0010ca50                I2C_print_status
 .text.sc_rx_bytes
                0x0010ca9c       0x44 obj/i2c.o
                0x0010ca9c                sc_rx_bytes
 .text.GetATR   0x0010cae0       0xdc obj/i2c.o
                0x0010cae0                GetATR
 .text.SmartCardAtr
                0x0010cbbc       0x50 obj/i2c.o
                0x0010cbbc                SmartCardAtr
 .text.SmartCardRaw
                0x0010cc0c      0x11c obj/i2c.o
                0x0010cc0c                SmartCardRaw
 .text.SmartCardUpgrade
                0x0010cd28      0x104 obj/i2c.o
                0x0010cd28                SmartCardUpgrade
 .text.SmartCardSetBaud
                0x0010ce2c        0x2 obj/i2c.o
                0x0010ce2c                SmartCardSetBaud
 *fill*         0x0010ce2e        0x2 
 .text.SmartCardSetClock
                0x0010ce30       0x48 obj/i2c.o
                0x0010ce30                SmartCardSetClock
 .text._f20     0x0010ce78      0x130 obj/hitag2_crypto.o
                0x0010ce78                _f20
 .text._hitag2_init
                0x0010cfa8       0x6a obj/hitag2_crypto.o
                0x0010cfa8                _hitag2_init
 .text._hitag2_round
                0x0010d012       0x9a obj/hitag2_crypto.o
                0x0010d012                _hitag2_round
 .text._hitag2_byte
                0x0010d0ac       0x26 obj/hitag2_crypto.o
                0x0010d0ac                _hitag2_byte
 .text.hitag2_cipher_transcrypt
                0x0010d0d2       0x4a obj/hitag2_crypto.o
                0x0010d0d2                hitag2_cipher_transcrypt
 .text.hitag_crc
                0x0010d11c       0x44 obj/hitag2.o
 .text.hitag2_write_page
                0x0010d160       0xf0 obj/hitag2.o
 .text.hitag2_password
                0x0010d250      0x104 obj/hitag2.o
 .text.hitag2_crypto
                0x0010d354      0x898 obj/hitag2.o
 .text.hitag_reader_send_frame
                0x0010dbec       0x98 obj/hitag2.o
 .text.SniffHitag2
                0x0010dc84      0x330 obj/hitag2.o
                0x0010dc84                SniffHitag2
 .text.SimulateHitag2
                0x0010dfb4      0x310 obj/hitag2.o
                0x0010dfb4                SimulateHitag2
 .text.ReaderHitag
                0x0010e2c4      0xd24 obj/hitag2.o
                0x0010e2c4                ReaderHitag
 .text.WriterHitag
                0x0010efe8      0x418 obj/hitag2.o
                0x0010efe8                WriterHitag
 .text.hitag_send_bit
                0x0010f400      0x1bc obj/hitagS.o
 .text.concatbits
                0x0010f5bc       0x5c obj/hitagS.o
 .text.hitagS_set_frame_modulation
                0x0010f618       0x44 obj/hitagS.o
 .text.sendReceiveHitagS.constprop.0
                0x0010f65c      0x2cc obj/hitagS.o
 .text.selectHitagS.constprop.0
                0x0010f928      0xdbc obj/hitagS.o
 .text.calc_crc.constprop.0
                0x001106e4       0x26 obj/hitagS.o
 *fill*         0x0011070a        0x2 
 .text.SimulateHitagSTag
                0x0011070c     0x113c obj/hitagS.o
                0x0011070c                SimulateHitagSTag
 .text.ReadHitagS
                0x00111848      0x1d8 obj/hitagS.o
                0x00111848                ReadHitagS
 .text.WritePageHitagS
                0x00111a20      0x1a0 obj/hitagS.o
                0x00111a20                WritePageHitagS
 .text.Hitag_check_challenges
                0x00111bc0      0x11c obj/hitagS.o
                0x00111bc0                Hitag_check_challenges
 .text.em4x50_sim_send_bit
                0x00111cdc       0x78 obj/em4x50.o
 .text.wait_cycles
                0x00111d54       0x3c obj/em4x50.o
 .text.em4x50_sim_send_ack
                0x00111d90       0x60 obj/em4x50.o
 .text.em4x50_sim_send_nak
                0x00111df0       0x68 obj/em4x50.o
 .text.invalid_bit
                0x00111e58       0x3c obj/em4x50.o
 .text.get_pulse_length
                0x00111e94       0x90 obj/em4x50.o
 .text.find_single_listen_window
                0x00111f24       0x38 obj/em4x50.o
 .text.get_word_from_bitstream
                0x00111f5c      0x1fc obj/em4x50.o
 .text.em4x50_reader_send_bit
                0x00112158       0x6c obj/em4x50.o
 .text.find_double_listen_window
                0x001121c4       0x80 obj/em4x50.o
 .text.em4x50_reader_send_byte_with_parity
                0x00112244       0x28 obj/em4x50.o
 .text.em4x50_reader_send_word
                0x0011226c       0x52 obj/em4x50.o
 *fill*         0x001122be        0x2 
 .text.check_ack
                0x001122c0       0x64 obj/em4x50.o
 .text.em4x50_sim_read_bit
                0x00112324       0x78 obj/em4x50.o
 .text.em4x50_sim_read_byte
                0x0011239c       0x48 obj/em4x50.o
 .text.get_signalproperties
                0x001123e4       0xcc obj/em4x50.o
 .text.login    0x001124b0       0x50 obj/em4x50.o
 .text.em4x50_sim_read_word.constprop.0
                0x00112500       0x78 obj/em4x50.o
 .text.em4x50_sim_send_listen_window.isra.0
                0x00112578       0x98 obj/em4x50.o
 .text.em4x50_sim_send_word
                0x00112610       0x86 obj/em4x50.o
 *fill*         0x00112696        0x2 
 .text.em4x50_setup_read
                0x00112698       0x58 obj/em4x50.o
                0x00112698                em4x50_setup_read
 .text.em4x50_setup_sim
                0x001126f0       0x48 obj/em4x50.o
                0x001126f0                em4x50_setup_sim
 .text.em4x50_login
                0x00112738       0x8c obj/em4x50.o
                0x00112738                em4x50_login
 .text.em4x50_brute
                0x001127c4      0x16c obj/em4x50.o
                0x001127c4                em4x50_brute
 .text.em4x50_chk
                0x00112930      0x120 obj/em4x50.o
                0x00112930                em4x50_chk
 .text.standard_read
                0x00112a50       0x50 obj/em4x50.o
                0x00112a50                standard_read
 .text.selective_read
                0x00112aa0       0x58 obj/em4x50.o
 .text.em4x50_read
                0x00112af8       0xdc obj/em4x50.o
                0x00112af8                em4x50_read
 .text.em4x50_info
                0x00112bd4       0xc0 obj/em4x50.o
                0x00112bd4                em4x50_info
 .text.em4x50_reader
                0x00112c94       0xa0 obj/em4x50.o
                0x00112c94                em4x50_reader
 .text.em4x50_write
                0x00112d34      0x1e8 obj/em4x50.o
                0x00112d34                em4x50_write
 .text.em4x50_writepwd
                0x00112f1c      0x17c obj/em4x50.o
                0x00112f1c                em4x50_writepwd
 .text.em4x50_handle_commands
                0x00113098      0x388 obj/em4x50.o
                0x00113098                em4x50_handle_commands
 .text.em4x50_sim
                0x00113420       0xc0 obj/em4x50.o
                0x00113420                em4x50_sim
 .text.init_tag
                0x001134e0       0x18 obj/em4x70.o
 .text.em4x70_setup_read
                0x001134f8       0x58 obj/em4x70.o
 .text.get_signalproperties
                0x00113550       0x2c obj/em4x70.o
 .text.get_rising_pulse_length
                0x0011357c       0x6c obj/em4x70.o
 .text.get_falling_pulse_length
                0x001135e8       0x6c obj/em4x70.o
 .text.check_ack
                0x00113654       0x28 obj/em4x70.o
 .text.em4x70_send_bit
                0x0011367c       0x68 obj/em4x70.o
 .text.find_listen_window
                0x001136e4       0x6c obj/em4x70.o
 .text.find_em4x70_tag
                0x00113750        0xe obj/em4x70.o
 *fill*         0x0011375e        0x2 
 .text.em4x70_send_nibble
                0x00113760       0x40 obj/em4x70.o
 .text.write    0x001137a0       0x96 obj/em4x70.o
 .text.em4x70_send_byte
                0x00113836       0x1c obj/em4x70.o
 .text.set_byte
                0x00113852       0x1e obj/em4x70.o
 .text.bits2bytes
                0x00113870       0x50 obj/em4x70.o
 .text.em4x70_receive
                0x001138c0       0xe0 obj/em4x70.o
 .text.send_command_and_read
                0x001139a0       0x6c obj/em4x70.o
 .text.em4x70_read_id
                0x00113a0c       0x18 obj/em4x70.o
 .text.em4x70_read_um1
                0x00113a24       0x18 obj/em4x70.o
 .text.em4x70_read_um2
                0x00113a3c       0x18 obj/em4x70.o
 .text.send_pin
                0x00113a54       0xa8 obj/em4x70.o
 .text.authenticate
                0x00113afc       0x9c obj/em4x70.o
 .text.em4x70_info
                0x00113b98       0x6c obj/em4x70.o
                0x00113b98                em4x70_info
 .text.em4x70_write
                0x00113c04       0x74 obj/em4x70.o
                0x00113c04                em4x70_write
 .text.em4x70_unlock
                0x00113c78       0x70 obj/em4x70.o
                0x00113c78                em4x70_unlock
 .text.em4x70_auth
                0x00113ce8       0x74 obj/em4x70.o
                0x00113ce8                em4x70_auth
 .text.em4x70_brute
                0x00113d5c      0x200 obj/em4x70.o
                0x00113d5c                em4x70_brute
 .text.em4x70_write_pin
                0x00113f5c       0x8c obj/em4x70.o
                0x00113f5c                em4x70_write_pin
 .text.em4x70_write_key
                0x00113fe8       0x84 obj/em4x70.o
                0x00113fe8                em4x70_write_key
 .text.rdv40_spiffs_llerase
                0x0011406c       0x98 obj/spiffs.o
 .text.rdv40_spiffs_llwrite
                0x00114104       0x28 obj/spiffs.o
 .text.rdv40_spiffs_llread
                0x0011412c       0x1a obj/spiffs.o
 *fill*         0x00114146        0x2 
 .text.remove_from_spiffs
                0x00114148       0x30 obj/spiffs.o
 .text.rdv40_spiffs_mount
                0x00114178       0x78 obj/spiffs.o
                0x00114178                rdv40_spiffs_mount
 .text.rdv40_spiffs_unmount
                0x001141f0       0x48 obj/spiffs.o
                0x001141f0                rdv40_spiffs_unmount
 .text.write_to_spiffs
                0x00114238       0x4c obj/spiffs.o
                0x00114238                write_to_spiffs
 .text.append_to_spiffs
                0x00114284       0x4c obj/spiffs.o
                0x00114284                append_to_spiffs
 .text.read_from_spiffs
                0x001142d0       0x4c obj/spiffs.o
                0x001142d0                read_from_spiffs
 .text.size_in_spiffs
                0x0011431c       0x3c obj/spiffs.o
                0x0011431c                size_in_spiffs
 .text.exists_in_spiffs
                0x00114358       0x20 obj/spiffs.o
                0x00114358                exists_in_spiffs
 .text.rdv40_spiffs_lazy_mount
                0x00114378       0x20 obj/spiffs.o
                0x00114378                rdv40_spiffs_lazy_mount
 .text.rdv40_spiffs_lazy_unmount
                0x00114398       0x20 obj/spiffs.o
                0x00114398                rdv40_spiffs_lazy_unmount
 .text.rdv40_spiffs_check
                0x001143b8       0x38 obj/spiffs.o
                0x001143b8                rdv40_spiffs_check
 .text.rdv40_spiffs_lazy_mount_rollback
                0x001143f0       0x24 obj/spiffs.o
                0x001143f0                rdv40_spiffs_lazy_mount_rollback
 .text.rdv40_spiffs_write
                0x00114414       0x86 obj/spiffs.o
                0x00114414                rdv40_spiffs_write
 .text.rdv40_spiffs_append
                0x0011449a       0x62 obj/spiffs.o
                0x0011449a                rdv40_spiffs_append
 .text.rdv40_spiffs_read
                0x001144fc       0x3c obj/spiffs.o
                0x001144fc                rdv40_spiffs_read
 .text.rdv40_spiffs_rename
                0x00114538       0x54 obj/spiffs.o
                0x00114538                rdv40_spiffs_rename
 .text.rdv40_spiffs_remove
                0x0011458c       0x34 obj/spiffs.o
                0x0011458c                rdv40_spiffs_remove
 .text.rdv40_spiffs_copy
                0x001145c0       0x50 obj/spiffs.o
                0x001145c0                rdv40_spiffs_copy
 .text.rdv40_spiffs_is_symlink
                0x00114610       0x3c obj/spiffs.o
                0x00114610                rdv40_spiffs_is_symlink
 .text.rdv40_spiffs_read_as_symlink
                0x0011464c       0x80 obj/spiffs.o
                0x0011464c                rdv40_spiffs_read_as_symlink
 .text.rdv40_spiffs_make_symlink
                0x001146cc       0x48 obj/spiffs.o
                0x001146cc                rdv40_spiffs_make_symlink
 .text.rdv40_spiffs_read_as_filetype
                0x00114714       0xc4 obj/spiffs.o
                0x00114714                rdv40_spiffs_read_as_filetype
 .text.rdv40_spiffs_safe_print_fsinfo
                0x001147d8       0xe0 obj/spiffs.o
                0x001147d8                rdv40_spiffs_safe_print_fsinfo
 .text.rdv40_spiffs_safe_print_tree
                0x001148b8       0x90 obj/spiffs.o
                0x001148b8                rdv40_spiffs_safe_print_tree
 .text.rdv40_spiffs_safe_wipe
                0x00114948       0x88 obj/spiffs.o
                0x00114948                rdv40_spiffs_safe_wipe
 .text.test_spiffs
                0x001149d0       0xb8 obj/spiffs.o
                0x001149d0                test_spiffs
 .text.spiffs_cache_page_free
                0x00114a88       0x5a obj/spiffs_cache.o
 .text.spiffs_cache_page_remove_oldest.constprop.0
                0x00114ae2       0x5e obj/spiffs_cache.o
 .text.spiffs_cache_page_allocate.isra.0
                0x00114b40       0x3e obj/spiffs_cache.o
 .text.spiffs_cache_page_get.isra.0
                0x00114b7e       0x52 obj/spiffs_cache.o
 .text.spiffs_cache_drop_page
                0x00114bd0       0x1e obj/spiffs_cache.o
                0x00114bd0                spiffs_cache_drop_page
 .text.spiffs_phys_rd
                0x00114bee       0xd2 obj/spiffs_cache.o
                0x00114bee                spiffs_phys_rd
 .text.spiffs_phys_wr
                0x00114cc0       0x74 obj/spiffs_cache.o
                0x00114cc0                spiffs_phys_wr
 .text.spiffs_cache_page_get_by_fd
                0x00114d34       0x4e obj/spiffs_cache.o
                0x00114d34                spiffs_cache_page_get_by_fd
 .text.spiffs_cache_page_allocate_by_fd
                0x00114d82       0x24 obj/spiffs_cache.o
                0x00114d82                spiffs_cache_page_allocate_by_fd
 .text.spiffs_cache_fd_release
                0x00114da6       0x3c obj/spiffs_cache.o
                0x00114da6                spiffs_cache_fd_release
 .text.spiffs_cache_init
                0x00114de2       0x8e obj/spiffs_cache.o
                0x00114de2                spiffs_cache_init
 .text.spiffs_object_get_data_page_index_reference
                0x00114e70       0x80 obj/spiffs_check.o
 .text.spiffs_delete_obj_lazy
                0x00114ef0       0x4c obj/spiffs_check.o
 .text.spiffs_rewrite_index
                0x00114f3c      0x160 obj/spiffs_check.o
 .text.spiffs_rewrite_page
                0x0011509c       0x44 obj/spiffs_check.o
 .text.spiffs_lookup_check_v
                0x001150e0      0x5e0 obj/spiffs_check.o
 .text.spiffs_object_index_consistency_check_v
                0x001156c0      0x1a0 obj/spiffs_check.o
 .text.spiffs_lookup_consistency_check
                0x00115860       0x80 obj/spiffs_check.o
                0x00115860                spiffs_lookup_consistency_check
 .text.spiffs_page_consistency_check
                0x001158e0      0x608 obj/spiffs_check.o
                0x001158e0                spiffs_page_consistency_check
 .text.spiffs_object_index_consistency_check
                0x00115ee8       0x90 obj/spiffs_check.o
                0x00115ee8                spiffs_object_index_consistency_check
 .text.spiffs_gc_erase_block
                0x00115f78       0x34 obj/spiffs_gc.o
 .text.spiffs_gc_quick
                0x00115fac       0xa4 obj/spiffs_gc.o
                0x00115fac                spiffs_gc_quick
 .text.spiffs_gc_erase_page_stats
                0x00116050       0x58 obj/spiffs_gc.o
                0x00116050                spiffs_gc_erase_page_stats
 .text.spiffs_gc_find_candidate
                0x001160a8      0x1ac obj/spiffs_gc.o
                0x001160a8                spiffs_gc_find_candidate
 .text.spiffs_gc_clean
                0x00116254      0x46c obj/spiffs_gc.o
                0x00116254                spiffs_gc_clean
 .text.spiffs_gc_check
                0x001166c0       0xe4 obj/spiffs_gc.o
                0x001166c0                spiffs_gc_check
 .text.spiffs_obj_lu_find_id_and_span_v
                0x001167a4       0x74 obj/spiffs_nucleus.o
 .text.spiffs_object_find_object_index_header_by_name_v
                0x00116818       0x68 obj/spiffs_nucleus.o
 .text.spiffs_obj_lu_find_free_obj_id_compact_v
                0x00116880       0x98 obj/spiffs_nucleus.o
 .text.spiffs_obj_lu_find_free_obj_id_bitmap_v
                0x00116918       0x9c obj/spiffs_nucleus.o
 .text.spiffs_obj_lu_scan_v
                0x001169b4       0x30 obj/spiffs_nucleus.o
 .text.spiffs_hash.constprop.0
                0x001169e4       0x28 obj/spiffs_nucleus.o
 .text.spiffs_update_ix_map.constprop.0.isra.0
                0x00116a0c       0xe8 obj/spiffs_nucleus.o
 .text.spiffs_phys_cpy
                0x00116af4       0x5c obj/spiffs_nucleus.o
                0x00116af4                spiffs_phys_cpy
 .text.spiffs_obj_lu_find_entry_visitor
                0x00116b50      0x190 obj/spiffs_nucleus.o
                0x00116b50                spiffs_obj_lu_find_entry_visitor
 .text.spiffs_erase_block
                0x00116ce0       0x54 obj/spiffs_nucleus.o
                0x00116ce0                spiffs_erase_block
 .text.spiffs_obj_lu_scan
                0x00116d34       0xcc obj/spiffs_nucleus.o
                0x00116d34                spiffs_obj_lu_scan
 .text.spiffs_obj_lu_find_id
                0x00116e00       0x34 obj/spiffs_nucleus.o
                0x00116e00                spiffs_obj_lu_find_id
 .text.spiffs_obj_lu_find_free
                0x00116e34       0x78 obj/spiffs_nucleus.o
                0x00116e34                spiffs_obj_lu_find_free
 .text.spiffs_obj_lu_find_id_and_span
                0x00116eac       0x74 obj/spiffs_nucleus.o
                0x00116eac                spiffs_obj_lu_find_id_and_span
 .text.spiffs_obj_lu_find_id_and_span_by_phdr
                0x00116f20       0x74 obj/spiffs_nucleus.o
                0x00116f20                spiffs_obj_lu_find_id_and_span_by_phdr
 .text.spiffs_page_allocate_data
                0x00116f94       0xe0 obj/spiffs_nucleus.o
                0x00116f94                spiffs_page_allocate_data
 .text.spiffs_page_delete
                0x00117074       0x5e obj/spiffs_nucleus.o
                0x00117074                spiffs_page_delete
 .text.spiffs_page_move
                0x001170d2       0xfc obj/spiffs_nucleus.o
                0x001170d2                spiffs_page_move
 *fill*         0x001171ce        0x2 
 .text.spiffs_cb_object_event
                0x001171d0      0x194 obj/spiffs_nucleus.o
                0x001171d0                spiffs_cb_object_event
 .text.spiffs_object_create
                0x00117364       0xf0 obj/spiffs_nucleus.o
                0x00117364                spiffs_object_create
 .text.spiffs_object_update_index_hdr
                0x00117454       0xfc obj/spiffs_nucleus.o
                0x00117454                spiffs_object_update_index_hdr
 .text.spiffs_object_open_by_page
                0x00117550       0xb0 obj/spiffs_nucleus.o
                0x00117550                spiffs_object_open_by_page
 .text.spiffs_object_append
                0x00117600      0x648 obj/spiffs_nucleus.o
                0x00117600                spiffs_object_append
 .text.spiffs_object_modify
                0x00117c48      0x50c obj/spiffs_nucleus.o
                0x00117c48                spiffs_object_modify
 .text.spiffs_object_find_object_index_header_by_name
                0x00118154       0x60 obj/spiffs_nucleus.o
                0x00118154                spiffs_object_find_object_index_header_by_name
 .text.spiffs_object_truncate
                0x001181b4      0x4e8 obj/spiffs_nucleus.o
                0x001181b4                spiffs_object_truncate
 .text.spiffs_object_read
                0x0011869c      0x20c obj/spiffs_nucleus.o
                0x0011869c                spiffs_object_read
 .text.spiffs_obj_lu_find_free_obj_id
                0x001188a8      0x170 obj/spiffs_nucleus.o
                0x001188a8                spiffs_obj_lu_find_free_obj_id
 .text.spiffs_fd_find_new
                0x00118a18       0xec obj/spiffs_nucleus.o
                0x00118a18                spiffs_fd_find_new
 .text.spiffs_fd_return
                0x00118b04       0x38 obj/spiffs_nucleus.o
                0x00118b04                spiffs_fd_return
 .text.spiffs_fd_get
                0x00118b3c       0x3c obj/spiffs_nucleus.o
                0x00118b3c                spiffs_fd_get
 .text.spiffs_fd_temporal_cache_rehash
                0x00118b78       0x3a obj/spiffs_nucleus.o
                0x00118b78                spiffs_fd_temporal_cache_rehash
 .text.spiffs_stat_pix
                0x00118bb2       0x84 obj/spiffs_hydrogen.o
 *fill*         0x00118c36        0x2 
 .text.spiffs_read_dir_v
                0x00118c38       0x84 obj/spiffs_hydrogen.o
 .text.spiffs_hydro_write.constprop.0
                0x00118cbc       0x54 obj/spiffs_hydrogen.o
 .text.spiffs_fflush_cache
                0x00118d10       0x62 obj/spiffs_hydrogen.o
 *fill*         0x00118d72        0x2 
 .text.SPIFFS_mount
                0x00118d74       0xbc obj/spiffs_hydrogen.o
                0x00118d74                SPIFFS_mount
 .text.SPIFFS_unmount
                0x00118e30       0x50 obj/spiffs_hydrogen.o
                0x00118e30                SPIFFS_unmount
 .text.SPIFFS_errno
                0x00118e80        0x4 obj/spiffs_hydrogen.o
                0x00118e80                SPIFFS_errno
 .text.SPIFFS_clearerr
                0x00118e84        0x6 obj/spiffs_hydrogen.o
                0x00118e84                SPIFFS_clearerr
 *fill*         0x00118e8a        0x2 
 .text.SPIFFS_open
                0x00118e8c      0x144 obj/spiffs_hydrogen.o
                0x00118e8c                SPIFFS_open
 .text.SPIFFS_read
                0x00118fd0       0xcc obj/spiffs_hydrogen.o
                0x00118fd0                SPIFFS_read
 .text.SPIFFS_write
                0x0011909c      0x19c obj/spiffs_hydrogen.o
                0x0011909c                SPIFFS_write
 .text.SPIFFS_remove
                0x00119238       0xc0 obj/spiffs_hydrogen.o
                0x00119238                SPIFFS_remove
 .text.SPIFFS_stat
                0x001192f8       0x68 obj/spiffs_hydrogen.o
                0x001192f8                SPIFFS_stat
 .text.SPIFFS_close
                0x00119360       0x48 obj/spiffs_hydrogen.o
                0x00119360                SPIFFS_close
 .text.SPIFFS_rename
                0x001193a8      0x10c obj/spiffs_hydrogen.o
                0x001193a8                SPIFFS_rename
 .text.SPIFFS_opendir
                0x001194b4       0x38 obj/spiffs_hydrogen.o
                0x001194b4                SPIFFS_opendir
 .text.SPIFFS_readdir
                0x001194ec       0x6c obj/spiffs_hydrogen.o
                0x001194ec                SPIFFS_readdir
 .text.SPIFFS_closedir
                0x00119558       0x2c obj/spiffs_hydrogen.o
                0x00119558                SPIFFS_closedir
 .text.SPIFFS_check
                0x00119584       0x4c obj/spiffs_hydrogen.o
                0x00119584                SPIFFS_check
 .text.SPIFFS_info
                0x001195d0       0x58 obj/spiffs_hydrogen.o
                0x001195d0                SPIFFS_info
 .text.SPIFFS_gc_quick
                0x00119628       0x3c obj/spiffs_hydrogen.o
                0x00119628                SPIFFS_gc_quick
 .text.SPIFFS_gc
                0x00119664       0x3c obj/spiffs_hydrogen.o
                0x00119664                SPIFFS_gc
 .text.EncodeAddBit
                0x001196a0       0x5c obj/hfops.o
 .text.EncodeFinish
                0x001196fc       0x38 obj/hfops.o
 .text.HfReadADC
                0x00119734       0xf4 obj/hfops.o
                0x00119734                HfReadADC
 .text.HfSimulateTkm
                0x00119828      0x2a4 obj/hfops.o
                0x00119828                HfSimulateTkm
 .text.CodeIso14443aAsTagPar
                0x00119acc      0x108 obj/iso14443a.o
 .text.dist_nt  0x00119bd4       0x50 obj/iso14443a.o
 .text.printHf14aConfig
                0x00119c24      0x134 obj/iso14443a.o
                0x00119c24                printHf14aConfig
 .text.setHf14aConfig
                0x00119d58       0x58 obj/iso14443a.o
                0x00119d58                setHf14aConfig
 .text.getHf14aConfig
                0x00119db0        0x8 obj/iso14443a.o
                0x00119db0                getHf14aConfig
 .text.iso14a_set_timeout
                0x00119db8        0xc obj/iso14443a.o
                0x00119db8                iso14a_set_timeout
 .text.iso14a_get_timeout
                0x00119dc4        0xc obj/iso14443a.o
                0x00119dc4                iso14a_get_timeout
 .text.GetParity
                0x00119dd0       0x54 obj/iso14443a.o
                0x00119dd0                GetParity
 .text.GetUart14a
                0x00119e24        0x8 obj/iso14443a.o
                0x00119e24                GetUart14a
 .text.Uart14aReset
                0x00119e2c       0x20 obj/iso14443a.o
                0x00119e2c                Uart14aReset
 .text.Demod14aReset
                0x00119e4c       0x24 obj/iso14443a.o
                0x00119e4c                Demod14aReset
 .text.GetIso14443aAnswerFromTag
                0x00119e70       0xd8 obj/iso14443a.o
 .text.GetIso14443aCommandFromReader
                0x00119f48       0xb8 obj/iso14443a.o
                0x00119f48                GetIso14443aCommandFromReader
 .text.prepare_tag_modulation
                0x0011a000       0xcc obj/iso14443a.o
                0x0011a000                prepare_tag_modulation
 .text.prepare_allocated_tag_modulation
                0x0011a0cc       0x3e obj/iso14443a.o
                0x0011a0cc                prepare_allocated_tag_modulation
 *fill*         0x0011a10a        0x2 
 .text.SimulateIso14443aInit
                0x0011a10c      0x4ac obj/iso14443a.o
                0x0011a10c                SimulateIso14443aInit
 .text.EmGetCmd
                0x0011a5b8      0x130 obj/iso14443a.o
                0x0011a5b8                EmGetCmd
 .text.EmSendCmd14443aRaw
                0x0011a6e8      0x10c obj/iso14443a.o
                0x0011a6e8                EmSendCmd14443aRaw
 .text.EmLogTrace
                0x0011a7f4       0x64 obj/iso14443a.o
                0x0011a7f4                EmLogTrace
 .text.EmSend4bit
                0x0011a858      0x124 obj/iso14443a.o
                0x0011a858                EmSend4bit
 .text.EmSendCmdParEx
                0x0011a97c       0x7c obj/iso14443a.o
                0x0011a97c                EmSendCmdParEx
 .text.EmSendCmdPar
                0x0011a9f8        0xe obj/iso14443a.o
                0x0011a9f8                EmSendCmdPar
 .text.EmSendCmdEx
                0x0011aa06       0x34 obj/iso14443a.o
                0x0011aa06                EmSendCmdEx
 .text.EmSendCmd
                0x0011aa3a        0xe obj/iso14443a.o
                0x0011aa3a                EmSendCmd
 .text.EmSendPrecompiledCmd
                0x0011aa48       0xdc obj/iso14443a.o
                0x0011aa48                EmSendPrecompiledCmd
 .text.GetIso14443aAnswerFromTag_Thinfilm
                0x0011ab24      0x2a0 obj/iso14443a.o
                0x0011ab24                GetIso14443aAnswerFromTag_Thinfilm
 .text.ReaderTransmitBitsPar
                0x0011adc4      0x2ec obj/iso14443a.o
                0x0011adc4                ReaderTransmitBitsPar
 .text.ReaderTransmitPar
                0x0011b0b0       0x10 obj/iso14443a.o
                0x0011b0b0                ReaderTransmitPar
 .text.ReaderTransmit
                0x0011b0c0       0x36 obj/iso14443a.o
                0x0011b0c0                ReaderTransmit
 *fill*         0x0011b0f6        0x2 
 .text.ReaderReceive
                0x0011b0f8       0x44 obj/iso14443a.o
                0x0011b0f8                ReaderReceive
 .text.GetATQA  0x0011b13c       0xe0 obj/iso14443a.o
 .text.iso14443a_select_cardEx
                0x0011b21c      0x644 obj/iso14443a.o
                0x0011b21c                iso14443a_select_cardEx
 .text.iso14443a_select_card
                0x0011b860       0x20 obj/iso14443a.o
                0x0011b860                iso14443a_select_card
 .text.iso14443a_fast_select_card
                0x0011b880       0xdc obj/iso14443a.o
                0x0011b880                iso14443a_fast_select_card
 .text.iso14443a_setup
                0x0011b95c       0x74 obj/iso14443a.o
                0x0011b95c                iso14443a_setup
 .text.SimulateIso14443aTag
                0x0011b9d0      0xa18 obj/iso14443a.o
                0x0011b9d0                SimulateIso14443aTag
 .text.iso14443a_antifuzz
                0x0011c3e8      0x170 obj/iso14443a.o
                0x0011c3e8                iso14443a_antifuzz
 .text.iso14_apdu
                0x0011c558      0x15c obj/iso14443a.o
                0x0011c558                iso14_apdu
 .text.ReaderIso14443a
                0x0011c6b4      0x2d8 obj/iso14443a.o
                0x0011c6b4                ReaderIso14443a
 .text.ReaderMifare
                0x0011c98c      0x50c obj/iso14443a.o
                0x0011c98c                ReaderMifare
 .text.DetectNACKbug
                0x0011ce98      0x3f0 obj/iso14443a.o
                0x0011ce98                DetectNACKbug
 .text.mf_crypto1_decryptEx
                0x0011d288       0xa0 obj/mifareutil.o
                0x0011d288                mf_crypto1_decryptEx
 .text.mf_crypto1_encryptEx
                0x0011d328       0x80 obj/mifareutil.o
                0x0011d328                mf_crypto1_encryptEx
 .text.mf_crypto1_encrypt
                0x0011d3a8       0x14 obj/mifareutil.o
                0x0011d3a8                mf_crypto1_encrypt
 .text.mf_crypto1_encrypt4bit
                0x0011d3bc       0x72 obj/mifareutil.o
                0x0011d3bc                mf_crypto1_encrypt4bit
 *fill*         0x0011d42e        0x2 
 .text.mifare_sendcmd
                0x0011d430       0x80 obj/mifareutil.o
                0x0011d430                mifare_sendcmd
 .text.mifare_sendcmd_short
                0x0011d4b0      0x174 obj/mifareutil.o
                0x0011d4b0                mifare_sendcmd_short
 .text.mifare_ultra_readblockEx
                0x0011d624       0xd0 obj/mifareutil.o
 .text.mifare_classic_authex_2
                0x0011d6f4      0x248 obj/mifareutil.o
                0x0011d6f4                mifare_classic_authex_2
 .text.mifare_classic_authex
                0x0011d93c       0x28 obj/mifareutil.o
                0x0011d93c                mifare_classic_authex
 .text.mifare_classic_auth
                0x0011d964       0x22 obj/mifareutil.o
                0x0011d964                mifare_classic_auth
 *fill*         0x0011d986        0x2 
 .text.mifare_classic_readblock_ex
                0x0011d988       0xe4 obj/mifareutil.o
                0x0011d988                mifare_classic_readblock_ex
 .text.mifare_classic_readblock
                0x0011da6c       0x10 obj/mifareutil.o
                0x0011da6c                mifare_classic_readblock
 .text.mifare_ul_ev1_auth
                0x0011da7c       0xa0 obj/mifareutil.o
                0x0011da7c                mifare_ul_ev1_auth
 .text.mifare_ultra_auth
                0x0011db1c      0x2b4 obj/mifareutil.o
                0x0011db1c                mifare_ultra_auth
 .text.mifare_ultra_readblock
                0x0011ddd0       0x28 obj/mifareutil.o
                0x0011ddd0                mifare_ultra_readblock
 .text.mifare_classic_writeblock_ex
                0x0011ddf8      0x1b0 obj/mifareutil.o
                0x0011ddf8                mifare_classic_writeblock_ex
 .text.mifare_classic_writeblock
                0x0011dfa8       0x10 obj/mifareutil.o
                0x0011dfa8                mifare_classic_writeblock
 .text.mifare_classic_write_cfg_block_gdm
                0x0011dfb8      0x180 obj/mifareutil.o
                0x0011dfb8                mifare_classic_write_cfg_block_gdm
 .text.mifare_classic_value
                0x0011e138      0x1a0 obj/mifareutil.o
                0x0011e138                mifare_classic_value
 .text.mifare_ultra_writeblock_compat
                0x0011e2d8       0xc0 obj/mifareutil.o
                0x0011e2d8                mifare_ultra_writeblock_compat
 .text.mifare_ultra_writeblock
                0x0011e398       0x84 obj/mifareutil.o
                0x0011e398                mifare_ultra_writeblock
 .text.mifare_classic_halt_ex
                0x0011e41c       0x48 obj/mifareutil.o
                0x0011e41c                mifare_classic_halt_ex
 .text.mifare_classic_halt
                0x0011e464        0xc obj/mifareutil.o
                0x0011e464                mifare_classic_halt
 .text.mifare_ultra_halt
                0x0011e470       0x44 obj/mifareutil.o
                0x0011e470                mifare_ultra_halt
 .text.NumBlocksPerSector
                0x0011e4b4        0xc obj/mifareutil.o
                0x0011e4b4                NumBlocksPerSector
 .text.FirstBlockOfSector
                0x0011e4c0       0x10 obj/mifareutil.o
                0x0011e4c0                FirstBlockOfSector
 .text.emlSetMem_xt
                0x0011e4d0       0x22 obj/mifareutil.o
                0x0011e4d0                emlSetMem_xt
 .text.emlSetMem
                0x0011e4f2        0xe obj/mifareutil.o
                0x0011e4f2                emlSetMem
 .text.emlGetMem
                0x0011e500       0x1e obj/mifareutil.o
                0x0011e500                emlGetMem
 .text.emlGetMemBt
                0x0011e51e       0x1c obj/mifareutil.o
                0x0011e51e                emlGetMemBt
 .text.emlCheckValBl
                0x0011e53a       0x86 obj/mifareutil.o
                0x0011e53a                emlCheckValBl
 .text.emlGetValBl
                0x0011e5c0       0x36 obj/mifareutil.o
                0x0011e5c0                emlGetValBl
 .text.emlSetValBl
                0x0011e5f6       0x4c obj/mifareutil.o
                0x0011e5f6                emlSetValBl
 .text.emlGetKey
                0x0011e642       0x4a obj/mifareutil.o
                0x0011e642                emlGetKey
 .text.emlClearMem
                0x0011e68c       0x64 obj/mifareutil.o
                0x0011e68c                emlClearMem
 .text.SectorTrailer
                0x0011e6f0       0x30 obj/mifareutil.o
                0x0011e6f0                SectorTrailer
 .text.IsSectorTrailer
                0x0011e720       0x14 obj/mifareutil.o
                0x0011e720                IsSectorTrailer
 .text.chkKey   0x0011e734       0x48 obj/mifarecmd.o
 .text.chkKey_scanB.constprop.0
                0x0011e77c       0x80 obj/mifarecmd.o
 .text.chkKey_loopBonly.constprop.0
                0x0011e7fc      0x148 obj/mifarecmd.o
 .text.chkKey_scanA.constprop.0
                0x0011e944       0x80 obj/mifarecmd.o
 .text.MifareReadBlock
                0x0011e9c4      0x140 obj/mifarecmd.o
                0x0011e9c4                MifareReadBlock
 .text.MifareUC_Auth
                0x0011eb04       0xc4 obj/mifarecmd.o
                0x0011eb04                MifareUC_Auth
 .text.MifareUReadBlock
                0x0011ebc8      0x124 obj/mifarecmd.o
                0x0011ebc8                MifareUReadBlock
 .text.MifareReadConfigBlockGDM
                0x0011ecec       0xdc obj/mifarecmd.o
                0x0011ecec                MifareReadConfigBlockGDM
 .text.MifareReadSector
                0x0011edc8      0x188 obj/mifarecmd.o
                0x0011edc8                MifareReadSector
 .text.MifareUReadCard
                0x0011ef50      0x188 obj/mifarecmd.o
                0x0011ef50                MifareUReadCard
 .text.MifareWriteBlock
                0x0011f0d8      0x154 obj/mifarecmd.o
                0x0011f0d8                MifareWriteBlock
 .text.MifareWriteBlockGDM
                0x0011f22c       0xe8 obj/mifarecmd.o
                0x0011f22c                MifareWriteBlockGDM
 .text.MifareWriteConfigBlockGDM
                0x0011f314       0xd4 obj/mifarecmd.o
                0x0011f314                MifareWriteConfigBlockGDM
 .text.MifareValue
                0x0011f3e8      0x1f0 obj/mifarecmd.o
                0x0011f3e8                MifareValue
 .text.MifareUWriteBlock
                0x0011f5d8      0x130 obj/mifarecmd.o
                0x0011f5d8                MifareUWriteBlock
 .text.MifareUWriteBlockCompat
                0x0011f708      0x13c obj/mifarecmd.o
                0x0011f708                MifareUWriteBlockCompat
 .text.MifareUSetPwd
                0x0011f844      0x1a4 obj/mifarecmd.o
                0x0011f844                MifareUSetPwd
 .text.MifareAcquireNonces
                0x0011f9e8      0x230 obj/mifarecmd.o
                0x0011f9e8                MifareAcquireNonces
 .text.MifareAcquireEncryptedNonces
                0x0011fc18      0x35c obj/mifarecmd.o
                0x0011fc18                MifareAcquireEncryptedNonces
 .text.MifareNested
                0x0011ff74      0x628 obj/mifarecmd.o
                0x0011ff74                MifareNested
 .text.MifareStaticNested
                0x0012059c      0x27c obj/mifarecmd.o
                0x0012059c                MifareStaticNested
 .text.MifareChkKeys
                0x00120818      0x1ac obj/mifarecmd.o
                0x00120818                MifareChkKeys
 .text.MifareChkKeys_file
                0x001209c4       0x52 obj/mifarecmd.o
                0x001209c4                MifareChkKeys_file
 *fill*         0x00120a16        0x2 
 .text.MifarePersonalizeUID
                0x00120a18      0x118 obj/mifarecmd.o
                0x00120a18                MifarePersonalizeUID
 .text.MifareEMemClr
                0x00120b30       0x12 obj/mifarecmd.o
                0x00120b30                MifareEMemClr
 .text.MifareEMemSet
                0x00120b42       0x28 obj/mifarecmd.o
                0x00120b42                MifareEMemSet
 *fill*         0x00120b6a        0x2 
 .text.MifareEMemGet
                0x00120b6c       0x64 obj/mifarecmd.o
                0x00120b6c                MifareEMemGet
 .text.MifareECardLoad
                0x00120bd0      0x1f4 obj/mifarecmd.o
                0x00120bd0                MifareECardLoad
 .text.MifareChkKeys_fast
                0x00120dc4      0x680 obj/mifarecmd.o
                0x00120dc4                MifareChkKeys_fast
 .text.MifareECardLoadExt
                0x00121444       0x24 obj/mifarecmd.o
                0x00121444                MifareECardLoadExt
 .text.OnSuccessMagic
                0x00121468       0x1a obj/mifarecmd.o
                0x00121468                OnSuccessMagic
 *fill*         0x00121482        0x2 
 .text.MifareCIdent
                0x00121484      0x374 obj/mifarecmd.o
                0x00121484                MifareCIdent
 .text.MifareHasStaticNonce
                0x001217f8      0x12c obj/mifarecmd.o
                0x001217f8                MifareHasStaticNonce
 .text.OnErrorMagic
                0x00121924       0x2e obj/mifarecmd.o
                0x00121924                OnErrorMagic
 *fill*         0x00121952        0x2 
 .text.MifareCSetBlock
                0x00121954      0x2a4 obj/mifarecmd.o
                0x00121954                MifareCSetBlock
 .text.MifareCGetBlock
                0x00121bf8      0x198 obj/mifarecmd.o
                0x00121bf8                MifareCGetBlock
 .text.DoGen3Cmd
                0x00121d90       0xa0 obj/mifarecmd.o
                0x00121d90                DoGen3Cmd
 .text.MifareGen3UID
                0x00121e30       0xc8 obj/mifarecmd.o
                0x00121e30                MifareGen3UID
 .text.MifareGen3Blk
                0x00121ef8      0x140 obj/mifarecmd.o
                0x00121ef8                MifareGen3Blk
 .text.MifareGen3Freez
                0x00122038       0x68 obj/mifarecmd.o
                0x00122038                MifareGen3Freez
 .text.MifareG4ReadBlk
                0x001220a0      0x14c obj/mifarecmd.o
                0x001220a0                MifareG4ReadBlk
 .text.MifareG4WriteBlk
                0x001221ec      0x184 obj/mifarecmd.o
                0x001221ec                MifareG4WriteBlk
 .text.MifareSetMod
                0x00122370      0x168 obj/mifarecmd.o
                0x00122370                MifareSetMod
 .text.MifareU_Otp_Tearoff
                0x001224d8       0xec obj/mifarecmd.o
                0x001224d8                MifareU_Otp_Tearoff
 .text.MifareU_Counter_Tearoff
                0x001225c4       0xd4 obj/mifarecmd.o
                0x001225c4                MifareU_Counter_Tearoff
 .text.EPA_APDU
                0x00122698       0x38 obj/epa.o
 .text.EPA_Finish
                0x001226d0       0x20 obj/epa.o
                0x001226d0                EPA_Finish
 .text.EPA_PACE_Collect_Nonce_Abort
                0x001226f0       0x34 obj/epa.o
 .text.EPA_Parse_CardAccess
                0x00122724       0xbc obj/epa.o
                0x00122724                EPA_Parse_CardAccess
 .text.EPA_Read_CardAccess
                0x001227e0       0x98 obj/epa.o
                0x001227e0                EPA_Read_CardAccess
 .text.EPA_PACE_Get_Nonce
                0x00122878       0x74 obj/epa.o
                0x00122878                EPA_PACE_Get_Nonce
 .text.EPA_PACE_MSE_Set_AT
                0x001228ec       0x78 obj/epa.o
                0x001228ec                EPA_PACE_MSE_Set_AT
 .text.EPA_Setup
                0x00122964       0xac obj/epa.o
                0x00122964                EPA_Setup
 .text.EPA_PACE_Collect_Nonce
                0x00122a10       0xbc obj/epa.o
                0x00122a10                EPA_PACE_Collect_Nonce
 .text.EPA_PACE_Replay
                0x00122acc      0x160 obj/epa.o
                0x00122acc                EPA_PACE_Replay
 .text.EPA_PACE_Simulate
                0x00122c2c       0x84 obj/epa.o
                0x00122c2c                EPA_PACE_Simulate
 .text.IsAccessAllowed
                0x00122cb0      0x28c obj/mifaresim.o
 .text.Mifare1ksim
                0x00122f3c     0x1a6c obj/mifaresim.o
                0x00122f3c                Mifare1ksim
 .text.Uart14bReset
                0x001249a8       0x1c obj/iso14443b.o
 .text.Demod14bReset
                0x001249c4       0x1c obj/iso14443b.o
 .text.iso14b_set_timeout
                0x001249e0       0x34 obj/iso14443b.o
 .text.CodeIso14443bAsTag
                0x00124a14      0x118 obj/iso14443b.o
 .text.TransmitFor14443b_AsTag
                0x00124b2c       0x4c obj/iso14443b.o
 .text.CodeAndTransmit14443bAsReader
                0x00124b78      0x254 obj/iso14443b.o
 .text.Get14443bAnswerFromTag
                0x00124dcc      0x1a4 obj/iso14443b.o
 .text.iso14443b_select_srx_card
                0x00124f70      0x178 obj/iso14443b.o
 .text.SimulateIso14443bTag
                0x001250e8      0x330 obj/iso14443b.o
                0x001250e8                SimulateIso14443bTag
 .text.iso14443b_apdu
                0x00125418      0x190 obj/iso14443b.o
                0x00125418                iso14443b_apdu
 .text.iso14443b_select_xrx_card
                0x001255a8      0x2c0 obj/iso14443b.o
                0x001255a8                iso14443b_select_xrx_card
 .text.iso14443b_select_card
                0x00125868      0x1b0 obj/iso14443b.o
                0x00125868                iso14443b_select_card
 .text.iso14443b_setup
                0x00125a18       0x84 obj/iso14443b.o
                0x00125a18                iso14443b_setup
 .text.ReadSTBlock
                0x00125a9c      0x11c obj/iso14443b.o
                0x00125a9c                ReadSTBlock
 .text.SniffIso14443b
                0x00125bb8      0x360 obj/iso14443b.o
                0x00125bb8                SniffIso14443b
 .text.SendRawCommand14443B_Ex
                0x00125f18      0x43c obj/iso14443b.o
                0x00125f18                SendRawCommand14443B_Ex
 .text.filter   0x00126354       0x6c obj/crypto1.o
                0x00126354                filter
 .text.crypto1_init
                0x001263c0       0x4a obj/crypto1.o
                0x001263c0                crypto1_init
 .text.crypto1_deinit
                0x0012640a        0x8 obj/crypto1.o
                0x0012640a                crypto1_deinit
 *fill*         0x00126412        0x2 
 .text.crypto1_bit
                0x00126414       0x4c obj/crypto1.o
                0x00126414                crypto1_bit
 .text.crypto1_byte
                0x00126460       0xb4 obj/crypto1.o
                0x00126460                crypto1_byte
 .text.crypto1_word
                0x00126514      0x264 obj/crypto1.o
                0x00126514                crypto1_word
 .text.prng_successor
                0x00126778       0x4c obj/crypto1.o
                0x00126778                prng_successor
 .text.mbedtls_des_setkey
                0x001267c4      0x2fc obj/des.o
                0x001267c4                mbedtls_des_setkey
 .text.des3_set2key
                0x00126ac0       0x88 obj/des.o
 .text.des3_set3key
                0x00126b48       0x6e obj/des.o
 .text.mbedtls_des_setkey_enc
                0x00126bb6        0xe obj/des.o
                0x00126bb6                mbedtls_des_setkey_enc
 .text.mbedtls_des_setkey_dec
                0x00126bc4       0x32 obj/des.o
                0x00126bc4                mbedtls_des_setkey_dec
 .text.mbedtls_des3_set2key_enc
                0x00126bf6       0x1e obj/des.o
                0x00126bf6                mbedtls_des3_set2key_enc
 .text.mbedtls_des3_set2key_dec
                0x00126c14       0x20 obj/des.o
                0x00126c14                mbedtls_des3_set2key_dec
 .text.mbedtls_des3_set3key_enc
                0x00126c34       0x1e obj/des.o
                0x00126c34                mbedtls_des3_set3key_enc
 .text.mbedtls_des3_set3key_dec
                0x00126c52       0x20 obj/des.o
                0x00126c52                mbedtls_des3_set3key_dec
 *fill*         0x00126c72        0x2 
 .text.mbedtls_des_crypt_ecb
                0x00126c74      0x238 obj/des.o
                0x00126c74                mbedtls_des_crypt_ecb
 .text.mbedtls_des3_crypt_ecb
                0x00126eac      0x480 obj/des.o
                0x00126eac                mbedtls_des3_crypt_ecb
 .text.des_decrypt
                0x0012732c       0x24 obj/desfire_crypto.o
                0x0012732c                des_decrypt
 .text.tdes_nxp_receive
                0x00127350       0x74 obj/desfire_crypto.o
                0x00127350                tdes_nxp_receive
 .text.tdes_nxp_send
                0x001273c4       0x6c obj/desfire_crypto.o
                0x001273c4                tdes_nxp_send
 .text.Desfire_des_key_new_with_version
                0x00127430       0x28 obj/desfire_crypto.o
                0x00127430                Desfire_des_key_new_with_version
 .text.Desfire_des_key_new
                0x00127458       0x30 obj/desfire_crypto.o
                0x00127458                Desfire_des_key_new
 .text.Desfire_3des_key_new_with_version
                0x00127488       0x1c obj/desfire_crypto.o
                0x00127488                Desfire_3des_key_new_with_version
 .text.Desfire_3k3des_key_new_with_version
                0x001274a4       0x1c obj/desfire_crypto.o
                0x001274a4                Desfire_3k3des_key_new_with_version
 .text.Desfire_3k3des_key_new
                0x001274c0       0x34 obj/desfire_crypto.o
                0x001274c0                Desfire_3k3des_key_new
 .text.Desfire_aes_key_new_with_version
                0x001274f4       0x22 obj/desfire_crypto.o
                0x001274f4                Desfire_aes_key_new_with_version
 .text.Desfire_aes_key_new
                0x00127516       0x10 obj/desfire_crypto.o
                0x00127516                Desfire_aes_key_new
 .text.Desfire_session_key_new
                0x00127526       0xe2 obj/desfire_crypto.o
                0x00127526                Desfire_session_key_new
 .text.CreateAPDU
                0x00127608       0x88 obj/mifaredesfire.o
                0x00127608                CreateAPDU
 .text.DesfireAPDU
                0x00127690       0xb4 obj/mifaredesfire.o
                0x00127690                DesfireAPDU
 .text.OnSuccess
                0x00127744       0x40 obj/mifaredesfire.o
                0x00127744                OnSuccess
 .text.MifareDesfireGetInformation
                0x00127784      0x1e4 obj/mifaredesfire.o
                0x00127784                MifareDesfireGetInformation
 .text.OnError  0x00127968       0x2e obj/mifaredesfire.o
                0x00127968                OnError
 *fill*         0x00127996        0x2 
 .text.InitDesfireCard
                0x00127998       0x58 obj/mifaredesfire.o
                0x00127998                InitDesfireCard
 .text.MifareSendCommand
                0x001279f0       0xd4 obj/mifaredesfire.o
                0x001279f0                MifareSendCommand
 .text.OnErrorNG
                0x00127ac4       0x14 obj/mifaredesfire.o
                0x00127ac4                OnErrorNG
 .text.MifareDES_Auth1
                0x00127ad8      0x64c obj/mifaredesfire.o
                0x00127ad8                MifareDES_Auth1
 .text.mbedtls_aes_init
                0x00128124       0x12 obj/aes.o
                0x00128124                mbedtls_aes_init
 *fill*         0x00128136        0x2 
 .text.mbedtls_aes_setkey_enc
                0x00128138      0x1a4 obj/aes.o
                0x00128138                mbedtls_aes_setkey_enc
 .text.mbedtls_aes_setkey_dec
                0x001282dc      0x110 obj/aes.o
                0x001282dc                mbedtls_aes_setkey_dec
 .text.mbedtls_internal_aes_encrypt
                0x001283ec      0x454 obj/aes.o
                0x001283ec                mbedtls_internal_aes_encrypt
 .text.mbedtls_internal_aes_decrypt
                0x00128840      0x450 obj/aes.o
                0x00128840                mbedtls_internal_aes_decrypt
 .text.mbedtls_aes_crypt_ecb
                0x00128c90       0x1c obj/aes.o
                0x00128c90                mbedtls_aes_crypt_ecb
 .text.mbedtls_aes_crypt_cbc
                0x00128cac       0xa6 obj/aes.o
                0x00128cac                mbedtls_aes_crypt_cbc
 .text.mbedtls_platform_zeroize
                0x00128d52       0x14 obj/platform_util.o
                0x00128d52                mbedtls_platform_zeroize
 .text.rotateCSN
                0x00128d66       0x24 obj/iclass.o
 .text.CodeIClassTagSOF
                0x00128d8a       0x22 obj/iclass.o
 .text.iclass_send_as_reader
                0x00128dac       0x54 obj/iclass.o
 .text.iclass_send_cmd_with_retries
                0x00128e00       0x84 obj/iclass.o
 .text.select_iclass_tag_ex.constprop.0
                0x00128e84      0x284 obj/iclass.o
 .text.SniffIClass
                0x00129108        0xe obj/iclass.o
                0x00129108                SniffIClass
 *fill*         0x00129116        0x2 
 .text.do_iclass_simulation
                0x00129118      0x8d4 obj/iclass.o
                0x00129118                do_iclass_simulation
 .text.do_iclass_simulation_nonsec
                0x001299ec      0x454 obj/iclass.o
                0x001299ec                do_iclass_simulation_nonsec
 .text.iclass_simulate
                0x00129e40      0x1d8 obj/iclass.o
                0x00129e40                iclass_simulate
 .text.SimulateIClass
                0x0012a018       0x1e obj/iclass.o
                0x0012a018                SimulateIClass
 .text.select_iclass_tag
                0x0012a036       0x1c obj/iclass.o
                0x0012a036                select_iclass_tag
 .text.ReaderIClass
                0x0012a052       0x8e obj/iclass.o
                0x0012a052                ReaderIClass
 .text.authenticate_iclass_tag
                0x0012a0e0       0xda obj/iclass.o
                0x0012a0e0                authenticate_iclass_tag
 *fill*         0x0012a1ba        0x2 
 .text.iClass_Authentication_fast
                0x0012a1bc      0x170 obj/iclass.o
                0x0012a1bc                iClass_Authentication_fast
 .text.iClass_ReadBlock
                0x0012a32c      0x120 obj/iclass.o
                0x0012a32c                iClass_ReadBlock
 .text.iClass_Dump
                0x0012a44c      0x1a4 obj/iclass.o
                0x0012a44c                iClass_Dump
 .text.iClass_WriteBlock
                0x0012a5f0      0x214 obj/iclass.o
                0x0012a5f0                iClass_WriteBlock
 .text.iClass_Restore
                0x0012a804      0x240 obj/iclass.o
                0x0012a804                iClass_Restore
 .text.tailBit  0x0012aa44       0x20 obj/optimized_cipherutils.o
                0x0012aa44                tailBit
 .text.pushBit  0x0012aa64       0x26 obj/optimized_cipherutils.o
                0x0012aa64                pushBit
 .text.push6bits
                0x0012aa8a       0x48 obj/optimized_cipherutils.o
                0x0012aa8a                push6bits
 .text.bitsLeft
                0x0012aad2        0x8 obj/optimized_cipherutils.o
                0x0012aad2                bitsLeft
 .text.x_bytes_to_num
                0x0012aada       0x24 obj/optimized_cipherutils.o
                0x0012aada                x_bytes_to_num
 .text.reversebytes
                0x0012aafe       0x2a obj/optimized_cipherutils.o
                0x0012aafe                reversebytes
 .text.reverse_arraycopy
                0x0012ab28       0x20 obj/optimized_cipherutils.o
                0x0012ab28                reverse_arraycopy
 .text.pushbackSixBitByte
                0x0012ab48       0x3c obj/optimized_ikeys.o
 .text.ck.constprop.0
                0x0012ab84       0x9c obj/optimized_ikeys.o
 .text.hash0    0x0012ac20      0x224 obj/optimized_ikeys.o
                0x0012ac20                hash0
 .text.diversifyKey
                0x0012ae44       0x38 obj/optimized_ikeys.o
                0x0012ae44                diversifyKey
 .text.permutekey_rev
                0x0012ae7c       0x66 obj/optimized_elite.o
                0x0012ae7c                permutekey_rev
 *fill*         0x0012aee2        0x2 
 .text.desdecrypt_iclass
                0x0012aee4       0x30 obj/optimized_elite.o
 .text.desencrypt_iclass
                0x0012af14       0x30 obj/optimized_elite.o
 .text.hash1    0x0012af44      0x110 obj/optimized_elite.o
                0x0012af44                hash1
 .text.hash2    0x0012b054       0xd2 obj/optimized_elite.o
                0x0012b054                hash2
 *fill*         0x0012b126        0x2 
 .text.opt_successor
                0x0012b128       0x90 obj/optimized_cipher.o
 .text.opt_suc  0x0012b1b8       0x9c obj/optimized_cipher.o
 .text.opt_output
                0x0012b254       0xbc obj/optimized_cipher.o
 .text.opt_doReaderMAC
                0x0012b310       0x60 obj/optimized_cipher.o
                0x0012b310                opt_doReaderMAC
 .text.doMAC_N  0x0012b370       0x64 obj/optimized_cipher.o
                0x0012b370                doMAC_N
 .text.opt_doTagMAC_1
                0x0012b3d4       0x44 obj/optimized_cipher.o
                0x0012b3d4                opt_doTagMAC_1
 .text.opt_doTagMAC_2
                0x0012b418       0x26 obj/optimized_cipher.o
                0x0012b418                opt_doTagMAC_2
 .text.iclass_calc_div_key
                0x0012b43e       0x6a obj/optimized_cipher.o
                0x0012b43e                iclass_calc_div_key
 .text.crc_clear
                0x0012b4a8       0x20 obj/crc.o
                0x0012b4a8                crc_clear
 .text.crc_init
                0x0012b4c8       0x2a obj/crc.o
                0x0012b4c8                crc_init
 .text.crc_init_ref
                0x0012b4f2       0x26 obj/crc.o
                0x0012b4f2                crc_init_ref
 .text.crc_update2
                0x0012b518       0x3e obj/crc.o
                0x0012b518                crc_update2
 .text.crc_update
                0x0012b556       0x3a obj/crc.o
                0x0012b556                crc_update
 .text.crc_finish
                0x0012b590       0x20 obj/crc.o
                0x0012b590                crc_finish
 .text.CRC8Legic
                0x0012b5b0       0x48 obj/crc.o
                0x0012b5b0                CRC8Legic
 .text.CRC8Hitag1Bits
                0x0012b5f8       0x70 obj/crc.o
                0x0012b5f8                CRC8Hitag1Bits
 .text.generate_table
                0x0012b668       0x6c obj/crc16.o
                0x0012b668                generate_table
 .text.reset_table
                0x0012b6d4       0x2c obj/crc16.o
                0x0012b6d4                reset_table
 .text.init_table
                0x0012b700       0x6c obj/crc16.o
                0x0012b700                init_table
 .text.crc16_fast
                0x0012b76c       0x74 obj/crc16.o
                0x0012b76c                crc16_fast
 .text.update_crc16_ex
                0x0012b7e0       0x34 obj/crc16.o
                0x0012b7e0                update_crc16_ex
 .text.update_crc16
                0x0012b814       0x14 obj/crc16.o
                0x0012b814                update_crc16
 .text.crc16_ccitt
                0x0012b828       0x18 obj/crc16.o
                0x0012b828                crc16_ccitt
 .text.crc16_fdxb
                0x0012b840       0x14 obj/crc16.o
                0x0012b840                crc16_fdxb
 .text.crc16_kermit
                0x0012b854       0x12 obj/crc16.o
                0x0012b854                crc16_kermit
 .text.crc16_xmodem
                0x0012b866       0x12 obj/crc16.o
                0x0012b866                crc16_xmodem
 .text.crc16_x25
                0x0012b878       0x1c obj/crc16.o
                0x0012b878                crc16_x25
 .text.crc16_a  0x0012b894       0x18 obj/crc16.o
                0x0012b894                crc16_a
 .text.crc16_iclass
                0x0012b8ac       0x18 obj/crc16.o
                0x0012b8ac                crc16_iclass
 .text.compute_crc
                0x0012b8c4       0x80 obj/crc16.o
                0x0012b8c4                compute_crc
 .text.check_crc
                0x0012b944       0x80 obj/crc16.o
                0x0012b944                check_crc
 .text.FelicaFrameReset
                0x0012b9c4       0x14 obj/felica.o
 .text.shiftInByte
                0x0012b9d8       0x68 obj/felica.o
 .text.iso18092_setup
                0x0012ba40       0xa4 obj/felica.o
 .text.Process18092Byte
                0x0012bae4      0x120 obj/felica.o
 .text.TransmitFor18092_AsReader.constprop.0
                0x0012bc04      0x100 obj/felica.o
 .text.WaitForFelicaReply.constprop.0
                0x0012bd04      0x110 obj/felica.o
 .text.felica_sendraw
                0x0012be14      0x2c4 obj/felica.o
                0x0012be14                felica_sendraw
 .text.felica_sniff
                0x0012c0d8      0x178 obj/felica.o
                0x0012c0d8                felica_sniff
 .text.felica_sim_lite
                0x0012c250      0x254 obj/felica.o
                0x0012c250                felica_sim_lite
 .text.felica_dump_lite_s
                0x0012c4a4      0x1d8 obj/felica.o
                0x0012c4a4                felica_dump_lite_s
 .text.ModInfo  0x0012c67c       0x14 obj/lf_samyrun.o
                0x0012c67c                ModInfo
 .text.RunMod   0x0012c690      0x1f4 obj/lf_samyrun.o
                0x0012c690                RunMod
 .text.zx8211_setup_read
                0x0012c884       0x64 obj/lfzx.o
 .text.zx8211_read
                0x0012c8e8       0xa4 obj/lfzx.o
                0x0012c8e8                zx8211_read
 .text.zx8211_write
                0x0012c98c       0x1a obj/lfzx.o
                0x0012c98c                zx8211_write
 *fill*         0x0012c9a6        0x2 
 .text.print_debug_level
                0x0012c9a8       0x68 obj/appmain.o
 .text.tearoff_hook
                0x0012ca10       0x50 obj/appmain.o
                0x0012ca10                tearoff_hook
 .text.hf_field_off
                0x0012ca60       0x20 obj/appmain.o
                0x0012ca60                hf_field_off
 .text.send_wtx
                0x0012ca80       0x28 obj/appmain.o
                0x0012ca80                send_wtx
 .text.SumAdc   0x0012caa8       0x54 obj/appmain.o
                0x0012caa8                SumAdc
 .text.AvgAdc   0x0012cafc       0x14 obj/appmain.o
                0x0012cafc                AvgAdc
 .text.print_stack_usage
                0x0012cb10       0x34 obj/appmain.o
                0x0012cb10                print_stack_usage
 .text.ReadMem  0x0012cb44       0x34 obj/appmain.o
                0x0012cb44                ReadMem
 .text.StandAloneMode
                0x0012cb78       0x3c obj/appmain.o
                0x0012cb78                StandAloneMode
 .text.ListenReaderField
                0x0012cbb4      0x358 obj/appmain.o
                0x0012cbb4                ListenReaderField
 .text.AppMain  0x0012cf0c     0x2da8 obj/appmain.o
                0x0012cf0c                AppMain
 .text.kvsprintf
                0x0012fcb4      0x7b8 obj/printf.o
                0x0012fcb4                kvsprintf
 .text.sprintf  0x0013046c       0x1a obj/printf.o
                0x0013046c                sprintf
 .text.DbpStringEx
                0x00130486       0x34 obj/dbprint.o
                0x00130486                DbpStringEx
 .text.DbpString